2026-05-14 19:23:29.681 [info] Python-envs extension version: 1.20.1
2026-05-14 19:23:29.681 [info] 
=== Python Envs Configuration Levels ===
2026-05-14 19:23:29.681 [info] {
  "section": "Python Envs Configuration Levels",
  "defaultEnvManager": {
    "workspaceFolderValue": "undefined",
    "workspaceValue": "undefined",
    "globalValue": "undefined",
    "defaultValue": "ms-python.python:venv"
  },
  "defaultPackageManager": {
    "workspaceFolderValue": "undefined",
    "workspaceValue": "undefined",
    "globalValue": "undefined",
    "defaultValue": "ms-python.python:pip"
  }
}
2026-05-14 19:23:29.681 [info] [pet] Starting Python Locator /home/juan/.antigravity/extensions/ms-python.python-2026.4.0-universal/python-env-tools/bin/pet server
2026-05-14 19:23:29.681 [error] [pet] Process error: A system error occurred (spawn /home/juan/.antigravity/extensions/ms-python.python-2026.4.0-universal/python-env-tools/bin/pet ENOENT)
2026-05-14 19:23:29.681 [warning] [pet] Restarting Python Environment Tools (attempt 1/3, waiting 1000ms)
2026-05-14 19:23:30.581 [info] [pet] Starting Python Locator /home/juan/.antigravity/extensions/ms-python.python-2026.4.0-universal/python-env-tools/bin/pet server
2026-05-14 19:23:30.581 [info] [pet] Python Environment Tools restarted successfully
2026-05-14 19:23:30.583 [info] [pet] configure: Sending configuration update: {"workspaceDirectories":["/home/juan/projects/TermChat"],"environmentDirectories":["/home/juan/projects/TermChat/**/.venv"],"pipenvExecutable":"pipenv","poetryExecutable":"poetry","cacheDirectory":"/home/juan/.config/Antigravity/User/globalStorage/ms-python.vscode-python-envs/pythonLocator"}
2026-05-14 19:23:30.584 [error] [pet] Process error: A system error occurred (spawn /home/juan/.antigravity/extensions/ms-python.python-2026.4.0-universal/python-env-tools/bin/pet ENOENT)
