2026-05-19 08:33:31.925 [info] read schema from vscode: vscode://schemas/settings/user
2026-05-19 08:33:32.269 [info] read schema from vscode: vscode://schemas/settings/resourceLanguage
2026-05-19 08:33:32.280 [info] read schema from vscode: vscode://schemas/launch
2026-05-19 08:33:32.293 [info] read schema from vscode: vscode://schemas/token-styling
2026-05-19 08:33:32.294 [info] read schema from vscode: vscode://schemas/textmate-colors
2026-05-19 08:33:32.295 [info] read schema from vscode: vscode://schemas/workbench-colors
2026-05-19 08:33:33.110 [info] schema change detected vscode://schemas/settings/user
2026-05-19 08:33:33.114 [info] read schema from vscode: vscode://schemas/settings/user
2026-05-19 08:35:53.720 [info] schema change detected vscode://schemas/settings/user
2026-05-19 08:40:26.366 [info] schema change detected vscode://schemas/settings/resourceLanguage
2026-05-19 08:40:26.678 [info] schema change detected vscode://schemas/settings/user
2026-05-19 08:40:28.966 [info] schema change detected vscode://schemas/settings/resourceLanguage
2026-05-19 08:40:29.172 [info] schema change detected vscode://schemas/settings/user
2026-05-19 08:40:29.185 [info] schema change detected vscode://schemas/settings/user
2026-05-19 08:40:29.189 [info] schema change detected vscode://schemas/settings/user
2026-05-19 08:40:29.761 [info] schema change detected vscode://schemas/settings/resourceLanguage
2026-05-19 08:40:29.796 [info] schema change detected vscode://schemas/settings/user
2026-05-19 08:40:30.153 [info] schema change detected vscode://schemas/settings/user
2026-05-19 08:40:31.268 [info] schema change detected vscode://schemas/settings/user
2026-05-19 08:40:31.447 [info] schema change detected vscode://schemas/settings/user
2026-05-19 08:40:31.698 [info] schema change detected vscode://schemas/settings/user
2026-05-19 08:41:02.082 [info] schema change detected vscode://schemas/settings/user
2026-05-19 08:41:02.833 [info] schema change detected vscode://schemas/settings/user
2026-05-19 08:43:50.940 [info] schema change detected vscode://schemas/launch
2026-05-19 09:01:45.488 [info] schema change detected vscode://schemas/settings/user
2026-05-19 09:47:13.242 [info] schema change detected vscode://schemas/settings/user
2026-05-19 09:49:53.415 [info] schema change detected vscode://schemas/settings/user
2026-05-19 09:49:54.428 [info] schema change detected vscode://schemas/settings/user
2026-05-19 09:49:55.161 [info] schema change detected vscode://schemas/settings/user
2026-05-19 10:01:32.922 [info] schema change detected vscode://schemas/settings/user
2026-05-19 10:01:33.975 [info] schema change detected vscode://schemas/settings/user
2026-05-19 10:01:34.712 [info] schema change detected vscode://schemas/settings/user
2026-05-19 10:08:16.992 [info] schema change detected vscode://schemas/settings/user
2026-05-19 10:29:24.868 [info] schema change detected vscode://schemas/settings/user
2026-05-19 11:11:41.864 [info] schema change detected vscode://schemas/settings/user
