[INFO 11:46:56 a.m.] alexdauenhauer.catppuccin-noctis-icons activated
[INFO 11:46:56 a.m.] catppuccin-noctis-icons.hidesExplorerArrows changed, updating to false
[INFO 11:46:56 a.m.] catppuccin-noctis-icons.folders.associations changed, updating to undefined
[INFO 11:46:56 a.m.] catppuccin-noctis-icons.files.associations changed, updating to undefined
[INFO 11:46:56 a.m.] catppuccin-noctis-icons.hidesExplorerArrows changed, updating to false
[INFO 11:46:56 a.m.] catppuccin-noctis-icons.folders.associations changed, updating to undefined
[INFO 11:46:56 a.m.] catppuccin-noctis-icons.files.associations changed, updating to undefined
[INFO 11:46:57 a.m.] catppuccin-noctis-icons.hidesExplorerArrows changed, updating to false
[INFO 11:46:57 a.m.] catppuccin-noctis-icons.folders.associations changed, updating to undefined
[INFO 11:46:57 a.m.] catppuccin-noctis-icons.files.associations changed, updating to undefined
[INFO 11:47:01 a.m.] catppuccin-noctis-icons.hidesExplorerArrows changed, updating to false
[INFO 11:47:01 a.m.] catppuccin-noctis-icons.folders.associations changed, updating to undefined
[INFO 11:47:01 a.m.] catppuccin-noctis-icons.files.associations changed, updating to undefined
[INFO 11:50:58 a.m.] catppuccin-noctis-icons.hidesExplorerArrows changed, updating to false
[INFO 11:50:58 a.m.] catppuccin-noctis-icons.folders.associations changed, updating to undefined
[INFO 11:50:58 a.m.] catppuccin-noctis-icons.files.associations changed, updating to undefined
[INFO 11:50:59 a.m.] catppuccin-noctis-icons.hidesExplorerArrows changed, updating to false
[INFO 11:50:59 a.m.] catppuccin-noctis-icons.folders.associations changed, updating to undefined
[INFO 11:50:59 a.m.] catppuccin-noctis-icons.files.associations changed, updating to undefined
[INFO 11:54:05 a.m.] catppuccin-noctis-icons.hidesExplorerArrows changed, updating to false
[INFO 11:54:05 a.m.] catppuccin-noctis-icons.folders.associations changed, updating to undefined
[INFO 11:54:05 a.m.] catppuccin-noctis-icons.files.associations changed, updating to undefined
[INFO 12:31:49 p.m.] catppuccin-noctis-icons.hidesExplorerArrows changed, updating to false
[INFO 12:31:49 p.m.] catppuccin-noctis-icons.folders.associations changed, updating to undefined
[INFO 12:31:49 p.m.] catppuccin-noctis-icons.files.associations changed, updating to undefined
[INFO 12:47:36 p.m.] catppuccin-noctis-icons.hidesExplorerArrows changed, updating to false
[INFO 12:47:36 p.m.] catppuccin-noctis-icons.folders.associations changed, updating to undefined
[INFO 12:47:36 p.m.] catppuccin-noctis-icons.files.associations changed, updating to undefined
[INFO 12:47:37 p.m.] catppuccin-noctis-icons.hidesExplorerArrows changed, updating to false
[INFO 12:47:37 p.m.] catppuccin-noctis-icons.folders.associations changed, updating to undefined
[INFO 12:47:37 p.m.] catppuccin-noctis-icons.files.associations changed, updating to undefined
[INFO 12:49:17 p.m.] catppuccin-noctis-icons.hidesExplorerArrows changed, updating to false
[INFO 12:49:17 p.m.] catppuccin-noctis-icons.folders.associations changed, updating to undefined
[INFO 12:49:17 p.m.] catppuccin-noctis-icons.files.associations changed, updating to undefined
[INFO 12:49:24 p.m.] catppuccin-noctis-icons.hidesExplorerArrows changed, updating to false
[INFO 12:49:24 p.m.] catppuccin-noctis-icons.folders.associations changed, updating to undefined
[INFO 12:49:24 p.m.] catppuccin-noctis-icons.files.associations changed, updating to undefined
[INFO 12:52:38 p.m.] catppuccin-noctis-icons.hidesExplorerArrows changed, updating to false
[INFO 12:52:38 p.m.] catppuccin-noctis-icons.folders.associations changed, updating to undefined
[INFO 12:52:38 p.m.] catppuccin-noctis-icons.files.associations changed, updating to undefined
[INFO 12:52:39 p.m.] catppuccin-noctis-icons.hidesExplorerArrows changed, updating to false
[INFO 12:52:39 p.m.] catppuccin-noctis-icons.folders.associations changed, updating to undefined
[INFO 12:52:39 p.m.] catppuccin-noctis-icons.files.associations changed, updating to undefined
[INFO 12:52:47 p.m.] catppuccin-noctis-icons.hidesExplorerArrows changed, updating to false
[INFO 12:52:47 p.m.] catppuccin-noctis-icons.folders.associations changed, updating to undefined
[INFO 12:52:47 p.m.] catppuccin-noctis-icons.files.associations changed, updating to undefined
[INFO 12:53:03 p.m.] catppuccin-noctis-icons.hidesExplorerArrows changed, updating to false
[INFO 12:53:03 p.m.] catppuccin-noctis-icons.folders.associations changed, updating to undefined
[INFO 12:53:03 p.m.] catppuccin-noctis-icons.files.associations changed, updating to undefined
[INFO 12:53:04 p.m.] catppuccin-noctis-icons.hidesExplorerArrows changed, updating to false
[INFO 12:53:04 p.m.] catppuccin-noctis-icons.folders.associations changed, updating to undefined
[INFO 12:53:04 p.m.] catppuccin-noctis-icons.files.associations changed, updating to undefined
[INFO 12:53:06 p.m.] catppuccin-noctis-icons.hidesExplorerArrows changed, updating to false
[INFO 12:53:06 p.m.] catppuccin-noctis-icons.folders.associations changed, updating to undefined
[INFO 12:53:06 p.m.] catppuccin-noctis-icons.files.associations changed, updating to undefined
[INFO 12:59:48 p.m.] catppuccin-noctis-icons.hidesExplorerArrows changed, updating to false
[INFO 12:59:48 p.m.] catppuccin-noctis-icons.folders.associations changed, updating to undefined
[INFO 12:59:48 p.m.] catppuccin-noctis-icons.files.associations changed, updating to undefined
[INFO 1:02:08 p.m.] catppuccin-noctis-icons.hidesExplorerArrows changed, updating to false
[INFO 1:02:08 p.m.] catppuccin-noctis-icons.folders.associations changed, updating to undefined
[INFO 1:02:08 p.m.] catppuccin-noctis-icons.files.associations changed, updating to undefined
[INFO 1:02:33 p.m.] catppuccin-noctis-icons.hidesExplorerArrows changed, updating to false
[INFO 1:02:33 p.m.] catppuccin-noctis-icons.folders.associations changed, updating to undefined
[INFO 1:02:33 p.m.] catppuccin-noctis-icons.files.associations changed, updating to undefined
[INFO 1:02:36 p.m.] catppuccin-noctis-icons.hidesExplorerArrows changed, updating to false
[INFO 1:02:36 p.m.] catppuccin-noctis-icons.folders.associations changed, updating to undefined
[INFO 1:02:36 p.m.] catppuccin-noctis-icons.files.associations changed, updating to undefined
[INFO 1:02:37 p.m.] catppuccin-noctis-icons.hidesExplorerArrows changed, updating to false
[INFO 1:02:37 p.m.] catppuccin-noctis-icons.folders.associations changed, updating to undefined
[INFO 1:02:37 p.m.] catppuccin-noctis-icons.files.associations changed, updating to undefined
[INFO 1:04:13 p.m.] catppuccin-noctis-icons.hidesExplorerArrows changed, updating to false
[INFO 1:04:13 p.m.] catppuccin-noctis-icons.folders.associations changed, updating to undefined
[INFO 1:04:13 p.m.] catppuccin-noctis-icons.files.associations changed, updating to undefined
[INFO 1:06:06 p.m.] catppuccin-noctis-icons.hidesExplorerArrows changed, updating to false
[INFO 1:06:06 p.m.] catppuccin-noctis-icons.folders.associations changed, updating to undefined
[INFO 1:06:06 p.m.] catppuccin-noctis-icons.files.associations changed, updating to undefined
[INFO 1:06:11 p.m.] catppuccin-noctis-icons.hidesExplorerArrows changed, updating to false
[INFO 1:06:11 p.m.] catppuccin-noctis-icons.folders.associations changed, updating to undefined
[INFO 1:06:11 p.m.] catppuccin-noctis-icons.files.associations changed, updating to undefined
[INFO 1:06:14 p.m.] catppuccin-noctis-icons.hidesExplorerArrows changed, updating to false
[INFO 1:06:14 p.m.] catppuccin-noctis-icons.folders.associations changed, updating to undefined
[INFO 1:06:14 p.m.] catppuccin-noctis-icons.files.associations changed, updating to undefined
[INFO 1:06:48 p.m.] catppuccin-noctis-icons.hidesExplorerArrows changed, updating to false
[INFO 1:06:48 p.m.] catppuccin-noctis-icons.folders.associations changed, updating to undefined
[INFO 1:06:48 p.m.] catppuccin-noctis-icons.files.associations changed, updating to undefined
[INFO 1:07:54 p.m.] catppuccin-noctis-icons.hidesExplorerArrows changed, updating to false
[INFO 1:07:54 p.m.] catppuccin-noctis-icons.folders.associations changed, updating to undefined
[INFO 1:07:54 p.m.] catppuccin-noctis-icons.files.associations changed, updating to undefined
[INFO 1:09:27 p.m.] catppuccin-noctis-icons.hidesExplorerArrows changed, updating to false
[INFO 1:09:27 p.m.] catppuccin-noctis-icons.folders.associations changed, updating to undefined
[INFO 1:09:27 p.m.] catppuccin-noctis-icons.files.associations changed, updating to undefined
[INFO 1:13:23 p.m.] catppuccin-noctis-icons.hidesExplorerArrows changed, updating to false
[INFO 1:13:23 p.m.] catppuccin-noctis-icons.folders.associations changed, updating to undefined
[INFO 1:13:23 p.m.] catppuccin-noctis-icons.files.associations changed, updating to undefined
[INFO 1:13:41 p.m.] catppuccin-noctis-icons.hidesExplorerArrows changed, updating to false
[INFO 1:13:41 p.m.] catppuccin-noctis-icons.folders.associations changed, updating to undefined
[INFO 1:13:41 p.m.] catppuccin-noctis-icons.files.associations changed, updating to undefined
[INFO 1:13:46 p.m.] catppuccin-noctis-icons.hidesExplorerArrows changed, updating to false
[INFO 1:13:46 p.m.] catppuccin-noctis-icons.folders.associations changed, updating to undefined
[INFO 1:13:46 p.m.] catppuccin-noctis-icons.files.associations changed, updating to undefined
[INFO 1:29:29 p.m.] catppuccin-noctis-icons.hidesExplorerArrows changed, updating to false
[INFO 1:29:29 p.m.] catppuccin-noctis-icons.folders.associations changed, updating to undefined
[INFO 1:29:29 p.m.] catppuccin-noctis-icons.files.associations changed, updating to undefined
[INFO 1:31:21 p.m.] catppuccin-noctis-icons.hidesExplorerArrows changed, updating to false
[INFO 1:31:21 p.m.] catppuccin-noctis-icons.folders.associations changed, updating to undefined
[INFO 1:31:21 p.m.] catppuccin-noctis-icons.files.associations changed, updating to undefined
[INFO 1:31:27 p.m.] catppuccin-noctis-icons.hidesExplorerArrows changed, updating to false
[INFO 1:31:27 p.m.] catppuccin-noctis-icons.folders.associations changed, updating to undefined
[INFO 1:31:27 p.m.] catppuccin-noctis-icons.files.associations changed, updating to undefined
[INFO 1:31:29 p.m.] catppuccin-noctis-icons.hidesExplorerArrows changed, updating to false
[INFO 1:31:29 p.m.] catppuccin-noctis-icons.folders.associations changed, updating to undefined
[INFO 1:31:29 p.m.] catppuccin-noctis-icons.files.associations changed, updating to undefined
[INFO 1:31:30 p.m.] catppuccin-noctis-icons.hidesExplorerArrows changed, updating to false
[INFO 1:31:30 p.m.] catppuccin-noctis-icons.folders.associations changed, updating to undefined
[INFO 1:31:30 p.m.] catppuccin-noctis-icons.files.associations changed, updating to undefined
[INFO 1:31:41 p.m.] catppuccin-noctis-icons.hidesExplorerArrows changed, updating to false
[INFO 1:31:41 p.m.] catppuccin-noctis-icons.folders.associations changed, updating to undefined
[INFO 1:31:41 p.m.] catppuccin-noctis-icons.files.associations changed, updating to undefined
[INFO 1:32:36 p.m.] catppuccin-noctis-icons.hidesExplorerArrows changed, updating to false
[INFO 1:32:36 p.m.] catppuccin-noctis-icons.folders.associations changed, updating to undefined
[INFO 1:32:36 p.m.] catppuccin-noctis-icons.files.associations changed, updating to undefined
[INFO 1:32:38 p.m.] catppuccin-noctis-icons.hidesExplorerArrows changed, updating to false
[INFO 1:32:38 p.m.] catppuccin-noctis-icons.folders.associations changed, updating to undefined
[INFO 1:32:38 p.m.] catppuccin-noctis-icons.files.associations changed, updating to undefined
[INFO 1:34:30 p.m.] catppuccin-noctis-icons.hidesExplorerArrows changed, updating to false
[INFO 1:34:30 p.m.] catppuccin-noctis-icons.folders.associations changed, updating to undefined
[INFO 1:34:30 p.m.] catppuccin-noctis-icons.files.associations changed, updating to undefined
[INFO 1:34:33 p.m.] catppuccin-noctis-icons.hidesExplorerArrows changed, updating to false
[INFO 1:34:33 p.m.] catppuccin-noctis-icons.folders.associations changed, updating to undefined
[INFO 1:34:33 p.m.] catppuccin-noctis-icons.files.associations changed, updating to undefined
[INFO 1:34:38 p.m.] catppuccin-noctis-icons.hidesExplorerArrows changed, updating to false
[INFO 1:34:38 p.m.] catppuccin-noctis-icons.folders.associations changed, updating to undefined
[INFO 1:34:38 p.m.] catppuccin-noctis-icons.files.associations changed, updating to undefined
[INFO 1:34:41 p.m.] catppuccin-noctis-icons.hidesExplorerArrows changed, updating to false
[INFO 1:34:41 p.m.] catppuccin-noctis-icons.folders.associations changed, updating to undefined
[INFO 1:34:41 p.m.] catppuccin-noctis-icons.files.associations changed, updating to undefined
[INFO 1:35:17 p.m.] catppuccin-noctis-icons.hidesExplorerArrows changed, updating to false
[INFO 1:35:17 p.m.] catppuccin-noctis-icons.folders.associations changed, updating to undefined
[INFO 1:35:17 p.m.] catppuccin-noctis-icons.files.associations changed, updating to undefined
[INFO 1:35:20 p.m.] catppuccin-noctis-icons.hidesExplorerArrows changed, updating to false
[INFO 1:35:20 p.m.] catppuccin-noctis-icons.folders.associations changed, updating to undefined
[INFO 1:35:20 p.m.] catppuccin-noctis-icons.files.associations changed, updating to undefined
[INFO 1:35:22 p.m.] catppuccin-noctis-icons.hidesExplorerArrows changed, updating to false
[INFO 1:35:22 p.m.] catppuccin-noctis-icons.folders.associations changed, updating to undefined
[INFO 1:35:22 p.m.] catppuccin-noctis-icons.files.associations changed, updating to undefined
[INFO 1:35:57 p.m.] catppuccin-noctis-icons.hidesExplorerArrows changed, updating to false
[INFO 1:35:57 p.m.] catppuccin-noctis-icons.folders.associations changed, updating to undefined
[INFO 1:35:57 p.m.] catppuccin-noctis-icons.files.associations changed, updating to undefined
[INFO 1:40:09 p.m.] catppuccin-noctis-icons.hidesExplorerArrows changed, updating to false
[INFO 1:40:09 p.m.] catppuccin-noctis-icons.folders.associations changed, updating to undefined
[INFO 1:40:09 p.m.] catppuccin-noctis-icons.files.associations changed, updating to undefined
[INFO 1:48:48 p.m.] catppuccin-noctis-icons.hidesExplorerArrows changed, updating to false
[INFO 1:48:48 p.m.] catppuccin-noctis-icons.folders.associations changed, updating to undefined
[INFO 1:48:48 p.m.] catppuccin-noctis-icons.files.associations changed, updating to undefined
[INFO 1:56:43 p.m.] catppuccin-noctis-icons.hidesExplorerArrows changed, updating to false
[INFO 1:56:43 p.m.] catppuccin-noctis-icons.folders.associations changed, updating to undefined
[INFO 1:56:43 p.m.] catppuccin-noctis-icons.files.associations changed, updating to undefined
[INFO 1:56:48 p.m.] catppuccin-noctis-icons.hidesExplorerArrows changed, updating to false
[INFO 1:56:48 p.m.] catppuccin-noctis-icons.folders.associations changed, updating to undefined
[INFO 1:56:48 p.m.] catppuccin-noctis-icons.files.associations changed, updating to undefined
[INFO 1:57:58 p.m.] catppuccin-noctis-icons.hidesExplorerArrows changed, updating to false
[INFO 1:57:58 p.m.] catppuccin-noctis-icons.folders.associations changed, updating to undefined
[INFO 1:57:58 p.m.] catppuccin-noctis-icons.files.associations changed, updating to undefined
[INFO 1:58:07 p.m.] catppuccin-noctis-icons.hidesExplorerArrows changed, updating to false
[INFO 1:58:07 p.m.] catppuccin-noctis-icons.folders.associations changed, updating to undefined
[INFO 1:58:07 p.m.] catppuccin-noctis-icons.files.associations changed, updating to undefined
[INFO 2:00:03 p.m.] catppuccin-noctis-icons.hidesExplorerArrows changed, updating to false
[INFO 2:00:03 p.m.] catppuccin-noctis-icons.folders.associations changed, updating to undefined
[INFO 2:00:03 p.m.] catppuccin-noctis-icons.files.associations changed, updating to undefined
[INFO 2:06:33 p.m.] catppuccin-noctis-icons.hidesExplorerArrows changed, updating to false
[INFO 2:06:33 p.m.] catppuccin-noctis-icons.folders.associations changed, updating to undefined
[INFO 2:06:33 p.m.] catppuccin-noctis-icons.files.associations changed, updating to undefined
[INFO 2:06:36 p.m.] catppuccin-noctis-icons.hidesExplorerArrows changed, updating to false
[INFO 2:06:36 p.m.] catppuccin-noctis-icons.folders.associations changed, updating to undefined
[INFO 2:06:36 p.m.] catppuccin-noctis-icons.files.associations changed, updating to undefined
[INFO 2:07:46 p.m.] catppuccin-noctis-icons.hidesExplorerArrows changed, updating to false
[INFO 2:07:46 p.m.] catppuccin-noctis-icons.folders.associations changed, updating to undefined
[INFO 2:07:46 p.m.] catppuccin-noctis-icons.files.associations changed, updating to undefined
[INFO 2:16:49 p.m.] catppuccin-noctis-icons.hidesExplorerArrows changed, updating to false
[INFO 2:16:49 p.m.] catppuccin-noctis-icons.folders.associations changed, updating to undefined
[INFO 2:16:49 p.m.] catppuccin-noctis-icons.files.associations changed, updating to undefined
[INFO 2:16:51 p.m.] catppuccin-noctis-icons.hidesExplorerArrows changed, updating to false
[INFO 2:16:51 p.m.] catppuccin-noctis-icons.folders.associations changed, updating to undefined
[INFO 2:16:51 p.m.] catppuccin-noctis-icons.files.associations changed, updating to undefined
[INFO 2:38:28 p.m.] catppuccin-noctis-icons.hidesExplorerArrows changed, updating to false
[INFO 2:38:28 p.m.] catppuccin-noctis-icons.folders.associations changed, updating to undefined
[INFO 2:38:28 p.m.] catppuccin-noctis-icons.files.associations changed, updating to undefined
[INFO 3:08:15 p.m.] catppuccin-noctis-icons.hidesExplorerArrows changed, updating to false
[INFO 3:08:15 p.m.] catppuccin-noctis-icons.folders.associations changed, updating to undefined
[INFO 3:08:15 p.m.] catppuccin-noctis-icons.files.associations changed, updating to undefined
[INFO 3:08:15 p.m.] catppuccin-noctis-icons.hidesExplorerArrows changed, updating to false
[INFO 3:08:15 p.m.] catppuccin-noctis-icons.folders.associations changed, updating to undefined
[INFO 3:08:15 p.m.] catppuccin-noctis-icons.files.associations changed, updating to undefined
