[INFO 11:46:56 a.m.] miguelsolorio.symbols activated
[INFO 11:46:56 a.m.] 🤖 symbols.defaultAssociations changed, updating to true
[INFO 11:46:56 a.m.] 🤖 symbols.hidesExplorerArrows changed, updating to false
[INFO 11:46:56 a.m.] 🤖 symbols.folders.associations changed, updating to undefined
[INFO 11:46:56 a.m.] 🤖 symbols.files.associations changed, updating to undefined
[INFO 11:46:56 a.m.] 🤖 symbols.defaultAssociations changed, updating to true
[INFO 11:46:56 a.m.] 🤖 symbols.hidesExplorerArrows changed, updating to false
[INFO 11:46:56 a.m.] 🤖 symbols.folders.associations changed, updating to undefined
[INFO 11:46:56 a.m.] 🤖 symbols.files.associations changed, updating to undefined
[INFO 11:46:57 a.m.] 🤖 symbols.defaultAssociations changed, updating to true
[INFO 11:46:57 a.m.] 🤖 symbols.hidesExplorerArrows changed, updating to false
[INFO 11:46:57 a.m.] 🤖 symbols.folders.associations changed, updating to undefined
[INFO 11:46:57 a.m.] 🤖 symbols.files.associations changed, updating to undefined
[INFO 11:47:01 a.m.] 🤖 symbols.defaultAssociations changed, updating to true
[INFO 11:47:01 a.m.] 🤖 symbols.hidesExplorerArrows changed, updating to false
[INFO 11:47:01 a.m.] 🤖 symbols.folders.associations changed, updating to undefined
[INFO 11:47:01 a.m.] 🤖 symbols.files.associations changed, updating to undefined
[INFO 1:02:36 p.m.] 🤖 symbols.defaultAssociations changed, updating to true
[INFO 1:02:36 p.m.] 🤖 symbols.hidesExplorerArrows changed, updating to false
[INFO 1:02:36 p.m.] 🤖 symbols.folders.associations changed, updating to undefined
[INFO 1:02:36 p.m.] 🤖 symbols.files.associations changed, updating to undefined
[INFO 1:02:37 p.m.] 🤖 symbols.defaultAssociations changed, updating to true
[INFO 1:02:37 p.m.] 🤖 symbols.hidesExplorerArrows changed, updating to false
[INFO 1:02:37 p.m.] 🤖 symbols.folders.associations changed, updating to undefined
[INFO 1:02:37 p.m.] 🤖 symbols.files.associations changed, updating to undefined
