2026-05-16 15:51:24.915 [info] Extension host with pid 35610 started
2026-05-16 15:51:24.915 [info] Skipping acquiring lock for /home/juan/.config/Code - OSS/User/workspaceStorage/9cffb26bdaeb406f0ef88881861630d1.
2026-05-16 15:51:25.132 [info] ExtensionService#_doActivateExtension vscode.github-authentication, startup: false, activationEvent: 'onAuthenticationRequest:github'
2026-05-16 15:51:25.182 [info] ExtensionService#_doActivateExtension vscode.emmet, startup: false, activationEvent: 'onLanguage'
2026-05-16 15:51:25.209 [info] ExtensionService#_doActivateExtension vscode.configuration-editing, startup: false, activationEvent: 'onLanguage:jsonc'
2026-05-16 15:51:25.226 [info] ExtensionService#_doActivateExtension vscode.json-language-features, startup: false, activationEvent: 'onLanguage:jsonc'
2026-05-16 15:51:25.354 [info] ExtensionService#_doActivateExtension vscode.typescript-language-features, startup: false, activationEvent: 'onLanguage:jsonc'
2026-05-16 15:51:25.905 [info] ExtensionService#_doActivateExtension vscode.git-base, startup: true, activationEvent: '*', root cause: vscode.git
2026-05-16 15:51:25.918 [info] ExtensionService#_doActivateExtension vscode.npm, startup: true, activationEvent: 'workspaceContains:package.json'
2026-05-16 15:51:25.997 [info] ExtensionService#_doActivateExtension vscode.git, startup: true, activationEvent: '*'
2026-05-16 15:51:26.071 [info] ExtensionService#_doActivateExtension vscode.github, startup: true, activationEvent: '*'
2026-05-16 15:51:26.175 [info] Eager extensions activated
2026-05-16 15:51:26.218 [info] ExtensionService#_doActivateExtension vscode.debug-auto-launch, startup: false, activationEvent: 'onStartupFinished'
2026-05-16 15:51:26.224 [info] ExtensionService#_doActivateExtension vscode.merge-conflict, startup: false, activationEvent: 'onStartupFinished'
2026-05-16 15:51:30.657 [info] ExtensionService#_doActivateExtension vscode.extension-editing, startup: false, activationEvent: 'onLanguage:markdown'
2026-05-16 15:51:30.697 [info] ExtensionService#_doActivateExtension vscode.markdown-language-features, startup: false, activationEvent: 'onLanguage:markdown'
2026-05-16 15:51:31.469 [info] ExtensionService#_doActivateExtension vscode.markdown-math, startup: false, activationEvent: 'api', root cause: vscode.markdown-language-features
2026-05-16 15:52:04.688 [info] Extension host terminating: received terminate message from renderer
2026-05-16 15:52:04.719 [info] Extension host with pid 35610 exiting with code 0
2026-05-16 15:52:07.432 [info] Extension host with pid 36500 started
2026-05-16 15:52:07.432 [info] Skipping acquiring lock for /home/juan/.config/Code - OSS/User/workspaceStorage/aebcfd856a778bbeaef60fb1a84b608c.
2026-05-16 15:52:07.454 [info] ExtensionService#_doActivateExtension vscode.github-authentication, startup: false, activationEvent: 'onAuthenticationRequest:github'
2026-05-16 15:52:07.498 [info] ExtensionService#_doActivateExtension vscode.emmet, startup: false, activationEvent: 'onLanguage'
2026-05-16 15:52:07.589 [info] ExtensionService#_doActivateExtension vscode.git-base, startup: true, activationEvent: '*'
2026-05-16 15:52:07.656 [info] ExtensionService#_doActivateExtension vscode.github, startup: true, activationEvent: '*'
2026-05-16 15:52:07.697 [info] Eager extensions activated
2026-05-16 15:52:07.702 [info] ExtensionService#_doActivateExtension vscode.debug-auto-launch, startup: false, activationEvent: 'onStartupFinished'
2026-05-16 15:52:07.707 [info] ExtensionService#_doActivateExtension vscode.merge-conflict, startup: false, activationEvent: 'onStartupFinished'
2026-05-16 15:52:11.030 [info] ExtensionService#_doActivateExtension vscode.git, startup: false, activationEvent: 'api', root cause: vscode.github
2026-05-16 15:52:15.103 [info] ExtensionService#_doActivateExtension vscode.markdown-language-features, startup: false, activationEvent: 'onLanguage:skill'
2026-05-16 15:52:15.889 [info] ExtensionService#_doActivateExtension vscode.markdown-math, startup: false, activationEvent: 'api', root cause: vscode.markdown-language-features
2026-05-16 15:54:53.485 [info] ExtensionService#_doActivateExtension vscode.extension-editing, startup: false, activationEvent: 'onLanguage:markdown'
2026-05-16 15:55:53.829 [info] ExtensionService#_doActivateExtension alexdauenhauer.catppuccin-noctis-icons, startup: false, activationEvent: 'onStartupFinished'
2026-05-16 15:55:54.068 [info] ExtensionService#_doActivateExtension vscode.configuration-editing, startup: false, activationEvent: 'onLanguage:jsonc'
2026-05-16 15:55:54.082 [info] ExtensionService#_doActivateExtension vscode.json-language-features, startup: false, activationEvent: 'onLanguage:jsonc'
2026-05-16 15:55:54.239 [info] ExtensionService#_doActivateExtension vscode.typescript-language-features, startup: false, activationEvent: 'onLanguage:jsonc'
2026-05-16 15:57:03.253 [info] ExtensionService#_doActivateExtension miguelsolorio.symbols, startup: false, activationEvent: 'onStartupFinished'
2026-05-16 16:07:21.135 [info] ExtensionService#_doActivateExtension vscode.terminal-suggest, startup: false, activationEvent: 'onTerminalShellIntegration:*'
2026-05-16 16:09:26.286 [info] Extension host terminating: received terminate message from renderer
2026-05-16 16:09:26.320 [info] Extension host with pid 36500 exiting with code 0
