2026-05-15 08:29:50.922 [info] Extension host with pid 3677 started
2026-05-15 08:29:50.922 [info] Skipping acquiring lock for /home/juan/.config/Antigravity/User/workspaceStorage/2c401f14122a41d1c34ece5d7b77a839.
2026-05-15 08:29:51.407 [info] ExtensionService#_doActivateExtension vscode.emmet, startup: false, activationEvent: 'onLanguage'
2026-05-15 08:29:51.467 [info] ExtensionService#_doActivateExtension vscode.typescript-language-features, startup: false, activationEvent: 'onLanguage:javascript'
2026-05-15 08:29:52.182 [info] ExtensionService#_doActivateExtension vscode.git-base, startup: true, activationEvent: '*', root cause: google.antigravity
2026-05-15 08:29:52.196 [info] ExtensionService#_doActivateExtension vscode.terminal-suggest, startup: false, activationEvent: 'onTerminalShellIntegration:*'
2026-05-15 08:29:52.371 [info] ExtensionService#_doActivateExtension vscode.npm, startup: true, activationEvent: 'workspaceContains:package.json'
2026-05-15 08:29:52.577 [info] ExtensionService#_doActivateExtension vscode.git, startup: true, activationEvent: '*', root cause: google.antigravity
2026-05-15 08:29:52.737 [info] ExtensionService#_doActivateExtension vscode.github, startup: true, activationEvent: '*'
2026-05-15 08:29:53.086 [info] ExtensionService#_doActivateExtension google.antigravity, startup: true, activationEvent: '*'
2026-05-15 08:29:56.289 [info] Eager extensions activated
2026-05-15 08:29:56.296 [info] ExtensionService#_doActivateExtension google.antigravity-dev-containers, startup: false, activationEvent: 'onStartupFinished'
2026-05-15 08:29:56.304 [info] ExtensionService#_doActivateExtension vscode.debug-auto-launch, startup: false, activationEvent: 'onStartupFinished'
2026-05-15 08:29:56.307 [info] ExtensionService#_doActivateExtension vscode.merge-conflict, startup: false, activationEvent: 'onStartupFinished'
2026-05-15 08:29:56.328 [info] ExtensionService#_doActivateExtension vscode.configuration-editing, startup: false, activationEvent: 'onLanguage:json'
2026-05-15 08:29:56.336 [info] ExtensionService#_doActivateExtension vscode.extension-editing, startup: false, activationEvent: 'onLanguage:json'
2026-05-15 08:29:56.354 [info] ExtensionService#_doActivateExtension vscode.json-language-features, startup: false, activationEvent: 'onLanguage:json'
2026-05-15 08:30:38.009 [info] ExtensionService#_doActivateExtension Catppuccin.catppuccin-vsc, startup: false, activationEvent: 'onStartupFinished'
2026-05-15 08:30:55.861 [info] Extension host terminating: renderer closed the MessagePort
2026-05-15 08:30:55.892 [info] Extension host with pid 3677 exiting with code 0
2026-05-15 08:30:59.404 [info] Extension host with pid 5332 started
2026-05-15 08:30:59.404 [info] Skipping acquiring lock for /home/juan/.config/Antigravity/User/workspaceStorage/dd22eedc4e138519ccd34675f50e9851.
2026-05-15 08:30:59.655 [info] ExtensionService#_doActivateExtension vscode.emmet, startup: false, activationEvent: 'onLanguage'
2026-05-15 08:30:59.709 [info] ExtensionService#_doActivateExtension meta.pyrefly, startup: false, activationEvent: 'onLanguage:python'
2026-05-15 08:30:59.764 [info] ExtensionService#_doActivateExtension ms-python.python, startup: false, activationEvent: 'onLanguage:python', root cause: ms-python.debugpy
2026-05-15 08:31:00.031 [info] ExtensionService#_doActivateExtension ms-python.vscode-python-envs, startup: false, activationEvent: 'onLanguage:python'
2026-05-15 08:31:00.298 [info] ExtensionService#_doActivateExtension vscode.configuration-editing, startup: false, activationEvent: 'onLanguage:jsonc'
2026-05-15 08:31:00.310 [info] ExtensionService#_doActivateExtension vscode.json-language-features, startup: false, activationEvent: 'onLanguage:jsonc'
2026-05-15 08:31:00.370 [info] ExtensionService#_doActivateExtension vscode.typescript-language-features, startup: false, activationEvent: 'onLanguage:jsonc'
2026-05-15 08:31:00.648 [info] ExtensionService#_doActivateExtension vscode.git-base, startup: true, activationEvent: '*', root cause: google.antigravity
2026-05-15 08:31:00.744 [info] ExtensionService#_doActivateExtension ms-python.debugpy, startup: false, activationEvent: 'onLanguage:python'
2026-05-15 08:31:00.860 [info] ExtensionService#_doActivateExtension vscode.git, startup: true, activationEvent: '*', root cause: google.antigravity
2026-05-15 08:31:00.953 [info] ExtensionService#_doActivateExtension vscode.github, startup: true, activationEvent: '*'
2026-05-15 08:31:01.084 [info] ExtensionService#_doActivateExtension vscode.terminal-suggest, startup: false, activationEvent: 'onTerminalShellIntegration:*'
2026-05-15 08:31:01.177 [info] ExtensionService#_doActivateExtension google.antigravity, startup: true, activationEvent: '*'
2026-05-15 08:31:03.411 [info] Eager extensions activated
2026-05-15 08:31:03.441 [info] ExtensionService#_doActivateExtension google.antigravity-dev-containers, startup: false, activationEvent: 'onStartupFinished'
2026-05-15 08:31:03.449 [info] ExtensionService#_doActivateExtension vscode.debug-auto-launch, startup: false, activationEvent: 'onStartupFinished'
2026-05-15 08:31:03.452 [info] ExtensionService#_doActivateExtension vscode.merge-conflict, startup: false, activationEvent: 'onStartupFinished'
2026-05-15 08:31:03.476 [info] ExtensionService#_doActivateExtension Catppuccin.catppuccin-vsc, startup: false, activationEvent: 'onStartupFinished'
2026-05-15 08:47:04.561 [info] ExtensionService#_doActivateExtension vscode.extension-editing, startup: false, activationEvent: 'onLanguage:markdown'
2026-05-15 08:47:04.572 [info] ExtensionService#_doActivateExtension vscode.markdown-language-features, startup: false, activationEvent: 'onLanguage:markdown'
2026-05-15 08:52:45.652 [info] ExtensionService#_doActivateExtension vscode.markdown-math, startup: false, activationEvent: 'api', root cause: vscode.markdown-language-features
2026-05-15 10:29:49.871 [error] Error: Python Environment Tools (PET) failed after 3 restart attempts. Please reload the window or check the output channel for details. To debug, run "Python Environments: Run Python Environment Tool (PET) in Terminal" from the Command Palette.
	at S.ensureProcessRunning (/home/juan/.antigravity/extensions/ms-python.vscode-python-envs-1.20.1-universal/dist/extension.js:2:535872)
	at S.doRefresh (/home/juan/.antigravity/extensions/ms-python.vscode-python-envs-1.20.1-universal/dist/extension.js:2:540575)
	at c.workerFunc (/home/juan/.antigravity/extensions/ms-python.vscode-python-envs-1.20.1-universal/dist/extension.js:2:535168)
	at o.workFunc (/home/juan/.antigravity/extensions/ms-python.vscode-python-envs-1.20.1-universal/dist/extension.js:2:287619)
	at o.start (/home/juan/.antigravity/extensions/ms-python.vscode-python-envs-1.20.1-universal/dist/extension.js:2:286434)
2026-05-15 10:43:26.287 [info] ExtensionService#_doActivateExtension vscode.simple-browser, startup: false, activationEvent: 'onOpenExternalUri:http'
2026-05-15 11:09:35.505 [info] Extension host terminating: renderer closed the MessagePort
2026-05-15 11:09:36.853 [error] TypeError: Cannot read properties of undefined (reading 'subscriptions')
	at Object.Z [as deactivate] (/home/juan/.antigravity/extensions/ms-python.vscode-python-envs-1.20.1-universal/dist/extension.js:2:706516)
	at lIe.eb (file:///opt/Antigravity/resources/app/out/vs/workbench/api/node/extensionHostProcess.js:122:13096)
	at file:///opt/Antigravity/resources/app/out/vs/workbench/api/node/extensionHostProcess.js:122:11244
	at Array.map (<anonymous>)
	at lIe.$ (file:///opt/Antigravity/resources/app/out/vs/workbench/api/node/extensionHostProcess.js:122:11232)
	at lIe.terminate (file:///opt/Antigravity/resources/app/out/vs/workbench/api/node/extensionHostProcess.js:122:11475)
	at A6.terminate (file:///opt/Antigravity/resources/app/out/vs/workbench/api/node/extensionHostProcess.js:124:921)
	at mr (file:///opt/Antigravity/resources/app/out/vs/workbench/api/node/extensionHostProcess.js:407:11402)
	at MessagePortMain.<anonymous> (file:///opt/Antigravity/resources/app/out/vs/workbench/api/node/extensionHostProcess.js:407:7613)
	at MessagePortMain.emit (node:events:519:28)
	at MessagePortMain._internalPort.emit (node:electron/js2c/utility_init:2:2949)
2026-05-15 11:09:36.988 [error] Error: Channel has been closed
	at r (file:///opt/Antigravity/resources/app/out/vs/workbench/api/node/extensionHostProcess.js:125:2822)
	at Object.info (file:///opt/Antigravity/resources/app/out/vs/workbench/api/node/extensionHostProcess.js:125:3167)
	at T.info (/opt/Antigravity/resources/app/extensions/json-language-features/client/dist/node/jsonClientMain.js:2:45267)
	at ChildProcess.<anonymous> (/opt/Antigravity/resources/app/extensions/json-language-features/client/dist/node/jsonClientMain.js:2:600579)
	at ChildProcess.emit (node:events:519:28)
	at ChildProcess._handle.onexit (node:internal/child_process:293:12)
2026-05-15 11:09:37.102 [info] Extension host with pid 5332 exiting with code 0
