[INFO 8:23:58 a.m.] miguelsolorio.symbols activated
[INFO 8:23:58 a.m.] 🤖 symbols.defaultAssociations changed, updating to true
[INFO 8:23:58 a.m.] 🤖 symbols.hidesExplorerArrows changed, updating to false
[INFO 8:23:58 a.m.] 🤖 symbols.folders.associations changed, updating to undefined
[INFO 8:23:58 a.m.] 🤖 symbols.files.associations changed, updating to undefined
[INFO 8:23:58 a.m.] 🤖 symbols.defaultAssociations changed, updating to true
[INFO 8:23:58 a.m.] 🤖 symbols.hidesExplorerArrows changed, updating to false
[INFO 8:23:58 a.m.] 🤖 symbols.folders.associations changed, updating to undefined
[INFO 8:23:58 a.m.] 🤖 symbols.files.associations changed, updating to undefined
[INFO 8:23:58 a.m.] 🤖 symbols.defaultAssociations changed, updating to true
[INFO 8:23:58 a.m.] 🤖 symbols.hidesExplorerArrows changed, updating to false
[INFO 8:23:58 a.m.] 🤖 symbols.folders.associations changed, updating to undefined
[INFO 8:23:58 a.m.] 🤖 symbols.files.associations changed, updating to undefined
[INFO 8:23:59 a.m.] 🤖 symbols.defaultAssociations changed, updating to true
[INFO 8:23:59 a.m.] 🤖 symbols.hidesExplorerArrows changed, updating to false
[INFO 8:23:59 a.m.] 🤖 symbols.folders.associations changed, updating to undefined
[INFO 8:23:59 a.m.] 🤖 symbols.files.associations changed, updating to undefined
[INFO 8:23:59 a.m.] 🤖 symbols.defaultAssociations changed, updating to true
[INFO 8:23:59 a.m.] 🤖 symbols.hidesExplorerArrows changed, updating to false
[INFO 8:23:59 a.m.] 🤖 symbols.folders.associations changed, updating to undefined
[INFO 8:23:59 a.m.] 🤖 symbols.files.associations changed, updating to undefined
[INFO 8:24:00 a.m.] 🤖 symbols.defaultAssociations changed, updating to true
[INFO 8:24:00 a.m.] 🤖 symbols.hidesExplorerArrows changed, updating to false
[INFO 8:24:00 a.m.] 🤖 symbols.folders.associations changed, updating to undefined
[INFO 8:24:00 a.m.] 🤖 symbols.files.associations changed, updating to undefined
[INFO 8:24:01 a.m.] 🤖 symbols.defaultAssociations changed, updating to true
[INFO 8:24:01 a.m.] 🤖 symbols.hidesExplorerArrows changed, updating to false
[INFO 8:24:01 a.m.] 🤖 symbols.folders.associations changed, updating to undefined
[INFO 8:24:01 a.m.] 🤖 symbols.files.associations changed, updating to undefined
