2026-05-19 12:15:17.140 [info] RunInTerminalTool: Command rewritten by z2t: Removed redundant cd command []
2026-05-19 12:15:17.317 [info] RunInTerminalTool#CommandLineAutoApproveAnalyzer: Parsed sub-commands via bash grammar [["uv lock","uv sync"]]
2026-05-19 12:15:17.322 [info] RunInTerminalTool#CommandLineAutoApproveAnalyzer: All sub-commands NOT auto-approved [null]
2026-05-19 12:15:17.322 [info] RunInTerminalTool#CommandLineAutoApproveAnalyzer: Command line NOT auto-approved [null]
2026-05-19 12:15:17.322 [info] RunInTerminalTool#CommandLineAutoApproveAnalyzer: - Command 'uv lock' has no matching auto approve entries [null]
2026-05-19 12:15:17.323 [info] RunInTerminalTool#CommandLineAutoApproveAnalyzer: - Command 'uv sync' has no matching auto approve entries [null]
2026-05-19 12:15:17.323 [info] RunInTerminalTool#CommandLineAutoApproveAnalyzer: - Command line 'uv lock && uv sync' has no matching auto approve entries [null]
2026-05-19 12:15:17.334 [info] RunInTerminalTool#CommandLineFileWriteAnalyzer: File writes detected [[]]
2026-05-19 12:15:55.820 [info] ToolTerminalCreator#createTerminal: Waiting 4995ms for shell integration []
2026-05-19 12:15:55.821 [info] ToolTerminalCreator#_waitForShellIntegration: base 4995ms, effective 4995ms, screenReaderOptimized=false []
2026-05-19 12:15:55.897 [info] ToolTerminalCreator#_waitForShellIntegration: Rich SI available eventually []
2026-05-19 12:15:55.898 [info] ToolTerminalCreator#_waitForShellIntegration: Promise complete, disposing store []
2026-05-19 12:15:55.900 [info] ToolTerminalCreator#createTerminal: Waiting up to 2s for PromptInputModel state to change []
2026-05-19 12:15:56.016 [info] RunInTerminalTool: Using `rich` execute strategy for command `uv lock && uv sync` []
2026-05-19 12:15:56.061 [info] trackIdleOnPrompt: State Initial → Executing (sequence C) []
2026-05-19 12:15:58.223 [info] trackIdleOnPrompt: State Executing → PromptAfterExecuting (sequence A after executing) []
2026-05-19 12:15:59.223 [info] trackIdleOnPrompt: Idle scheduler fired, completing (dataEvents=30) []
2026-05-19 12:15:59.227 [info] RunInTerminalTool: Finished `rich` execute strategy with exitCode `undefined`, result.length `544`, error `undefined` []
2026-05-19 12:15:59.230 [info] RunInTerminalTool: shellIntegrationQuality=rich at banner decision time []
2026-05-19 12:16:04.463 [info] RunInTerminalTool: Command rewritten by z2t: Removed redundant cd command []
2026-05-19 12:16:04.492 [info] RunInTerminalTool#CommandLineAutoApproveAnalyzer: Parsed sub-commands via bash grammar [["python -c \"import rich; print('Rich:', rich.__version__)\""]]
2026-05-19 12:16:04.493 [info] RunInTerminalTool#CommandLineAutoApproveAnalyzer: All sub-commands NOT auto-approved [null]
2026-05-19 12:16:04.493 [info] RunInTerminalTool#CommandLineAutoApproveAnalyzer: Command line NOT auto-approved [null]
2026-05-19 12:16:04.493 [info] RunInTerminalTool#CommandLineAutoApproveAnalyzer: - Command 'python -c "import rich; print('Rich:', rich.__version__)"' has no matching auto approve entries [null]
2026-05-19 12:16:04.493 [info] RunInTerminalTool#CommandLineAutoApproveAnalyzer: - Command line 'python -c "import rich; print('Rich:', rich.__version__)"' has no matching auto approve entries [null]
2026-05-19 12:16:04.501 [info] RunInTerminalTool#CommandLineFileWriteAnalyzer: File writes detected [[]]
2026-05-19 12:17:31.324 [info] RunInTerminalTool: Using `rich` execute strategy for command `python -c "import rich; print('Rich:', rich.__version__)"` []
2026-05-19 12:17:31.387 [info] trackIdleOnPrompt: State Initial → Executing (sequence C) []
2026-05-19 12:17:31.593 [info] trackIdleOnPrompt: State Executing → PromptAfterExecuting (sequence A after executing) []
2026-05-19 12:17:32.599 [info] trackIdleOnPrompt: Idle scheduler fired, completing (dataEvents=12) []
2026-05-19 12:17:32.601 [info] RunInTerminalTool: Finished `rich` execute strategy with exitCode `undefined`, result.length `212`, error `undefined` []
2026-05-19 12:17:32.602 [info] RunInTerminalTool: shellIntegrationQuality=rich at banner decision time []
2026-05-19 12:17:42.633 [warning] Shell integration failed to add capabilities within 10 seconds []
2026-05-19 12:17:45.200 [info] RunInTerminalTool: Command rewritten by z2t: Removed redundant cd command []
2026-05-19 12:17:45.231 [info] RunInTerminalTool#CommandLineAutoApproveAnalyzer: Parsed sub-commands via bash grammar [["uv lock --upgrade","uv sync"]]
2026-05-19 12:17:45.231 [info] RunInTerminalTool#CommandLineAutoApproveAnalyzer: All sub-commands NOT auto-approved [null]
2026-05-19 12:17:45.231 [info] RunInTerminalTool#CommandLineAutoApproveAnalyzer: Command line NOT auto-approved [null]
2026-05-19 12:17:45.232 [info] RunInTerminalTool#CommandLineAutoApproveAnalyzer: - Command 'uv lock --upgrade' has no matching auto approve entries [null]
2026-05-19 12:17:45.232 [info] RunInTerminalTool#CommandLineAutoApproveAnalyzer: - Command 'uv sync' has no matching auto approve entries [null]
2026-05-19 12:17:45.232 [info] RunInTerminalTool#CommandLineAutoApproveAnalyzer: - Command line 'uv lock --upgrade && uv sync' has no matching auto approve entries [null]
2026-05-19 12:17:45.243 [info] RunInTerminalTool#CommandLineFileWriteAnalyzer: File writes detected [[]]
2026-05-19 12:18:57.727 [info] RunInTerminalTool: Using `rich` execute strategy for command `uv lock --upgrade && uv sync` []
2026-05-19 12:18:57.803 [info] trackIdleOnPrompt: State Initial → Executing (sequence C) []
2026-05-19 12:18:59.323 [info] trackIdleOnPrompt: State Executing → PromptAfterExecuting (sequence A after executing) []
2026-05-19 12:19:00.328 [info] trackIdleOnPrompt: Idle scheduler fired, completing (dataEvents=25) []
2026-05-19 12:19:00.330 [info] RunInTerminalTool: Finished `rich` execute strategy with exitCode `undefined`, result.length `294`, error `undefined` []
2026-05-19 12:19:00.332 [info] RunInTerminalTool: shellIntegrationQuality=rich at banner decision time []
2026-05-19 12:19:06.300 [info] RunInTerminalTool: Command rewritten by z2t: Removed redundant cd command []
2026-05-19 12:19:06.330 [info] RunInTerminalTool#CommandLineAutoApproveAnalyzer: Parsed sub-commands via bash grammar [["uv add 'rich>=13.0.0'"]]
2026-05-19 12:19:06.330 [info] RunInTerminalTool#CommandLineAutoApproveAnalyzer: All sub-commands NOT auto-approved [null]
2026-05-19 12:19:06.331 [info] RunInTerminalTool#CommandLineAutoApproveAnalyzer: Command line NOT auto-approved [null]
2026-05-19 12:19:06.331 [info] RunInTerminalTool#CommandLineAutoApproveAnalyzer: - Command 'uv add 'rich>=13.0.0'' has no matching auto approve entries [null]
2026-05-19 12:19:06.331 [info] RunInTerminalTool#CommandLineAutoApproveAnalyzer: - Command line 'uv add 'rich>=13.0.0'' has no matching auto approve entries [null]
2026-05-19 12:19:06.339 [info] RunInTerminalTool#CommandLineFileWriteAnalyzer: File writes detected [[]]
2026-05-19 12:19:10.707 [info] RunInTerminalTool: Using `rich` execute strategy for command `uv add 'rich>=13.0.0'` []
2026-05-19 12:19:10.789 [info] trackIdleOnPrompt: State Initial → Executing (sequence C) []
2026-05-19 12:19:10.926 [info] trackIdleOnPrompt: State Executing → PromptAfterExecuting (sequence A after executing) []
2026-05-19 12:19:11.927 [info] trackIdleOnPrompt: Idle scheduler fired, completing (dataEvents=11) []
2026-05-19 12:19:11.929 [info] RunInTerminalTool: Finished `rich` execute strategy with exitCode `undefined`, result.length `86`, error `undefined` []
2026-05-19 12:19:11.930 [info] RunInTerminalTool: shellIntegrationQuality=rich at banner decision time []
2026-05-19 12:19:17.944 [info] RunInTerminalTool: Command rewritten by z2t: Removed redundant cd command []
2026-05-19 12:19:17.971 [info] RunInTerminalTool#CommandLineAutoApproveAnalyzer: Parsed sub-commands via bash grammar [["python -c \"import rich; print('✓ Rich', rich.__version__)\""]]
2026-05-19 12:19:17.973 [info] RunInTerminalTool#CommandLineAutoApproveAnalyzer: All sub-commands NOT auto-approved [null]
2026-05-19 12:19:17.974 [info] RunInTerminalTool#CommandLineAutoApproveAnalyzer: Command line NOT auto-approved [null]
2026-05-19 12:19:17.974 [info] RunInTerminalTool#CommandLineAutoApproveAnalyzer: - Command 'python -c "import rich; print('✓ Rich', rich.__version__)"' has no matching auto approve entries [null]
2026-05-19 12:19:17.974 [info] RunInTerminalTool#CommandLineAutoApproveAnalyzer: - Command line 'python -c "import rich; print('✓ Rich', rich.__version__)"' has no matching auto approve entries [null]
2026-05-19 12:19:17.981 [info] RunInTerminalTool#CommandLineFileWriteAnalyzer: File writes detected [[]]
2026-05-19 12:19:21.952 [warning] Shell integration failed to add capabilities within 10 seconds []
2026-05-19 12:19:23.239 [info] RunInTerminalTool: Using `rich` execute strategy for command `python -c "import rich; print('✓ Rich', rich.__version__)"` []
2026-05-19 12:19:23.321 [info] trackIdleOnPrompt: State Initial → Executing (sequence C) []
2026-05-19 12:19:23.550 [info] trackIdleOnPrompt: State Executing → PromptAfterExecuting (sequence A after executing) []
2026-05-19 12:19:24.552 [info] trackIdleOnPrompt: Idle scheduler fired, completing (dataEvents=13) []
2026-05-19 12:19:24.555 [info] RunInTerminalTool: Finished `rich` execute strategy with exitCode `undefined`, result.length `213`, error `undefined` []
2026-05-19 12:19:24.556 [info] RunInTerminalTool: shellIntegrationQuality=rich at banner decision time []
2026-05-19 12:19:31.112 [info] RunInTerminalTool: Command rewritten by z2t: Removed redundant cd command []
2026-05-19 12:19:31.131 [info] RunInTerminalTool#CommandLineAutoApproveAnalyzer: Parsed sub-commands via bash grammar [[".venv/bin/python -c \"import rich; print('✓ Rich', rich.__version__)\""]]
2026-05-19 12:19:31.131 [info] RunInTerminalTool#CommandLineAutoApproveAnalyzer: All sub-commands NOT auto-approved [null]
2026-05-19 12:19:31.132 [info] RunInTerminalTool#CommandLineAutoApproveAnalyzer: Command line NOT auto-approved [null]
2026-05-19 12:19:31.132 [info] RunInTerminalTool#CommandLineAutoApproveAnalyzer: - Command '.venv/bin/python -c "import rich; print('✓ Rich', rich.__version__)"' has no matching auto approve entries [null]
2026-05-19 12:19:31.132 [info] RunInTerminalTool#CommandLineAutoApproveAnalyzer: - Command line '.venv/bin/python -c "import rich; print('✓ Rich', rich.__version__)"' has no matching auto approve entries [null]
2026-05-19 12:19:31.140 [info] RunInTerminalTool#CommandLineFileWriteAnalyzer: File writes detected [[]]
2026-05-19 12:19:34.591 [warning] Shell integration failed to add capabilities within 10 seconds []
2026-05-19 12:19:35.941 [info] RunInTerminalTool: Using `rich` execute strategy for command `.venv/bin/python -c "import rich; print('✓ Rich', rich.__version__)"` []
2026-05-19 12:19:36.013 [info] trackIdleOnPrompt: State Initial → Executing (sequence C) []
2026-05-19 12:19:36.167 [info] trackIdleOnPrompt: State Executing → PromptAfterExecuting (sequence A after executing) []
2026-05-19 12:19:37.168 [info] trackIdleOnPrompt: Idle scheduler fired, completing (dataEvents=12) []
2026-05-19 12:19:37.170 [info] RunInTerminalTool: Finished `rich` execute strategy with exitCode `undefined`, result.length `163`, error `undefined` []
2026-05-19 12:19:37.172 [info] RunInTerminalTool: shellIntegrationQuality=rich at banner decision time []
2026-05-19 12:19:42.525 [info] RunInTerminalTool: Command rewritten by z2t: Removed redundant cd command []
2026-05-19 12:19:42.552 [info] RunInTerminalTool#CommandLineAutoApproveAnalyzer: Parsed sub-commands via bash grammar [[".venv/bin/python -c \"from UI.rich_app import RichTermChat; print('✓ App compila')\""]]
2026-05-19 12:19:42.553 [info] RunInTerminalTool#CommandLineAutoApproveAnalyzer: All sub-commands NOT auto-approved [null]
2026-05-19 12:19:42.553 [info] RunInTerminalTool#CommandLineAutoApproveAnalyzer: Command line NOT auto-approved [null]
2026-05-19 12:19:42.553 [info] RunInTerminalTool#CommandLineAutoApproveAnalyzer: - Command '.venv/bin/python -c "from UI.rich_app import RichTermChat; print('✓ App compila')"' has no matching auto approve entries [null]
2026-05-19 12:19:42.554 [info] RunInTerminalTool#CommandLineAutoApproveAnalyzer: - Command line '.venv/bin/python -c "from UI.rich_app import RichTermChat; print('✓ App compila')"' has no matching auto approve entries [null]
2026-05-19 12:19:42.561 [info] RunInTerminalTool#CommandLineFileWriteAnalyzer: File writes detected [[]]
2026-05-19 12:19:43.524 [info] RunInTerminalTool: Using `rich` execute strategy for command `.venv/bin/python -c "from UI.rich_app import RichTermChat; print('✓ App compila')"` []
2026-05-19 12:19:43.592 [info] trackIdleOnPrompt: State Initial → Executing (sequence C) []
2026-05-19 12:19:44.381 [info] trackIdleOnPrompt: State Executing → PromptAfterExecuting (sequence A after executing) []
2026-05-19 12:19:45.382 [info] trackIdleOnPrompt: Idle scheduler fired, completing (dataEvents=11) []
2026-05-19 12:19:45.385 [info] RunInTerminalTool: Finished `rich` execute strategy with exitCode `undefined`, result.length `380`, error `undefined` []
2026-05-19 12:19:45.387 [info] RunInTerminalTool: shellIntegrationQuality=rich at banner decision time []
2026-05-19 12:19:47.209 [warning] Shell integration failed to add capabilities within 10 seconds []
2026-05-19 12:19:55.426 [warning] Shell integration failed to add capabilities within 10 seconds []
2026-05-19 12:20:09.877 [info] RunInTerminalTool: Command rewritten by z2t: Removed redundant cd command []
2026-05-19 12:20:09.905 [info] RunInTerminalTool#CommandLineAutoApproveAnalyzer: Parsed sub-commands via bash grammar [[".venv/bin/python -c \"from UI.rich_app import RichTermChat; print('✓ App compila')\""]]
2026-05-19 12:20:09.906 [info] RunInTerminalTool#CommandLineAutoApproveAnalyzer: All sub-commands NOT auto-approved [null]
2026-05-19 12:20:09.906 [info] RunInTerminalTool#CommandLineAutoApproveAnalyzer: Command line NOT auto-approved [null]
2026-05-19 12:20:09.906 [info] RunInTerminalTool#CommandLineAutoApproveAnalyzer: - Command '.venv/bin/python -c "from UI.rich_app import RichTermChat; print('✓ App compila')"' has no matching auto approve entries [null]
2026-05-19 12:20:09.907 [info] RunInTerminalTool#CommandLineAutoApproveAnalyzer: - Command line '.venv/bin/python -c "from UI.rich_app import RichTermChat; print('✓ App compila')"' has no matching auto approve entries [null]
2026-05-19 12:20:09.917 [info] RunInTerminalTool#CommandLineFileWriteAnalyzer: File writes detected [[]]
2026-05-19 12:20:11.904 [info] RunInTerminalTool: Using `rich` execute strategy for command `.venv/bin/python -c "from UI.rich_app import RichTermChat; print('✓ App compila')"` []
2026-05-19 12:20:11.973 [info] trackIdleOnPrompt: State Initial → Executing (sequence C) []
2026-05-19 12:20:12.619 [info] trackIdleOnPrompt: State Executing → PromptAfterExecuting (sequence A after executing) []
2026-05-19 12:20:13.623 [info] trackIdleOnPrompt: Idle scheduler fired, completing (dataEvents=12) []
2026-05-19 12:20:13.624 [info] RunInTerminalTool: Finished `rich` execute strategy with exitCode `undefined`, result.length `42`, error `undefined` []
2026-05-19 12:20:13.626 [info] RunInTerminalTool: shellIntegrationQuality=rich at banner decision time []
2026-05-19 12:22:31.074 [info] RunInTerminalTool: Command rewritten by z2t: Removed redundant cd command []
2026-05-19 12:22:31.093 [info] RunInTerminalTool#CommandLineAutoApproveAnalyzer: Parsed sub-commands via bash grammar [[".venv/bin/python -c \"from UI.rich_app import RichTermChat; print('ok')\""]]
2026-05-19 12:22:31.094 [info] RunInTerminalTool#CommandLineAutoApproveAnalyzer: All sub-commands NOT auto-approved [null]
2026-05-19 12:22:31.094 [info] RunInTerminalTool#CommandLineAutoApproveAnalyzer: Command line NOT auto-approved [null]
2026-05-19 12:22:31.094 [info] RunInTerminalTool#CommandLineAutoApproveAnalyzer: - Command '.venv/bin/python -c "from UI.rich_app import RichTermChat; print('ok')"' has no matching auto approve entries [null]
2026-05-19 12:22:31.094 [info] RunInTerminalTool#CommandLineAutoApproveAnalyzer: - Command line '.venv/bin/python -c "from UI.rich_app import RichTermChat; print('ok')"' has no matching auto approve entries [null]
2026-05-19 12:22:31.103 [info] RunInTerminalTool#CommandLineFileWriteAnalyzer: File writes detected [[]]
2026-05-19 12:23:08.216 [info] RunInTerminalTool: Using `rich` execute strategy for command `.venv/bin/python -c "from UI.rich_app import RichTermChat; print('ok')"` []
2026-05-19 12:23:08.377 [info] trackIdleOnPrompt: State Initial → Executing (sequence C) []
2026-05-19 12:23:09.276 [info] trackIdleOnPrompt: State Executing → PromptAfterExecuting (sequence A after executing) []
2026-05-19 12:23:10.278 [info] trackIdleOnPrompt: Idle scheduler fired, completing (dataEvents=12) []
2026-05-19 12:23:10.280 [info] RunInTerminalTool: Finished `rich` execute strategy with exitCode `undefined`, result.length `31`, error `undefined` []
2026-05-19 12:23:10.282 [info] RunInTerminalTool: shellIntegrationQuality=rich at banner decision time []
2026-05-19 12:25:33.002 [info] RunInTerminalTool: Command rewritten by z2t: Removed redundant cd command []
2026-05-19 12:25:33.024 [info] RunInTerminalTool#CommandLineAutoApproveAnalyzer: Parsed sub-commands via bash grammar [[".venv/bin/python -c \"from UI.rich_app import RichTermChat; print('ok-live')\""]]
2026-05-19 12:25:33.024 [info] RunInTerminalTool#CommandLineAutoApproveAnalyzer: All sub-commands NOT auto-approved [null]
2026-05-19 12:25:33.024 [info] RunInTerminalTool#CommandLineAutoApproveAnalyzer: Command line NOT auto-approved [null]
2026-05-19 12:25:33.025 [info] RunInTerminalTool#CommandLineAutoApproveAnalyzer: - Command '.venv/bin/python -c "from UI.rich_app import RichTermChat; print('ok-live')"' has no matching auto approve entries [null]
2026-05-19 12:25:33.025 [info] RunInTerminalTool#CommandLineAutoApproveAnalyzer: - Command line '.venv/bin/python -c "from UI.rich_app import RichTermChat; print('ok-live')"' has no matching auto approve entries [null]
2026-05-19 12:25:33.032 [info] RunInTerminalTool#CommandLineFileWriteAnalyzer: File writes detected [[]]
2026-05-19 12:25:36.831 [info] RunInTerminalTool: Using `rich` execute strategy for command `.venv/bin/python -c "from UI.rich_app import RichTermChat; print('ok-live')"` []
2026-05-19 12:25:36.958 [info] trackIdleOnPrompt: State Initial → Executing (sequence C) []
2026-05-19 12:25:37.892 [info] trackIdleOnPrompt: State Executing → PromptAfterExecuting (sequence A after executing) []
2026-05-19 12:25:38.906 [info] trackIdleOnPrompt: Idle scheduler fired, completing (dataEvents=12) []
2026-05-19 12:25:38.909 [info] RunInTerminalTool: Finished `rich` execute strategy with exitCode `undefined`, result.length `36`, error `undefined` []
2026-05-19 12:25:38.911 [info] RunInTerminalTool: shellIntegrationQuality=rich at banner decision time []
2026-05-19 12:39:55.441 [info] RunInTerminalTool: Command rewritten by z2t: Removed redundant cd command []
2026-05-19 12:39:55.468 [info] RunInTerminalTool#CommandLineAutoApproveAnalyzer: Parsed sub-commands via bash grammar [[".venv/bin/python -c \"from UI.rich_app import RichTermChat; print('ok-mouse-off')\""]]
2026-05-19 12:39:55.468 [info] RunInTerminalTool#CommandLineAutoApproveAnalyzer: All sub-commands NOT auto-approved [null]
2026-05-19 12:39:55.468 [info] RunInTerminalTool#CommandLineAutoApproveAnalyzer: Command line NOT auto-approved [null]
2026-05-19 12:39:55.469 [info] RunInTerminalTool#CommandLineAutoApproveAnalyzer: - Command '.venv/bin/python -c "from UI.rich_app import RichTermChat; print('ok-mouse-off')"' has no matching auto approve entries [null]
2026-05-19 12:39:55.469 [info] RunInTerminalTool#CommandLineAutoApproveAnalyzer: - Command line '.venv/bin/python -c "from UI.rich_app import RichTermChat; print('ok-mouse-off')"' has no matching auto approve entries [null]
2026-05-19 12:39:55.471 [info] RunInTerminalTool#CommandLineFileWriteAnalyzer: File writes detected [[]]
2026-05-19 12:40:37.909 [info] RunInTerminalTool: Using `rich` execute strategy for command `.venv/bin/python -c "from UI.rich_app import RichTermChat; print('ok-mouse-off')"` []
2026-05-19 12:40:38.037 [info] trackIdleOnPrompt: State Initial → Executing (sequence C) []
2026-05-19 12:40:38.888 [info] trackIdleOnPrompt: State Executing → PromptAfterExecuting (sequence A after executing) []
2026-05-19 12:40:39.891 [info] trackIdleOnPrompt: Idle scheduler fired, completing (dataEvents=12) []
2026-05-19 12:40:39.894 [info] RunInTerminalTool: Finished `rich` execute strategy with exitCode `undefined`, result.length `41`, error `undefined` []
2026-05-19 12:40:39.897 [info] RunInTerminalTool: shellIntegrationQuality=rich at banner decision time []
2026-05-19 12:42:57.559 [info] RunInTerminalTool: Command rewritten by z2t: Removed redundant cd command []
2026-05-19 12:42:57.580 [info] RunInTerminalTool#CommandLineAutoApproveAnalyzer: Parsed sub-commands via bash grammar [[".venv/bin/python -c \"from UI.rich_app import RichTermChat; print('ok-sanitize')\""]]
2026-05-19 12:42:57.580 [info] RunInTerminalTool#CommandLineAutoApproveAnalyzer: All sub-commands NOT auto-approved [null]
2026-05-19 12:42:57.580 [info] RunInTerminalTool#CommandLineAutoApproveAnalyzer: Command line NOT auto-approved [null]
2026-05-19 12:42:57.580 [info] RunInTerminalTool#CommandLineAutoApproveAnalyzer: - Command '.venv/bin/python -c "from UI.rich_app import RichTermChat; print('ok-sanitize')"' has no matching auto approve entries [null]
2026-05-19 12:42:57.580 [info] RunInTerminalTool#CommandLineAutoApproveAnalyzer: - Command line '.venv/bin/python -c "from UI.rich_app import RichTermChat; print('ok-sanitize')"' has no matching auto approve entries [null]
2026-05-19 12:42:57.587 [info] RunInTerminalTool#CommandLineFileWriteAnalyzer: File writes detected [[]]
2026-05-19 12:43:03.630 [info] RunInTerminalTool: Using `rich` execute strategy for command `.venv/bin/python -c "from UI.rich_app import RichTermChat; print('ok-sanitize')"` []
2026-05-19 12:43:03.758 [info] trackIdleOnPrompt: State Initial → Executing (sequence C) []
2026-05-19 12:43:04.412 [info] trackIdleOnPrompt: State Executing → PromptAfterExecuting (sequence A after executing) []
2026-05-19 12:43:05.417 [info] trackIdleOnPrompt: Idle scheduler fired, completing (dataEvents=12) []
2026-05-19 12:43:05.419 [info] RunInTerminalTool: Finished `rich` execute strategy with exitCode `undefined`, result.length `40`, error `undefined` []
2026-05-19 12:43:05.420 [info] RunInTerminalTool: shellIntegrationQuality=rich at banner decision time []
2026-05-19 12:48:59.744 [info] RunInTerminalTool: Command rewritten by z2t: Removed redundant cd command []
2026-05-19 12:48:59.776 [info] RunInTerminalTool#CommandLineAutoApproveAnalyzer: Parsed sub-commands via bash grammar [["uv lock","uv sync"]]
2026-05-19 12:48:59.776 [info] RunInTerminalTool#CommandLineAutoApproveAnalyzer: All sub-commands NOT auto-approved [null]
2026-05-19 12:48:59.776 [info] RunInTerminalTool#CommandLineAutoApproveAnalyzer: Command line NOT auto-approved [null]
2026-05-19 12:48:59.777 [info] RunInTerminalTool#CommandLineAutoApproveAnalyzer: - Command 'uv lock' has no matching auto approve entries [null]
2026-05-19 12:48:59.777 [info] RunInTerminalTool#CommandLineAutoApproveAnalyzer: - Command 'uv sync' has no matching auto approve entries [null]
2026-05-19 12:48:59.777 [info] RunInTerminalTool#CommandLineAutoApproveAnalyzer: - Command line 'uv lock && uv sync' has no matching auto approve entries [null]
2026-05-19 12:48:59.785 [info] RunInTerminalTool#CommandLineFileWriteAnalyzer: File writes detected [[]]
2026-05-19 12:49:22.219 [info] RunInTerminalTool: Using `rich` execute strategy for command `uv lock && uv sync` []
2026-05-19 12:49:22.350 [info] trackIdleOnPrompt: State Initial → Executing (sequence C) []
2026-05-19 12:49:25.304 [info] trackIdleOnPrompt: State Executing → PromptAfterExecuting (sequence A after executing) []
2026-05-19 12:49:26.305 [info] trackIdleOnPrompt: Idle scheduler fired, completing (dataEvents=43) []
2026-05-19 12:49:26.313 [info] RunInTerminalTool: Finished `rich` execute strategy with exitCode `undefined`, result.length `564`, error `undefined` []
2026-05-19 12:49:26.314 [info] RunInTerminalTool: shellIntegrationQuality=rich at banner decision time []
2026-05-19 12:49:32.106 [info] RunInTerminalTool: Command rewritten by z2t: Removed redundant cd command []
2026-05-19 12:49:32.129 [info] RunInTerminalTool#CommandLineAutoApproveAnalyzer: Parsed sub-commands via bash grammar [[".venv/bin/python -c \"from UI.ptk_app import PromptToolkitTermChat; print('ok-ptk')\""]]
2026-05-19 12:49:32.129 [info] RunInTerminalTool#CommandLineAutoApproveAnalyzer: All sub-commands NOT auto-approved [null]
2026-05-19 12:49:32.129 [info] RunInTerminalTool#CommandLineAutoApproveAnalyzer: Command line NOT auto-approved [null]
2026-05-19 12:49:32.130 [info] RunInTerminalTool#CommandLineAutoApproveAnalyzer: - Command '.venv/bin/python -c "from UI.ptk_app import PromptToolkitTermChat; print('ok-ptk')"' has no matching auto approve entries [null]
2026-05-19 12:49:32.130 [info] RunInTerminalTool#CommandLineAutoApproveAnalyzer: - Command line '.venv/bin/python -c "from UI.ptk_app import PromptToolkitTermChat; print('ok-ptk')"' has no matching auto approve entries [null]
2026-05-19 12:49:32.137 [info] RunInTerminalTool#CommandLineFileWriteAnalyzer: File writes detected [[]]
2026-05-19 12:49:48.358 [info] RunInTerminalTool: Using `rich` execute strategy for command `.venv/bin/python -c "from UI.ptk_app import PromptToolkitTermChat; print('ok-ptk')"` []
2026-05-19 12:49:48.474 [info] trackIdleOnPrompt: State Initial → Executing (sequence C) []
2026-05-19 12:49:49.758 [info] trackIdleOnPrompt: State Executing → PromptAfterExecuting (sequence A after executing) []
2026-05-19 12:49:50.762 [info] trackIdleOnPrompt: Idle scheduler fired, completing (dataEvents=12) []
2026-05-19 12:49:50.763 [info] RunInTerminalTool: Finished `rich` execute strategy with exitCode `undefined`, result.length `35`, error `undefined` []
2026-05-19 12:49:50.764 [info] RunInTerminalTool: shellIntegrationQuality=rich at banner decision time []
2026-05-19 12:56:26.382 [info] RunInTerminalTool: Command rewritten by z2t: Removed redundant cd command []
2026-05-19 12:56:26.435 [info] RunInTerminalTool#CommandLineAutoApproveAnalyzer: Parsed sub-commands via bash grammar [[".venv/bin/python -c \"from UI.ptk_app import PromptToolkitTermChat; print('ok-focus-skills')\""]]
2026-05-19 12:56:26.436 [info] RunInTerminalTool#CommandLineAutoApproveAnalyzer: All sub-commands NOT auto-approved [null]
2026-05-19 12:56:26.436 [info] RunInTerminalTool#CommandLineAutoApproveAnalyzer: Command line NOT auto-approved [null]
2026-05-19 12:56:26.436 [info] RunInTerminalTool#CommandLineAutoApproveAnalyzer: - Command '.venv/bin/python -c "from UI.ptk_app import PromptToolkitTermChat; print('ok-focus-skills')"' has no matching auto approve entries [null]
2026-05-19 12:56:26.437 [info] RunInTerminalTool#CommandLineAutoApproveAnalyzer: - Command line '.venv/bin/python -c "from UI.ptk_app import PromptToolkitTermChat; print('ok-focus-skills')"' has no matching auto approve entries [null]
2026-05-19 12:56:26.444 [info] RunInTerminalTool#CommandLineFileWriteAnalyzer: File writes detected [[]]
2026-05-19 12:56:37.565 [info] RunInTerminalTool: Using `rich` execute strategy for command `.venv/bin/python -c "from UI.ptk_app import PromptToolkitTermChat; print('ok-focus-skills')"` []
2026-05-19 12:56:37.673 [info] trackIdleOnPrompt: State Initial → Executing (sequence C) []
2026-05-19 12:56:38.455 [info] trackIdleOnPrompt: State Executing → PromptAfterExecuting (sequence A after executing) []
2026-05-19 12:56:39.473 [info] trackIdleOnPrompt: Idle scheduler fired, completing (dataEvents=11) []
2026-05-19 12:56:39.475 [info] RunInTerminalTool: Finished `rich` execute strategy with exitCode `undefined`, result.length `44`, error `undefined` []
2026-05-19 12:56:39.478 [info] RunInTerminalTool: shellIntegrationQuality=rich at banner decision time []
2026-05-19 12:59:00.496 [info] RunInTerminalTool: Command rewritten by z2t: Removed redundant cd command []
2026-05-19 12:59:00.522 [info] RunInTerminalTool#CommandLineAutoApproveAnalyzer: Parsed sub-commands via bash grammar [[".venv/bin/python -c \"from UI.ptk_app import PromptToolkitTermChat; print('ok-slash')\""]]
2026-05-19 12:59:00.523 [info] RunInTerminalTool#CommandLineAutoApproveAnalyzer: All sub-commands NOT auto-approved [null]
2026-05-19 12:59:00.523 [info] RunInTerminalTool#CommandLineAutoApproveAnalyzer: Command line NOT auto-approved [null]
2026-05-19 12:59:00.524 [info] RunInTerminalTool#CommandLineAutoApproveAnalyzer: - Command '.venv/bin/python -c "from UI.ptk_app import PromptToolkitTermChat; print('ok-slash')"' has no matching auto approve entries [null]
2026-05-19 12:59:00.524 [info] RunInTerminalTool#CommandLineAutoApproveAnalyzer: - Command line '.venv/bin/python -c "from UI.ptk_app import PromptToolkitTermChat; print('ok-slash')"' has no matching auto approve entries [null]
2026-05-19 12:59:00.535 [info] RunInTerminalTool#CommandLineFileWriteAnalyzer: File writes detected [[]]
2026-05-19 12:59:05.963 [info] RunInTerminalTool: Using `rich` execute strategy for command `.venv/bin/python -c "from UI.ptk_app import PromptToolkitTermChat; print('ok-slash')"` []
2026-05-19 12:59:06.063 [info] trackIdleOnPrompt: State Initial → Executing (sequence C) []
2026-05-19 12:59:06.803 [info] trackIdleOnPrompt: State Executing → PromptAfterExecuting (sequence A after executing) []
2026-05-19 12:59:07.804 [info] trackIdleOnPrompt: Idle scheduler fired, completing (dataEvents=12) []
2026-05-19 12:59:07.807 [info] RunInTerminalTool: Finished `rich` execute strategy with exitCode `undefined`, result.length `37`, error `undefined` []
2026-05-19 12:59:07.809 [info] RunInTerminalTool: shellIntegrationQuality=rich at banner decision time []
2026-05-19 13:00:44.059 [info] RunInTerminalTool: Command rewritten by z2t: Removed redundant cd command []
2026-05-19 13:00:44.078 [info] RunInTerminalTool#CommandLineAutoApproveAnalyzer: Parsed sub-commands via bash grammar [[".venv/bin/python -c \"from UI.ptk_app import PromptToolkitTermChat, CommandCompleter; print('ok-autocomplete')\""]]
2026-05-19 13:00:44.078 [info] RunInTerminalTool#CommandLineAutoApproveAnalyzer: All sub-commands NOT auto-approved [null]
2026-05-19 13:00:44.079 [info] RunInTerminalTool#CommandLineAutoApproveAnalyzer: Command line NOT auto-approved [null]
2026-05-19 13:00:44.079 [info] RunInTerminalTool#CommandLineAutoApproveAnalyzer: - Command '.venv/bin/python -c "from UI.ptk_app import PromptToolkitTermChat, CommandCompleter; print('ok-autocomplete')"' has no matching auto approve entries [null]
2026-05-19 13:00:44.079 [info] RunInTerminalTool#CommandLineAutoApproveAnalyzer: - Command line '.venv/bin/python -c "from UI.ptk_app import PromptToolkitTermChat, CommandCompleter; print('ok-autocomplete')"' has no matching auto approve entries [null]
2026-05-19 13:00:44.087 [info] RunInTerminalTool#CommandLineFileWriteAnalyzer: File writes detected [[]]
2026-05-19 13:00:49.298 [info] RunInTerminalTool: Using `rich` execute strategy for command `.venv/bin/python -c "from UI.ptk_app import PromptToolkitTermChat, CommandCompleter; print('ok-autocomplete')"` []
2026-05-19 13:00:49.416 [info] trackIdleOnPrompt: State Initial → Executing (sequence C) []
2026-05-19 13:00:50.267 [info] trackIdleOnPrompt: State Executing → PromptAfterExecuting (sequence A after executing) []
2026-05-19 13:00:51.268 [info] trackIdleOnPrompt: Idle scheduler fired, completing (dataEvents=12) []
2026-05-19 13:00:51.271 [info] RunInTerminalTool: Finished `rich` execute strategy with exitCode `undefined`, result.length `44`, error `undefined` []
2026-05-19 13:00:51.273 [info] RunInTerminalTool: shellIntegrationQuality=rich at banner decision time []
2026-05-19 13:10:43.401 [info] RunInTerminalTool#CommandLineAutoApproveAnalyzer: Parsed sub-commands via bash grammar [[".venv/bin/python -c \"from UI.ptk_app import PromptToolkitTermChat; print('ok-ptk-import')\""]]
2026-05-19 13:10:43.402 [info] RunInTerminalTool#CommandLineAutoApproveAnalyzer: All sub-commands NOT auto-approved [null]
2026-05-19 13:10:43.402 [info] RunInTerminalTool#CommandLineAutoApproveAnalyzer: Command line NOT auto-approved [null]
2026-05-19 13:10:43.402 [info] RunInTerminalTool#CommandLineAutoApproveAnalyzer: - Command '.venv/bin/python -c "from UI.ptk_app import PromptToolkitTermChat; print('ok-ptk-import')"' has no matching auto approve entries [null]
2026-05-19 13:10:43.403 [info] RunInTerminalTool#CommandLineAutoApproveAnalyzer: - Command line '.venv/bin/python -c "from UI.ptk_app import PromptToolkitTermChat; print('ok-ptk-import')"' has no matching auto approve entries [null]
2026-05-19 13:10:43.413 [info] RunInTerminalTool#CommandLineFileWriteAnalyzer: File writes detected [[]]
2026-05-19 13:11:33.727 [info] RunInTerminalTool: Using `rich` execute strategy for command `.venv/bin/python -c "from UI.ptk_app import PromptToolkitTermChat; print('ok-ptk-import')"` []
2026-05-19 13:11:33.868 [info] trackIdleOnPrompt: State Initial → Executing (sequence C) []
2026-05-19 13:11:34.545 [info] trackIdleOnPrompt: State Executing → PromptAfterExecuting (sequence A after executing) []
2026-05-19 13:11:35.548 [info] trackIdleOnPrompt: Idle scheduler fired, completing (dataEvents=11) []
2026-05-19 13:11:35.550 [info] RunInTerminalTool: Finished `rich` execute strategy with exitCode `undefined`, result.length `42`, error `undefined` []
2026-05-19 13:11:35.552 [info] RunInTerminalTool: shellIntegrationQuality=rich at banner decision time []
2026-05-19 13:14:38.842 [info] RunInTerminalTool#CommandLineAutoApproveAnalyzer: Parsed sub-commands via bash grammar [[".venv/bin/python -c \"from UI.ptk_app import PromptToolkitTermChat; print('ok-ptk-import')\""]]
2026-05-19 13:14:38.842 [info] RunInTerminalTool#CommandLineAutoApproveAnalyzer: All sub-commands NOT auto-approved [null]
2026-05-19 13:14:38.842 [info] RunInTerminalTool#CommandLineAutoApproveAnalyzer: Command line NOT auto-approved [null]
2026-05-19 13:14:38.842 [info] RunInTerminalTool#CommandLineAutoApproveAnalyzer: - Command '.venv/bin/python -c "from UI.ptk_app import PromptToolkitTermChat; print('ok-ptk-import')"' has no matching auto approve entries [null]
2026-05-19 13:14:38.843 [info] RunInTerminalTool#CommandLineAutoApproveAnalyzer: - Command line '.venv/bin/python -c "from UI.ptk_app import PromptToolkitTermChat; print('ok-ptk-import')"' has no matching auto approve entries [null]
2026-05-19 13:14:38.850 [info] RunInTerminalTool#CommandLineFileWriteAnalyzer: File writes detected [[]]
2026-05-19 13:14:50.797 [info] RunInTerminalTool: Using `rich` execute strategy for command `.venv/bin/python -c "from UI.ptk_app import PromptToolkitTermChat; print('ok-ptk-import')"` []
2026-05-19 13:14:50.896 [info] trackIdleOnPrompt: State Initial → Executing (sequence C) []
2026-05-19 13:14:51.625 [info] trackIdleOnPrompt: State Executing → PromptAfterExecuting (sequence A after executing) []
2026-05-19 13:14:52.626 [info] trackIdleOnPrompt: Idle scheduler fired, completing (dataEvents=12) []
2026-05-19 13:14:52.630 [info] RunInTerminalTool: Finished `rich` execute strategy with exitCode `undefined`, result.length `42`, error `undefined` []
2026-05-19 13:14:52.632 [info] RunInTerminalTool: shellIntegrationQuality=rich at banner decision time []
