2026-05-19 11:55:39.396 [info] Reading sessions from keychain...
2026-05-19 11:55:39.396 [info] Getting sessions for all scopes...
2026-05-19 11:55:39.396 [info] Got stored sessions!
2026-05-19 11:55:39.396 [info] Got 1 verified sessions.
2026-05-19 11:55:39.396 [info] Got 1 sessions for ...
2026-05-19 11:55:39.396 [info] Getting sessions for all scopes...
2026-05-19 11:55:39.396 [info] Got 1 sessions for ...
2026-05-19 11:55:39.396 [info] Getting sessions for all scopes...
2026-05-19 11:55:39.396 [info] Got 1 sessions for ...
2026-05-19 11:55:39.396 [info] Getting sessions for all scopes...
2026-05-19 11:55:39.396 [info] Got 1 sessions for ...
2026-05-19 11:55:39.396 [info] Getting sessions for all scopes...
2026-05-19 11:55:39.396 [info] Got 1 sessions for ...
2026-05-19 11:55:39.396 [info] Getting sessions for all scopes...
2026-05-19 11:55:39.396 [info] Got 1 sessions for ...
2026-05-19 11:55:39.396 [info] Getting sessions for all scopes...
2026-05-19 11:55:39.396 [info] Got 1 sessions for ...
2026-05-19 11:55:39.396 [info] Getting sessions for all scopes...
2026-05-19 11:55:39.396 [info] Got 1 sessions for ...
2026-05-19 11:55:39.453 [info] Getting sessions for read:user,repo,user:email,workflow...
2026-05-19 11:55:39.454 [info] Got 1 sessions for read:user,repo,user:email,workflow...
2026-05-19 11:55:39.914 [info] Getting sessions for all scopes...
2026-05-19 11:55:39.914 [info] Got 1 sessions for ...
2026-05-19 11:55:40.250 [info] Getting sessions for read:user,repo,user:email,workflow...
2026-05-19 11:55:40.250 [info] Got 1 sessions for read:user,repo,user:email,workflow...
2026-05-19 11:55:40.329 [info] Getting sessions for all scopes...
2026-05-19 11:55:40.329 [info] Got 1 sessions for ...
2026-05-19 11:55:40.581 [info] Getting sessions for all scopes...
2026-05-19 11:55:40.581 [info] Got 1 sessions for ...
2026-05-19 11:55:40.629 [info] Getting sessions for all scopes...
2026-05-19 11:55:40.629 [info] Got 1 sessions for ...
2026-05-19 11:55:40.678 [info] Getting sessions for read:user,repo,user:email,workflow...
2026-05-19 11:55:40.678 [info] Got 1 sessions for read:user,repo,user:email,workflow...
2026-05-19 11:55:40.968 [info] Getting sessions for all scopes...
2026-05-19 11:55:40.968 [info] Got 1 sessions for ...
2026-05-19 11:55:41.001 [info] Getting sessions for all scopes...
2026-05-19 11:55:41.001 [info] Got 1 sessions for ...
2026-05-19 11:55:41.007 [info] Getting sessions for all scopes...
2026-05-19 11:55:41.007 [info] Got 1 sessions for ...
2026-05-19 11:55:41.060 [info] Getting sessions for all scopes...
2026-05-19 11:55:41.060 [info] Got 1 sessions for ...
2026-05-19 11:55:41.111 [info] Getting sessions for read:user,repo,user:email,workflow...
2026-05-19 11:55:41.111 [info] Got 1 sessions for read:user,repo,user:email,workflow...
2026-05-19 11:55:41.158 [info] Getting sessions for all scopes...
2026-05-19 11:55:41.158 [info] Got 1 sessions for ...
2026-05-19 11:55:41.158 [info] Getting sessions for all scopes...
2026-05-19 11:55:41.158 [info] Got 1 sessions for ...
2026-05-19 11:55:41.161 [info] Getting sessions for read:user,repo,user:email,workflow...
2026-05-19 11:55:41.161 [info] Got 1 sessions for read:user,repo,user:email,workflow...
2026-05-19 11:55:41.384 [info] Getting sessions for all scopes...
2026-05-19 11:55:41.384 [info] Got 1 sessions for ...
2026-05-19 11:55:41.390 [info] Getting sessions for all scopes...
2026-05-19 11:55:41.390 [info] Got 1 sessions for ...
2026-05-19 11:55:41.429 [info] Getting sessions for read:user,repo,user:email,workflow...
2026-05-19 11:55:41.429 [info] Got 1 sessions for read:user,repo,user:email,workflow...
2026-05-19 11:55:51.579 [info] Getting sessions for all scopes...
2026-05-19 11:55:51.579 [info] Got 1 sessions for ...
2026-05-19 11:55:51.582 [info] Getting sessions for all scopes...
2026-05-19 11:55:51.582 [info] Got 1 sessions for ...
2026-05-19 11:56:43.180 [info] Getting sessions for all scopes...
2026-05-19 11:56:43.180 [info] Got 1 sessions for ...
2026-05-19 11:56:43.210 [info] Getting sessions for read:user,repo,user:email,workflow...
2026-05-19 11:56:43.211 [info] Got 1 sessions for read:user,repo,user:email,workflow...
2026-05-19 11:56:43.806 [info] Getting sessions for all scopes...
2026-05-19 11:56:43.806 [info] Got 1 sessions for ...
2026-05-19 11:56:43.817 [info] Getting sessions for read:user,repo,user:email,workflow...
2026-05-19 11:56:43.818 [info] Got 1 sessions for read:user,repo,user:email,workflow...
2026-05-19 11:56:45.604 [info] Getting sessions for all scopes...
2026-05-19 11:56:45.604 [info] Got 1 sessions for ...
2026-05-19 11:56:45.770 [info] Getting sessions for all scopes...
2026-05-19 11:56:45.770 [info] Got 1 sessions for ...
2026-05-19 12:01:58.547 [info] Getting sessions for all scopes...
2026-05-19 12:01:58.547 [info] Got 1 sessions for ...
2026-05-19 12:01:58.607 [info] Getting sessions for all scopes...
2026-05-19 12:01:58.607 [info] Got 1 sessions for ...
2026-05-19 12:17:33.337 [info] Getting sessions for all scopes...
2026-05-19 12:17:33.340 [info] Got 1 sessions for ...
2026-05-19 12:17:33.348 [info] Getting sessions for read:user,repo,user:email,workflow...
2026-05-19 12:17:33.348 [info] Got 1 sessions for read:user,repo,user:email,workflow...
2026-05-19 12:17:33.914 [info] Getting sessions for all scopes...
2026-05-19 12:17:33.914 [info] Got 1 sessions for ...
2026-05-19 12:17:33.915 [info] Getting sessions for all scopes...
2026-05-19 12:17:33.915 [info] Got 1 sessions for ...
2026-05-19 12:17:33.919 [info] Getting sessions for read:user,repo,user:email,workflow...
2026-05-19 12:17:33.919 [info] Got 1 sessions for read:user,repo,user:email,workflow...
2026-05-19 12:17:33.967 [info] Getting sessions for all scopes...
2026-05-19 12:17:33.967 [info] Got 1 sessions for ...
2026-05-19 12:17:33.968 [info] Getting sessions for all scopes...
2026-05-19 12:17:33.968 [info] Got 1 sessions for ...
2026-05-19 12:17:33.971 [info] Getting sessions for read:user,repo,user:email,workflow...
2026-05-19 12:17:33.971 [info] Got 1 sessions for read:user,repo,user:email,workflow...
2026-05-19 12:39:18.202 [info] Getting sessions for all scopes...
2026-05-19 12:39:18.205 [info] Got 1 sessions for ...
2026-05-19 12:39:18.253 [info] Getting sessions for read:user,repo,user:email,workflow...
2026-05-19 12:39:18.254 [info] Got 1 sessions for read:user,repo,user:email,workflow...
2026-05-19 12:39:18.870 [info] Getting sessions for all scopes...
2026-05-19 12:39:18.870 [info] Got 1 sessions for ...
2026-05-19 12:39:18.871 [info] Getting sessions for all scopes...
2026-05-19 12:39:18.871 [info] Got 1 sessions for ...
2026-05-19 12:39:18.874 [info] Getting sessions for read:user,repo,user:email,workflow...
2026-05-19 12:39:18.874 [info] Got 1 sessions for read:user,repo,user:email,workflow...
2026-05-19 12:39:18.911 [info] Getting sessions for all scopes...
2026-05-19 12:39:18.911 [info] Got 1 sessions for ...
2026-05-19 12:39:18.912 [info] Getting sessions for all scopes...
2026-05-19 12:39:18.912 [info] Got 1 sessions for ...
2026-05-19 12:39:18.918 [info] Getting sessions for read:user,repo,user:email,workflow...
2026-05-19 12:39:18.918 [info] Got 1 sessions for read:user,repo,user:email,workflow...
2026-05-19 12:41:17.779 [info] Getting sessions for all scopes...
2026-05-19 12:41:17.779 [info] Got 1 sessions for ...
2026-05-19 12:41:17.828 [info] Getting sessions for all scopes...
2026-05-19 12:41:17.828 [info] Got 1 sessions for ...
2026-05-19 12:41:22.594 [info] Getting sessions for all scopes...
2026-05-19 12:41:22.594 [info] Got 1 sessions for ...
2026-05-19 12:41:22.658 [info] Getting sessions for all scopes...
2026-05-19 12:41:22.658 [info] Got 1 sessions for ...
2026-05-19 12:41:26.881 [info] Getting sessions for all scopes...
2026-05-19 12:41:26.881 [info] Got 1 sessions for ...
2026-05-19 12:41:26.941 [info] Getting sessions for all scopes...
2026-05-19 12:41:26.941 [info] Got 1 sessions for ...
2026-05-19 12:42:25.599 [info] Getting sessions for all scopes...
2026-05-19 12:42:25.599 [info] Got 1 sessions for ...
2026-05-19 12:42:25.601 [info] Getting sessions for read:user,repo,user:email,workflow...
2026-05-19 12:42:25.601 [info] Got 1 sessions for read:user,repo,user:email,workflow...
2026-05-19 12:44:08.143 [info] Getting sessions for all scopes...
2026-05-19 12:44:08.145 [info] Got 1 sessions for ...
2026-05-19 12:44:08.188 [info] Getting sessions for all scopes...
2026-05-19 12:44:08.188 [info] Got 1 sessions for ...
2026-05-19 12:48:17.115 [info] Getting sessions for all scopes...
2026-05-19 12:48:17.116 [info] Got 1 sessions for ...
2026-05-19 12:48:17.133 [info] Getting sessions for all scopes...
2026-05-19 12:48:17.133 [info] Got 1 sessions for ...
2026-05-19 12:54:16.704 [info] Getting sessions for all scopes...
2026-05-19 12:54:16.704 [info] Got 1 sessions for ...
2026-05-19 12:54:16.732 [info] Getting sessions for all scopes...
2026-05-19 12:54:16.733 [info] Got 1 sessions for ...
2026-05-19 12:55:58.728 [info] Getting sessions for all scopes...
2026-05-19 12:55:58.729 [info] Got 1 sessions for ...
2026-05-19 12:55:58.753 [info] Getting sessions for all scopes...
2026-05-19 12:55:58.753 [info] Got 1 sessions for ...
2026-05-19 13:00:21.000 [info] Getting sessions for all scopes...
2026-05-19 13:00:21.001 [info] Got 1 sessions for ...
2026-05-19 13:00:21.009 [info] Getting sessions for read:user,repo,user:email,workflow...
2026-05-19 13:00:21.009 [info] Got 1 sessions for read:user,repo,user:email,workflow...
2026-05-19 13:00:21.500 [info] Getting sessions for all scopes...
2026-05-19 13:00:21.500 [info] Got 1 sessions for ...
2026-05-19 13:00:21.501 [info] Getting sessions for all scopes...
2026-05-19 13:00:21.501 [info] Got 1 sessions for ...
2026-05-19 13:00:21.508 [info] Getting sessions for read:user,repo,user:email,workflow...
2026-05-19 13:00:21.508 [info] Got 1 sessions for read:user,repo,user:email,workflow...
2026-05-19 13:00:21.549 [info] Getting sessions for all scopes...
2026-05-19 13:00:21.549 [info] Got 1 sessions for ...
2026-05-19 13:00:21.550 [info] Getting sessions for all scopes...
2026-05-19 13:00:21.550 [info] Got 1 sessions for ...
2026-05-19 13:00:21.552 [info] Getting sessions for read:user,repo,user:email,workflow...
2026-05-19 13:00:21.552 [info] Got 1 sessions for read:user,repo,user:email,workflow...
2026-05-19 13:08:33.669 [info] Getting sessions for all scopes...
2026-05-19 13:08:33.669 [info] Got 1 sessions for ...
2026-05-19 13:08:33.675 [info] Getting sessions for all scopes...
2026-05-19 13:08:33.675 [info] Got 1 sessions for ...
2026-05-19 13:09:09.893 [info] Getting sessions for all scopes...
2026-05-19 13:09:09.893 [info] Got 1 sessions for ...
2026-05-19 13:09:09.908 [info] Getting sessions for all scopes...
2026-05-19 13:09:09.908 [info] Got 1 sessions for ...
2026-05-19 13:10:00.519 [info] Getting sessions for all scopes...
2026-05-19 13:10:00.519 [info] Got 1 sessions for ...
2026-05-19 13:10:00.523 [info] Getting sessions for read:user,repo,user:email,workflow...
2026-05-19 13:10:00.523 [info] Got 1 sessions for read:user,repo,user:email,workflow...
2026-05-19 13:10:02.225 [info] Getting sessions for all scopes...
2026-05-19 13:10:02.225 [info] Got 1 sessions for ...
2026-05-19 13:10:02.255 [info] Getting sessions for read:user,repo,user:email,workflow...
2026-05-19 13:10:02.255 [info] Got 1 sessions for read:user,repo,user:email,workflow...
2026-05-19 13:12:29.379 [info] Getting sessions for all scopes...
2026-05-19 13:12:29.379 [info] Got 1 sessions for ...
2026-05-19 13:12:29.397 [info] Getting sessions for all scopes...
2026-05-19 13:12:29.397 [info] Got 1 sessions for ...
2026-05-19 13:16:28.033 [info] Getting sessions for all scopes...
2026-05-19 13:16:28.034 [info] Got 1 sessions for ...
2026-05-19 13:16:28.064 [info] Getting sessions for all scopes...
2026-05-19 13:16:28.064 [info] Got 1 sessions for ...
