2026-05-14 19:23:31.237 [info] I0514 19:23:31.236248 19231 server.go:1236] Starting language server process with pid 19231
2026-05-14 19:23:31.237 [info] I0514 19:23:31.236436 19231 server.go:301] Setting GOMAXPROCS to 4
2026-05-14 19:23:31.240 [info] I0514 19:23:31.239531 19231 server.go:440] Language server will attempt to listen on host 127.0.0.1
2026-05-14 19:23:31.240 [info] I0514 19:23:31.240102 19231 server.go:454] Language server listening on random port at 35939 for HTTPS (gRPC)
2026-05-14 19:23:31.240 [info] I0514 19:23:31.240147 19231 server.go:461] Language server listening on random port at 46087 for HTTP
2026-05-14 19:23:31.559 [info] I0514 19:23:31.558959 19231 server.go:433] Created extension server client at port 33833
2026-05-14 19:23:31.596 [info] I0514 19:23:31.595714 19231 cascade_manager.go:773] Reactive state is disabled
2026-05-14 19:23:31.623 [info] (Antigravity) 2026-05-14 19:23:31.618 [INFO]: Language server started
2026-05-14 19:23:31.647 [info] I0514 19:23:31.636560 19231 server.go:1693] initialized server successfully in 400.082156ms
2026-05-14 19:23:31.677 [info] E0514 19:23:31.674052 19231 log.go:398] failed to get git info for workspace /home/juan/projects/TermChat: reference not found: reference not found
2026-05-14 19:23:31.684 [info] (Antigravity) 2026-05-14 19:23:31.684 [INFO]: LS lspClient started successfully
2026-05-14 19:23:32.711 [info] I0514 19:23:32.344596 19231 http_helpers.go:151] URL: https://daily-cloudcode-pa.googleapis.com/v1internal:loadCodeAssist Trace: 0xae5e83a821647c32
2026-05-14 19:23:37.205 [info] I0514 19:23:37.199783 19464 server.go:1236] Starting language server process with pid 19464
2026-05-14 19:23:37.206 [info] I0514 19:23:37.199899 19464 server.go:301] Setting GOMAXPROCS to 4
2026-05-14 19:23:37.206 [info] I0514 19:23:37.201089 19464 server.go:440] Language server will attempt to listen on host 127.0.0.1
2026-05-14 19:23:37.206 [info] I0514 19:23:37.201487 19464 server.go:454] Language server listening on random port at 39439 for HTTPS (gRPC)
2026-05-14 19:23:37.206 [info] I0514 19:23:37.201544 19464 server.go:461] Language server listening on random port at 42689 for HTTP
2026-05-14 19:23:37.556 [info] I0514 19:23:37.555147 19464 server.go:433] Created extension server client at port 40727
2026-05-14 19:23:37.642 [info] I0514 19:23:37.639821 19464 cascade_manager.go:773] Reactive state is disabled
2026-05-14 19:23:37.700 [info] (Antigravity) 2026-05-14 19:23:37.698 [INFO]: Language server started
2026-05-14 19:23:37.776 [info] I0514 19:23:37.728936 19464 server.go:1693] initialized server successfully in 528.999797ms
2026-05-14 19:23:37.905 [info] (Antigravity) 2026-05-14 19:23:37.904 [INFO]: LS lspClient started successfully
2026-05-14 19:23:38.483 [info] I0514 19:23:38.483267 19464 http_helpers.go:151] URL: https://daily-cloudcode-pa.googleapis.com/v1internal:loadCodeAssist Trace: 0x9fa128d7cebf38fa
2026-05-14 19:23:39.104 [info] I0514 19:23:39.103365 19464 http_helpers.go:151] URL: https://daily-cloudcode-pa.googleapis.com/v1internal:loadCodeAssist Trace: 0x480df38bbfbbba18
2026-05-14 19:23:40.443 [info] I0514 19:23:40.442737 19464 http_helpers.go:151] URL: https://daily-cloudcode-pa.googleapis.com/v1internal:fetchAvailableModels Trace: 0xf31044fb8a148a30
2026-05-14 19:24:37.979 [info] I0514 19:24:37.978226 19464 http_helpers.go:151] URL: https://daily-cloudcode-pa.googleapis.com/v1internal:loadCodeAssist Trace: 0xdc45714a79438121
2026-05-14 19:24:38.200 [info] I0514 19:24:38.200103 19464 http_helpers.go:151] URL: https://daily-cloudcode-pa.googleapis.com/v1internal:loadCodeAssist Trace: 0xf59c84d1700e892
2026-05-14 19:24:38.371 [info] I0514 19:24:38.370692 19464 http_helpers.go:151] URL: https://daily-cloudcode-pa.googleapis.com/v1internal:fetchAvailableModels Trace: 0xe7a613ef6ba2f258
2026-05-14 19:28:10.654 [info] (Antigravity) 2026-05-14 19:28:10.654 [INFO]: [Terminal] Command completed:  exit code 0
2026-05-14 19:28:44.438 [info] (Antigravity) 2026-05-14 19:28:44.438 [INFO]: [Terminal] Command completed:  exit code 1
2026-05-14 19:28:48.120 [info] (Antigravity) 2026-05-14 19:28:48.119 [INFO]: [Terminal] Command completed:  exit code 254
2026-05-14 19:28:59.889 [info] (Antigravity) 2026-05-14 19:28:59.889 [INFO]: [Terminal] Command completed:  exit code 0
2026-05-14 19:29:10.007 [info] (Antigravity) 2026-05-14 19:29:10.006 [INFO]: [Terminal] Command completed:  exit code 1
2026-05-14 19:29:20.608 [info] (Antigravity) 2026-05-14 19:29:20.608 [INFO]: [SupercompleteProvider] No supercomplete response
2026-05-14 19:29:21.452 [info] (Antigravity) 2026-05-14 19:29:21.452 [INFO]: [Terminal] Command completed:  exit code 1
2026-05-14 19:29:44.787 [info] (Antigravity) 2026-05-14 19:29:44.786 [INFO]: [Terminal] Command completed:  exit code 0
2026-05-14 19:29:51.039 [info] (Antigravity) 2026-05-14 19:29:51.039 [INFO]: [Terminal] Command completed:  exit code 0
2026-05-14 19:30:38.168 [info] I0514 19:30:38.167595 19464 http_helpers.go:151] URL: https://daily-cloudcode-pa.googleapis.com/v1internal:fetchAvailableModels Trace: 0xf58b3f47e5cd4fa2
2026-05-14 19:30:39.047 [info] I0514 19:30:39.046245 19464 http_helpers.go:151] URL: https://daily-cloudcode-pa.googleapis.com/v1internal:loadCodeAssist Trace: 0xe24c9a33aa208221
2026-05-14 19:30:39.339 [info] I0514 19:30:39.338063 19464 http_helpers.go:151] URL: https://daily-cloudcode-pa.googleapis.com/v1internal:loadCodeAssist Trace: 0xdf98032db14285bc
2026-05-14 19:30:59.575 [info] (Antigravity) 2026-05-14 19:30:59.574 [INFO]: [Terminal] Command completed:  exit code 0
2026-05-14 19:31:08.690 [info] (Antigravity) 2026-05-14 19:31:08.690 [INFO]: [Terminal] Command completed:  exit code 127
2026-05-14 19:31:44.893 [info] (Antigravity) 2026-05-14 19:31:44.893 [INFO]: [Terminal] Command completed:  exit code 0
2026-05-14 19:31:49.543 [info] (Antigravity) 2026-05-14 19:31:49.542 [INFO]: [Terminal] Command completed:  exit code 127
2026-05-14 19:32:06.513 [info] (Antigravity) 2026-05-14 19:32:06.512 [INFO]: [Terminal] Command completed:  exit code 127
2026-05-14 19:32:20.570 [info] (Antigravity) 2026-05-14 19:32:20.570 [INFO]: [Terminal] Command completed:  exit code 127
2026-05-14 19:32:33.384 [info] (Antigravity) 2026-05-14 19:32:33.384 [INFO]: [Terminal] Command completed:  exit code 0
2026-05-14 19:36:38.317 [info] I0514 19:36:38.317446 19464 http_helpers.go:151] URL: https://daily-cloudcode-pa.googleapis.com/v1internal:fetchAvailableModels Trace: 0x693f5a1123595e5e
2026-05-14 19:36:38.929 [info] I0514 19:36:38.928987 19464 http_helpers.go:151] URL: https://daily-cloudcode-pa.googleapis.com/v1internal:loadCodeAssist Trace: 0x7cf9c6444ff58aff
2026-05-14 19:36:39.337 [info] I0514 19:36:39.337205 19464 http_helpers.go:151] URL: https://daily-cloudcode-pa.googleapis.com/v1internal:loadCodeAssist Trace: 0xb0978b0309536dc9
2026-05-14 19:37:33.159 [info] (Antigravity) 2026-05-14 19:37:33.159 [INFO]: [SupercompleteProvider] No supercomplete response
2026-05-14 19:37:33.173 [info] (Antigravity) 2026-05-14 19:37:33.173 [INFO]: [SupercompleteProvider] No supercomplete response
2026-05-14 19:37:34.057 [info] (Antigravity) 2026-05-14 19:37:34.057 [INFO]: [SupercompleteProvider] No supercomplete response
2026-05-14 19:38:20.819 [info] (Antigravity) 2026-05-14 19:38:20.819 [INFO]: [Terminal] Command completed:  exit code 0
2026-05-14 19:40:47.189 [info] (Antigravity) 2026-05-14 19:40:47.189 [INFO]: [Terminal] Command completed:  exit code 0
2026-05-14 19:41:38.962 [info] I0514 19:41:38.962017 19464 http_helpers.go:151] URL: https://daily-cloudcode-pa.googleapis.com/v1internal:fetchAvailableModels Trace: 0x7595841e2a11af6d
2026-05-14 19:47:38.273 [info] I0514 19:47:38.272520 19464 http_helpers.go:151] URL: https://daily-cloudcode-pa.googleapis.com/v1internal:fetchAvailableModels Trace: 0xf047229f4f25c3f0
2026-05-14 19:47:38.622 [info] I0514 19:47:38.621449 19464 http_helpers.go:151] URL: https://daily-cloudcode-pa.googleapis.com/v1internal:loadCodeAssist Trace: 0xfb8a1f695eda2581
2026-05-14 19:47:38.971 [info] I0514 19:47:38.971191 19464 http_helpers.go:151] URL: https://daily-cloudcode-pa.googleapis.com/v1internal:loadCodeAssist Trace: 0xb2627abdb9a4ec4b
