2026-05-15 08:31:00.602 [info] Python-envs extension version: 1.20.1
2026-05-15 08:31:00.602 [info] 
=== Python Envs Configuration Levels ===
2026-05-15 08:31:00.602 [info] {
  "section": "Python Envs Configuration Levels",
  "defaultEnvManager": {
    "workspaceFolderValue": "undefined",
    "workspaceValue": "undefined",
    "globalValue": "undefined",
    "defaultValue": "ms-python.python:venv"
  },
  "defaultPackageManager": {
    "workspaceFolderValue": "undefined",
    "workspaceValue": "undefined",
    "globalValue": "undefined",
    "defaultValue": "ms-python.python:pip"
  }
}
2026-05-15 08:31:00.602 [info] [pet] Starting Python Locator /home/juan/.antigravity/extensions/ms-python.python-2026.4.0-universal/python-env-tools/bin/pet server
2026-05-15 08:31:00.602 [error] [pet] Process error: A system error occurred (spawn /home/juan/.antigravity/extensions/ms-python.python-2026.4.0-universal/python-env-tools/bin/pet ENOENT)
2026-05-15 08:31:00.602 [warning] [pet] Restarting Python Environment Tools (attempt 1/3, waiting 1000ms)
2026-05-15 08:31:00.602 [info] Extension for manager ms-python.python:venv is not active: Activating...
2026-05-15 08:31:00.647 [info] Extension for manager ms-python.python:venv is now active.
2026-05-15 08:31:01.605 [info] [pet] Starting Python Locator /home/juan/.antigravity/extensions/ms-python.python-2026.4.0-universal/python-env-tools/bin/pet server
2026-05-15 08:31:01.605 [info] [pet] Python Environment Tools restarted successfully
2026-05-15 08:31:01.608 [info] [pet] configure: Sending configuration update: {"workspaceDirectories":["/home/juan/projects/TermChat"],"environmentDirectories":["/home/juan/projects/TermChat/**/.venv"],"pipenvExecutable":"pipenv","poetryExecutable":"poetry","cacheDirectory":"/home/juan/.config/Antigravity/User/globalStorage/ms-python.vscode-python-envs/pythonLocator"}
2026-05-15 08:31:01.609 [error] [pet] Process error: A system error occurred (spawn /home/juan/.antigravity/extensions/ms-python.python-2026.4.0-universal/python-env-tools/bin/pet ENOENT)
2026-05-15 08:31:31.610 [warning] [pet] Configure request timed out, killing hung process for restart
2026-05-15 08:31:31.611 [error] [pet] configure: Configuration error Request 'configure' timed out after 30000ms
2026-05-15 08:31:31.611 [warning] [pet] Request timed out, killing hung process for restart
2026-05-15 08:31:31.611 [error] [pet] Error refreshing Request 'configure' timed out after 30000ms
2026-05-15 08:31:31.612 [warning] [pet] Restarting Python Environment Tools (attempt 2/3, waiting 2000ms)
2026-05-15 08:31:33.619 [info] [pet] Starting Python Locator /home/juan/.antigravity/extensions/ms-python.python-2026.4.0-universal/python-env-tools/bin/pet server
2026-05-15 08:31:33.619 [info] [pet] Python Environment Tools restarted successfully
2026-05-15 08:31:33.620 [info] [pet] configure: Sending configuration update: {"workspaceDirectories":["/home/juan/projects/TermChat"],"environmentDirectories":["/home/juan/projects/TermChat/**/.venv"],"pipenvExecutable":"pipenv","poetryExecutable":"poetry","cacheDirectory":"/home/juan/.config/Antigravity/User/globalStorage/ms-python.vscode-python-envs/pythonLocator"}
2026-05-15 08:31:33.621 [error] [pet] Process error: A system error occurred (spawn /home/juan/.antigravity/extensions/ms-python.python-2026.4.0-universal/python-env-tools/bin/pet ENOENT)
2026-05-15 08:32:03.620 [warning] [pet] Configure request timed out, killing hung process for restart
2026-05-15 08:32:03.621 [error] [pet] configure: Configuration error Request 'configure' timed out after 30000ms
2026-05-15 08:32:03.621 [warning] [pet] Request timed out, killing hung process for restart
2026-05-15 08:32:03.621 [error] [pet] Error refreshing Request 'configure' timed out after 30000ms
2026-05-15 08:32:03.621 [warning] [pet] Restarting Python Environment Tools (attempt 3/3, waiting 4000ms)
2026-05-15 08:32:03.622 [info] Conda not found, turning off conda features. [Error: Request 'configure' timed out after 30000ms
	at Timeout.<anonymous> (/home/juan/.antigravity/extensions/ms-python.vscode-python-envs-1.20.1-universal/dist/extension.js:2:534062)
	at listOnTimeout (node:internal/timers:588:17)
	at process.processTimers (node:internal/timers:523:7)]
2026-05-15 08:32:07.630 [info] [pet] Starting Python Locator /home/juan/.antigravity/extensions/ms-python.python-2026.4.0-universal/python-env-tools/bin/pet server
2026-05-15 08:32:07.631 [info] [pet] Python Environment Tools restarted successfully
2026-05-15 08:32:07.632 [info] [pet] configure: Sending configuration update: {"workspaceDirectories":["/home/juan/projects/TermChat"],"environmentDirectories":["/home/juan/projects/TermChat/**/.venv"],"pipenvExecutable":"pipenv","poetryExecutable":"poetry","cacheDirectory":"/home/juan/.config/Antigravity/User/globalStorage/ms-python.vscode-python-envs/pythonLocator"}
2026-05-15 08:32:07.632 [error] [pet] Process error: A system error occurred (spawn /home/juan/.antigravity/extensions/ms-python.python-2026.4.0-universal/python-env-tools/bin/pet ENOENT)
2026-05-15 08:32:37.632 [warning] [pet] Configure request timed out, killing hung process for restart
2026-05-15 08:32:37.633 [error] [pet] configure: Configuration error Request 'configure' timed out after 30000ms
2026-05-15 08:32:37.633 [warning] [pet] Request timed out, killing hung process for restart
2026-05-15 08:32:37.633 [error] [pet] Error refreshing Request 'configure' timed out after 30000ms
2026-05-15 08:32:37.633 [info] Pipenv not found, turning off pipenv features. If you have pipenv installed in a non-standard location, set the "python.pipenvPath" setting. [Error: Request 'configure' timed out after 30000ms
	at Timeout.<anonymous> (/home/juan/.antigravity/extensions/ms-python.vscode-python-envs-1.20.1-universal/dist/extension.js:2:534062)
	at listOnTimeout (node:internal/timers:588:17)
	at process.processTimers (node:internal/timers:523:7)]
2026-05-15 08:32:37.634 [info] Pyenv not found, turning off pyenv features. [Error: Python Environment Tools (PET) failed after 3 restart attempts. Please reload the window or check the output channel for details. To debug, run "Python Environments: Run Python Environment Tool (PET) in Terminal" from the Command Palette.
	at S.ensureProcessRunning (/home/juan/.antigravity/extensions/ms-python.vscode-python-envs-1.20.1-universal/dist/extension.js:2:535872)
	at S.doRefresh (/home/juan/.antigravity/extensions/ms-python.vscode-python-envs-1.20.1-universal/dist/extension.js:2:540575)
	at c.workerFunc (/home/juan/.antigravity/extensions/ms-python.vscode-python-envs-1.20.1-universal/dist/extension.js:2:535168)
	at o.workFunc (/home/juan/.antigravity/extensions/ms-python.vscode-python-envs-1.20.1-universal/dist/extension.js:2:287619)
	at o.start (/home/juan/.antigravity/extensions/ms-python.vscode-python-envs-1.20.1-universal/dist/extension.js:2:286434)]
2026-05-15 08:32:37.634 [info] Poetry not found, turning off poetry features. [Error: Python Environment Tools (PET) failed after 3 restart attempts. Please reload the window or check the output channel for details. To debug, run "Python Environments: Run Python Environment Tool (PET) in Terminal" from the Command Palette.
	at S.ensureProcessRunning (/home/juan/.antigravity/extensions/ms-python.vscode-python-envs-1.20.1-universal/dist/extension.js:2:535872)
	at S.doRefresh (/home/juan/.antigravity/extensions/ms-python.vscode-python-envs-1.20.1-universal/dist/extension.js:2:540575)
	at c.workerFunc (/home/juan/.antigravity/extensions/ms-python.vscode-python-envs-1.20.1-universal/dist/extension.js:2:535168)
	at o.workFunc (/home/juan/.antigravity/extensions/ms-python.vscode-python-envs-1.20.1-universal/dist/extension.js:2:287619)
	at o.start (/home/juan/.antigravity/extensions/ms-python.vscode-python-envs-1.20.1-universal/dist/extension.js:2:286434)]
2026-05-15 08:32:37.636 [info] [interpreterSelection] Applying initial environment selection for 1 workspace folder(s)
2026-05-15 08:32:37.637 [error] [interpreterSelection] Failed to set environment for /home/juan/projects/TermChat: Error: Python Environment Tools (PET) failed after 3 restart attempts. Please reload the window or check the output channel for details. To debug, run "Python Environments: Run Python Environment Tool (PET) in Terminal" from the Command Palette.
2026-05-15 08:32:37.639 [info] [interpreterSelection] global: none (source: autoDiscovery)
