2026-05-19 08:31:59.375 [warning] Dir "/home/juan/projects/TermChat/.pixi/envs" is not watchable (directory does not exist)
2026-05-19 08:31:59.436 [info] Starting Environment refresh
2026-05-19 08:31:59.437 [info] Searching for interpreters in posix paths locator
2026-05-19 08:31:59.457 [info] Searching for pyenv environments
2026-05-19 08:31:59.457 [info] Searching for conda environments
2026-05-19 08:31:59.458 [info] Searching for global virtual environments
2026-05-19 08:31:59.458 [info] Searching for custom virtual environments
2026-05-19 08:31:59.469 [info] pyenv is not installed
2026-05-19 08:31:59.469 [info] Finished searching for pyenv environments: 30 milliseconds
2026-05-19 08:31:59.470 [info] Finished searching for custom virtual envs: 28 milliseconds
2026-05-19 08:31:59.484 [info] > conda info --json
2026-05-19 08:31:59.500 [info] > hatch env show --json
2026-05-19 08:31:59.500 [info] cwd: .
2026-05-19 08:31:59.524 [info] > pyenv which python
2026-05-19 08:31:59.524 [info] cwd: .
2026-05-19 08:31:59.524 [info] Finished searching for global virtual envs: 82 milliseconds
2026-05-19 08:31:59.658 [info] Found: /bin/python --> /bin/python3.14
2026-05-19 08:31:59.666 [info] Found: /bin/python3 --> /bin/python3.14
2026-05-19 08:31:59.667 [info] Found: /bin/python3.14 --> /bin/python3.14
2026-05-19 08:31:59.709 [info] > ./.venv/bin/python -I ~/.vscode-oss/extensions/ms-python.python-2026.4.0-universal/python_files/get_output_via_markers.py ~/.vscode-oss/extensions/ms-python.python-2026.4.0-universal/python_files/interpreterInfo.py
2026-05-19 08:31:59.745 [info] Found: /sbin/python --> /sbin/python3.14
2026-05-19 08:31:59.746 [info] Found: /sbin/python3 --> /sbin/python3.14
2026-05-19 08:31:59.747 [info] Found: /sbin/python3.14 --> /sbin/python3.14
2026-05-19 08:31:59.759 [info] Found: /usr/bin/python --> /usr/bin/python3.14
2026-05-19 08:31:59.760 [info] Found: /usr/bin/python3 --> /usr/bin/python3.14
2026-05-19 08:31:59.761 [info] Found: /usr/bin/python3.14 --> /usr/bin/python3.14
2026-05-19 08:31:59.804 [info] Found: /usr/sbin/python --> /usr/sbin/python3.14
2026-05-19 08:31:59.809 [info] Found: /usr/sbin/python3 --> /usr/sbin/python3.14
2026-05-19 08:31:59.809 [info] Found: /usr/sbin/python3.14 --> /usr/sbin/python3.14
2026-05-19 08:31:59.831 [info] > /bin/python -I ~/.vscode-oss/extensions/ms-python.python-2026.4.0-universal/python_files/get_output_via_markers.py ~/.vscode-oss/extensions/ms-python.python-2026.4.0-universal/python_files/interpreterInfo.py
2026-05-19 08:31:59.861 [info] > /sbin/python -I ~/.vscode-oss/extensions/ms-python.python-2026.4.0-universal/python_files/get_output_via_markers.py ~/.vscode-oss/extensions/ms-python.python-2026.4.0-universal/python_files/interpreterInfo.py
2026-05-19 08:31:59.875 [info] Finished searching for interpreters in posix paths locator: 441 milliseconds
2026-05-19 08:31:59.886 [info] Environments refresh paths discovered (event): 452 milliseconds
2026-05-19 08:31:59.886 [info] Environments refresh paths discovered: 453 milliseconds
2026-05-19 08:31:59.944 [info] > /usr/bin/python -I ~/.vscode-oss/extensions/ms-python.python-2026.4.0-universal/python_files/get_output_via_markers.py ~/.vscode-oss/extensions/ms-python.python-2026.4.0-universal/python_files/interpreterInfo.py
2026-05-19 08:31:59.951 [info] > /usr/sbin/python -I ~/.vscode-oss/extensions/ms-python.python-2026.4.0-universal/python_files/get_output_via_markers.py ~/.vscode-oss/extensions/ms-python.python-2026.4.0-universal/python_files/interpreterInfo.py
2026-05-19 08:32:00.016 [info] Environments refresh finished (event): 583 milliseconds
2026-05-19 08:32:00.027 [info] Environment refresh took 595 milliseconds
2026-05-19 08:32:00.039 [info] Python interpreter path: ./.venv/bin/python
2026-05-19 08:32:01.505 [info] Starting Jedi language server for TermChat.
2026-05-19 08:34:32.887 [error] Unable to find workspace for given file
2026-05-19 08:34:48.949 [error] Unable to find workspace for given file
2026-05-19 08:34:54.823 [error] Unable to find workspace for given file
2026-05-19 08:34:58.700 [error] Unable to find workspace for given file
2026-05-19 08:35:21.327 [error] Unable to find workspace for given file
2026-05-19 08:35:28.881 [error] Unable to find workspace for given file
2026-05-19 08:35:36.148 [error] Unable to find workspace for given file
2026-05-19 08:35:38.602 [error] Unable to find workspace for given file
2026-05-19 08:35:46.003 [error] Unable to find workspace for given file
2026-05-19 08:35:47.322 [error] Unable to find workspace for given file
2026-05-19 08:35:49.502 [error] Unable to find workspace for given file
2026-05-19 08:39:52.596 [info] Running installed packages checker:  {
  id: '/home/juan/projects/TermChat/.venv/bin/python',
  sysPrefix: '/home/juan/projects/TermChat/.venv',
  envType: 'Venv',
  envName: '.venv',
  envPath: '/home/juan/projects/TermChat/.venv',
  path: '/home/juan/projects/TermChat/.venv/bin/python',
  architecture: 3,
  sysVersion: '3.12.13 (main, May 10 2026, 19:30:01) [Clang 22.1.3 ]',
  version: {
    raw: '3.12.13',
    major: 3,
    minor: 12,
    patch: 13,
    build: [],
    prerelease: [ 'final', '0' ]
  },
  displayName: "Python 3.12.13 ('.venv')",
  detailedDisplayName: "Python 3.12.13 ('.venv': venv)",
  type: 'Virtual'
} /home/juan/.vscode-oss/extensions/ms-python.python-2026.4.0-universal/python_files/installed_check.py /home/juan/projects/TermChat/pyproject.toml
2026-05-19 08:39:52.598 [info] > ./.venv/bin/python ~/.vscode-oss/extensions/ms-python.python-2026.4.0-universal/python_files/installed_check.py ./pyproject.toml
2026-05-19 08:42:02.924 [error] Failed to parse `pyproject.toml`: [TomlError: Empty bare keys are not allowed at row 12, col 10, pos 211:
11: 
12> [project.]
             ^


	at i.parseBareKey (/home/juan/.vscode-oss/extensions/ms-python.python-2026.4.0-universal/out/client/extension.js:2:1103794)
	at i.runOne (/home/juan/.vscode-oss/extensions/ms-python.python-2026.4.0-universal/out/client/extension.js:2:1091511)
	at i.goto (/home/juan/.vscode-oss/extensions/ms-python.python-2026.4.0-universal/out/client/extension.js:2:1091857)
	at i.parseKeyword (/home/juan/.vscode-oss/extensions/ms-python.python-2026.4.0-universal/out/client/extension.js:2:1103593)
	at i.runOne (/home/juan/.vscode-oss/extensions/ms-python.python-2026.4.0-universal/out/client/extension.js:2:1091511)
	at i.callNow (/home/juan/.vscode-oss/extensions/ms-python.python-2026.4.0-universal/out/client/extension.js:2:1091980)
	at i.parseTableNext (/home/juan/.vscode-oss/extensions/ms-python.python-2026.4.0-universal/out/client/extension.js:2:1099833)
	at i.runOne (/home/juan/.vscode-oss/extensions/ms-python.python-2026.4.0-universal/out/client/extension.js:2:1091511)
	at i.parse (/home/juan/.vscode-oss/extensions/ms-python.python-2026.4.0-universal/out/client/extension.js:2:1091257)
	at e.exports (/home/juan/.vscode-oss/extensions/ms-python.python-2026.4.0-universal/out/client/extension.js:2:1124797)
	at E (/home/juan/.vscode-oss/extensions/ms-python.python-2026.4.0-universal/out/client/extension.js:2:801501)
	at t.isPipInstallableToml (/home/juan/.vscode-oss/extensions/ms-python.python-2026.4.0-universal/out/client/extension.js:2:801749)
	at s (/home/juan/.vscode-oss/extensions/ms-python.python-2026.4.0-universal/out/client/extension.js:2:805933)
	at /home/juan/.vscode-oss/extensions/ms-python.python-2026.4.0-universal/out/client/extension.js:2:806209
	at up.value (file:///usr/lib/code/out/vs/workbench/api/node/extensionHostProcess.js:642:134301)
	at E._deliver (file:///usr/lib/code/out/vs/workbench/api/node/extensionHostProcess.js:403:3244)
	at E._deliverQueue (file:///usr/lib/code/out/vs/workbench/api/node/extensionHostProcess.js:403:3333)
	at E.fire (file:///usr/lib/code/out/vs/workbench/api/node/extensionHostProcess.js:403:3667)
	at up.value (file:///usr/lib/code/out/vs/workbench/api/node/extensionHostProcess.js:531:108040)
	at E._deliver (file:///usr/lib/code/out/vs/workbench/api/node/extensionHostProcess.js:403:3244)
	at E.fire (file:///usr/lib/code/out/vs/workbench/api/node/extensionHostProcess.js:403:3562)
	at jg.acceptDocumentsAndEditorsDelta (file:///usr/lib/code/out/vs/workbench/api/node/extensionHostProcess.js:511:14467)
	at jg.$acceptDocumentsAndEditorsDelta (file:///usr/lib/code/out/vs/workbench/api/node/extensionHostProcess.js:511:12906)
	at i._doInvokeHandler (file:///usr/lib/code/out/vs/workbench/api/node/extensionHostProcess.js:407:110293)
	at i._invokeHandler (file:///usr/lib/code/out/vs/workbench/api/node/extensionHostProcess.js:407:110041)
	at i._receiveRequest (file:///usr/lib/code/out/vs/workbench/api/node/extensionHostProcess.js:407:108823)
	at i._receiveOneMessage (file:///usr/lib/code/out/vs/workbench/api/node/extensionHostProcess.js:407:107661)
	at up.value (file:///usr/lib/code/out/vs/workbench/api/node/extensionHostProcess.js:407:105736)
	at E._deliver (file:///usr/lib/code/out/vs/workbench/api/node/extensionHostProcess.js:403:3244)
	at E.fire (file:///usr/lib/code/out/vs/workbench/api/node/extensionHostProcess.js:403:3562)
	at ls.fire (file:///usr/lib/code/out/vs/workbench/api/node/extensionHostProcess.js:405:8437)
	at up.value (file:///usr/lib/code/out/vs/workbench/api/node/extensionHostProcess.js:806:9911)
	at E._deliver (file:///usr/lib/code/out/vs/workbench/api/node/extensionHostProcess.js:403:3244)
	at E.fire (file:///usr/lib/code/out/vs/workbench/api/node/extensionHostProcess.js:403:3562)
	at ls.fire (file:///usr/lib/code/out/vs/workbench/api/node/extensionHostProcess.js:405:8437)
	at MessagePortMain.<anonymous> (file:///usr/lib/code/out/vs/workbench/api/node/extensionHostProcess.js:806:8082)
	at MessagePortMain.emit (node:events:519:28)
	at MessagePortMain._internalPort.emit (node:electron/js2c/utility_init:2:2959)
	at Object.callbackTrampoline (node:internal/async_hooks:130:17)] {
  fromTOML: true,
  wrapped: null,
  line: 11,
  col: 9,
  pos: 211
}
2026-05-19 08:42:02.947 [info] Running installed packages checker:  {
  id: '/home/juan/projects/TermChat/.venv/bin/python',
  sysPrefix: '/home/juan/projects/TermChat/.venv',
  envType: 'Venv',
  envName: '.venv',
  envPath: '/home/juan/projects/TermChat/.venv',
  path: '/home/juan/projects/TermChat/.venv/bin/python',
  architecture: 3,
  sysVersion: '3.12.13 (main, May 10 2026, 19:30:01) [Clang 22.1.3 ]',
  version: {
    raw: '3.12.13',
    major: 3,
    minor: 12,
    patch: 13,
    build: [],
    prerelease: [ 'final', '0' ]
  },
  displayName: "Python 3.12.13 ('.venv')",
  detailedDisplayName: "Python 3.12.13 ('.venv': venv)",
  type: 'Virtual'
} /home/juan/.vscode-oss/extensions/ms-python.python-2026.4.0-universal/python_files/installed_check.py /home/juan/projects/TermChat/pyproject.toml
2026-05-19 08:42:02.947 [info] > ./.venv/bin/python ~/.vscode-oss/extensions/ms-python.python-2026.4.0-universal/python_files/installed_check.py ./pyproject.toml
2026-05-19 08:42:03.038 [error] Failed to parse `pyproject.toml`: [TomlError: Empty bare keys are not allowed at row 12, col 10, pos 211:
11: 
12> [project.]
             ^


	at i.parseBareKey (/home/juan/.vscode-oss/extensions/ms-python.python-2026.4.0-universal/out/client/extension.js:2:1103794)
	at i.runOne (/home/juan/.vscode-oss/extensions/ms-python.python-2026.4.0-universal/out/client/extension.js:2:1091511)
	at i.goto (/home/juan/.vscode-oss/extensions/ms-python.python-2026.4.0-universal/out/client/extension.js:2:1091857)
	at i.parseKeyword (/home/juan/.vscode-oss/extensions/ms-python.python-2026.4.0-universal/out/client/extension.js:2:1103593)
	at i.runOne (/home/juan/.vscode-oss/extensions/ms-python.python-2026.4.0-universal/out/client/extension.js:2:1091511)
	at i.callNow (/home/juan/.vscode-oss/extensions/ms-python.python-2026.4.0-universal/out/client/extension.js:2:1091980)
	at i.parseTableNext (/home/juan/.vscode-oss/extensions/ms-python.python-2026.4.0-universal/out/client/extension.js:2:1099833)
	at i.runOne (/home/juan/.vscode-oss/extensions/ms-python.python-2026.4.0-universal/out/client/extension.js:2:1091511)
	at i.parse (/home/juan/.vscode-oss/extensions/ms-python.python-2026.4.0-universal/out/client/extension.js:2:1091257)
	at e.exports (/home/juan/.vscode-oss/extensions/ms-python.python-2026.4.0-universal/out/client/extension.js:2:1124797)
	at E (/home/juan/.vscode-oss/extensions/ms-python.python-2026.4.0-universal/out/client/extension.js:2:801501)
	at t.isPipInstallableToml (/home/juan/.vscode-oss/extensions/ms-python.python-2026.4.0-universal/out/client/extension.js:2:801749)
	at s (/home/juan/.vscode-oss/extensions/ms-python.python-2026.4.0-universal/out/client/extension.js:2:805933)
	at /home/juan/.vscode-oss/extensions/ms-python.python-2026.4.0-universal/out/client/extension.js:2:806209
	at up.value (file:///usr/lib/code/out/vs/workbench/api/node/extensionHostProcess.js:642:134301)
	at E._deliver (file:///usr/lib/code/out/vs/workbench/api/node/extensionHostProcess.js:403:3244)
	at E._deliverQueue (file:///usr/lib/code/out/vs/workbench/api/node/extensionHostProcess.js:403:3333)
	at E.fire (file:///usr/lib/code/out/vs/workbench/api/node/extensionHostProcess.js:403:3667)
	at up.value (file:///usr/lib/code/out/vs/workbench/api/node/extensionHostProcess.js:531:108040)
	at E._deliver (file:///usr/lib/code/out/vs/workbench/api/node/extensionHostProcess.js:403:3244)
	at E.fire (file:///usr/lib/code/out/vs/workbench/api/node/extensionHostProcess.js:403:3562)
	at jg.acceptDocumentsAndEditorsDelta (file:///usr/lib/code/out/vs/workbench/api/node/extensionHostProcess.js:511:14467)
	at jg.$acceptDocumentsAndEditorsDelta (file:///usr/lib/code/out/vs/workbench/api/node/extensionHostProcess.js:511:12906)
	at i._doInvokeHandler (file:///usr/lib/code/out/vs/workbench/api/node/extensionHostProcess.js:407:110293)
	at i._invokeHandler (file:///usr/lib/code/out/vs/workbench/api/node/extensionHostProcess.js:407:110041)
	at i._receiveRequest (file:///usr/lib/code/out/vs/workbench/api/node/extensionHostProcess.js:407:108823)
	at i._receiveOneMessage (file:///usr/lib/code/out/vs/workbench/api/node/extensionHostProcess.js:407:107661)
	at up.value (file:///usr/lib/code/out/vs/workbench/api/node/extensionHostProcess.js:407:105736)
	at E._deliver (file:///usr/lib/code/out/vs/workbench/api/node/extensionHostProcess.js:403:3244)
	at E.fire (file:///usr/lib/code/out/vs/workbench/api/node/extensionHostProcess.js:403:3562)
	at ls.fire (file:///usr/lib/code/out/vs/workbench/api/node/extensionHostProcess.js:405:8437)
	at up.value (file:///usr/lib/code/out/vs/workbench/api/node/extensionHostProcess.js:806:9911)
	at E._deliver (file:///usr/lib/code/out/vs/workbench/api/node/extensionHostProcess.js:403:3244)
	at E.fire (file:///usr/lib/code/out/vs/workbench/api/node/extensionHostProcess.js:403:3562)
	at ls.fire (file:///usr/lib/code/out/vs/workbench/api/node/extensionHostProcess.js:405:8437)
	at MessagePortMain.<anonymous> (file:///usr/lib/code/out/vs/workbench/api/node/extensionHostProcess.js:806:8082)
	at MessagePortMain.emit (node:events:519:28)
	at MessagePortMain._internalPort.emit (node:electron/js2c/utility_init:2:2959)
	at Object.callbackTrampoline (node:internal/async_hooks:130:17)] {
  fromTOML: true,
  wrapped: null,
  line: 11,
  col: 9,
  pos: 211
}
2026-05-19 08:42:03.053 [info] Running installed packages checker:  {
  id: '/home/juan/projects/TermChat/.venv/bin/python',
  sysPrefix: '/home/juan/projects/TermChat/.venv',
  envType: 'Venv',
  envName: '.venv',
  envPath: '/home/juan/projects/TermChat/.venv',
  path: '/home/juan/projects/TermChat/.venv/bin/python',
  architecture: 3,
  sysVersion: '3.12.13 (main, May 10 2026, 19:30:01) [Clang 22.1.3 ]',
  version: {
    raw: '3.12.13',
    major: 3,
    minor: 12,
    patch: 13,
    build: [],
    prerelease: [ 'final', '0' ]
  },
  displayName: "Python 3.12.13 ('.venv')",
  detailedDisplayName: "Python 3.12.13 ('.venv': venv)",
  type: 'Virtual'
} /home/juan/.vscode-oss/extensions/ms-python.python-2026.4.0-universal/python_files/installed_check.py /home/juan/projects/TermChat/pyproject.toml
2026-05-19 08:42:03.053 [info] > ./.venv/bin/python ~/.vscode-oss/extensions/ms-python.python-2026.4.0-universal/python_files/installed_check.py ./pyproject.toml
2026-05-19 08:42:03.075 [info] Running installed packages checker:  {
  id: '/home/juan/projects/TermChat/.venv/bin/python',
  sysPrefix: '/home/juan/projects/TermChat/.venv',
  envType: 'Venv',
  envName: '.venv',
  envPath: '/home/juan/projects/TermChat/.venv',
  path: '/home/juan/projects/TermChat/.venv/bin/python',
  architecture: 3,
  sysVersion: '3.12.13 (main, May 10 2026, 19:30:01) [Clang 22.1.3 ]',
  version: {
    raw: '3.12.13',
    major: 3,
    minor: 12,
    patch: 13,
    build: [],
    prerelease: [ 'final', '0' ]
  },
  displayName: "Python 3.12.13 ('.venv')",
  detailedDisplayName: "Python 3.12.13 ('.venv': venv)",
  type: 'Virtual'
} /home/juan/.vscode-oss/extensions/ms-python.python-2026.4.0-universal/python_files/installed_check.py /home/juan/projects/TermChat/pyproject.toml
2026-05-19 08:42:03.075 [info] > ./.venv/bin/python ~/.vscode-oss/extensions/ms-python.python-2026.4.0-universal/python_files/installed_check.py ./pyproject.toml
2026-05-19 08:42:03.266 [info] Running installed packages checker:  {
  id: '/home/juan/projects/TermChat/.venv/bin/python',
  sysPrefix: '/home/juan/projects/TermChat/.venv',
  envType: 'Venv',
  envName: '.venv',
  envPath: '/home/juan/projects/TermChat/.venv',
  path: '/home/juan/projects/TermChat/.venv/bin/python',
  architecture: 3,
  sysVersion: '3.12.13 (main, May 10 2026, 19:30:01) [Clang 22.1.3 ]',
  version: {
    raw: '3.12.13',
    major: 3,
    minor: 12,
    patch: 13,
    build: [],
    prerelease: [ 'final', '0' ]
  },
  displayName: "Python 3.12.13 ('.venv')",
  detailedDisplayName: "Python 3.12.13 ('.venv': venv)",
  type: 'Virtual'
} /home/juan/.vscode-oss/extensions/ms-python.python-2026.4.0-universal/python_files/installed_check.py /home/juan/projects/TermChat/pyproject.toml
2026-05-19 08:42:03.266 [info] > ./.venv/bin/python ~/.vscode-oss/extensions/ms-python.python-2026.4.0-universal/python_files/installed_check.py ./pyproject.toml
2026-05-19 08:42:09.125 [info] Running installed packages checker:  {
  id: '/home/juan/projects/TermChat/.venv/bin/python',
  sysPrefix: '/home/juan/projects/TermChat/.venv',
  envType: 'Venv',
  envName: '.venv',
  envPath: '/home/juan/projects/TermChat/.venv',
  path: '/home/juan/projects/TermChat/.venv/bin/python',
  architecture: 3,
  sysVersion: '3.12.13 (main, May 10 2026, 19:30:01) [Clang 22.1.3 ]',
  version: {
    raw: '3.12.13',
    major: 3,
    minor: 12,
    patch: 13,
    build: [],
    prerelease: [ 'final', '0' ]
  },
  displayName: "Python 3.12.13 ('.venv')",
  detailedDisplayName: "Python 3.12.13 ('.venv': venv)",
  type: 'Virtual'
} /home/juan/.vscode-oss/extensions/ms-python.python-2026.4.0-universal/python_files/installed_check.py /home/juan/projects/TermChat/pyproject.toml
2026-05-19 08:42:09.125 [info] > ./.venv/bin/python ~/.vscode-oss/extensions/ms-python.python-2026.4.0-universal/python_files/installed_check.py ./pyproject.toml
2026-05-19 08:44:34.057 [info] Running installed packages checker:  {
  id: '/home/juan/projects/TermChat/.venv/bin/python',
  sysPrefix: '/home/juan/projects/TermChat/.venv',
  envType: 'Venv',
  envName: '.venv',
  envPath: '/home/juan/projects/TermChat/.venv',
  path: '/home/juan/projects/TermChat/.venv/bin/python',
  architecture: 3,
  sysVersion: '3.12.13 (main, May 10 2026, 19:30:01) [Clang 22.1.3 ]',
  version: {
    raw: '3.12.13',
    major: 3,
    minor: 12,
    patch: 13,
    build: [],
    prerelease: [ 'final', '0' ]
  },
  displayName: "Python 3.12.13 ('.venv')",
  detailedDisplayName: "Python 3.12.13 ('.venv': venv)",
  type: 'Virtual'
} /home/juan/.vscode-oss/extensions/ms-python.python-2026.4.0-universal/python_files/installed_check.py /home/juan/projects/TermChat/pyproject.toml
2026-05-19 08:44:34.057 [info] > ./.venv/bin/python ~/.vscode-oss/extensions/ms-python.python-2026.4.0-universal/python_files/installed_check.py ./pyproject.toml
2026-05-19 09:05:26.775 [info] Running installed packages checker:  {
  id: '/home/juan/projects/TermChat/.venv/bin/python',
  sysPrefix: '/home/juan/projects/TermChat/.venv',
  envType: 'Venv',
  envName: '.venv',
  envPath: '/home/juan/projects/TermChat/.venv',
  path: '/home/juan/projects/TermChat/.venv/bin/python',
  architecture: 3,
  sysVersion: '3.12.13 (main, May 10 2026, 19:30:01) [Clang 22.1.3 ]',
  version: {
    raw: '3.12.13',
    major: 3,
    minor: 12,
    patch: 13,
    build: [],
    prerelease: [ 'final', '0' ]
  },
  displayName: "Python 3.12.13 ('.venv')",
  detailedDisplayName: "Python 3.12.13 ('.venv': venv)",
  type: 'Virtual'
} /home/juan/.vscode-oss/extensions/ms-python.python-2026.4.0-universal/python_files/installed_check.py /home/juan/projects/TermChat/pyproject.toml
2026-05-19 09:05:26.776 [info] > ./.venv/bin/python ~/.vscode-oss/extensions/ms-python.python-2026.4.0-universal/python_files/installed_check.py ./pyproject.toml
2026-05-19 10:01:41.855 [info] Running installed packages checker:  {
  id: '/home/juan/projects/TermChat/.venv/bin/python',
  sysPrefix: '/home/juan/projects/TermChat/.venv',
  envType: 'Venv',
  envName: '.venv',
  envPath: '/home/juan/projects/TermChat/.venv',
  path: '/home/juan/projects/TermChat/.venv/bin/python',
  architecture: 3,
  sysVersion: '3.12.13 (main, May 10 2026, 19:30:01) [Clang 22.1.3 ]',
  version: {
    raw: '3.12.13',
    major: 3,
    minor: 12,
    patch: 13,
    build: [],
    prerelease: [ 'final', '0' ]
  },
  displayName: "Python 3.12.13 ('.venv')",
  detailedDisplayName: "Python 3.12.13 ('.venv': venv)",
  type: 'Virtual'
} /home/juan/.vscode-oss/extensions/ms-python.python-2026.4.0-universal/python_files/installed_check.py /home/juan/projects/TermChat/pyproject.toml
2026-05-19 10:01:41.856 [info] > ./.venv/bin/python ~/.vscode-oss/extensions/ms-python.python-2026.4.0-universal/python_files/installed_check.py ./pyproject.toml
2026-05-19 10:26:41.499 [error] Failed to parse `pyproject.toml`: [TomlError: Unterminated string at row 12, col 17, pos 212:
11: [project.scripts]
12> termchat = "main
                    ^
13: 


	at i.parseBasicString (/home/juan/.vscode-oss/extensions/ms-python.python-2026.4.0-universal/out/client/extension.js:2:1105881)
	at i.runOne (/home/juan/.vscode-oss/extensions/ms-python.python-2026.4.0-universal/out/client/extension.js:2:1091511)
	at i.goto (/home/juan/.vscode-oss/extensions/ms-python.python-2026.4.0-universal/out/client/extension.js:2:1091857)
	at i.parseDoubleString (/home/juan/.vscode-oss/extensions/ms-python.python-2026.4.0-universal/out/client/extension.js:2:1105657)
	at i.runOne (/home/juan/.vscode-oss/extensions/ms-python.python-2026.4.0-universal/out/client/extension.js:2:1091511)
	at i.parse (/home/juan/.vscode-oss/extensions/ms-python.python-2026.4.0-universal/out/client/extension.js:2:1091257)
	at e.exports (/home/juan/.vscode-oss/extensions/ms-python.python-2026.4.0-universal/out/client/extension.js:2:1124797)
	at E (/home/juan/.vscode-oss/extensions/ms-python.python-2026.4.0-universal/out/client/extension.js:2:801501)
	at t.isPipInstallableToml (/home/juan/.vscode-oss/extensions/ms-python.python-2026.4.0-universal/out/client/extension.js:2:801749)
	at s (/home/juan/.vscode-oss/extensions/ms-python.python-2026.4.0-universal/out/client/extension.js:2:805933)
	at /home/juan/.vscode-oss/extensions/ms-python.python-2026.4.0-universal/out/client/extension.js:2:806299
	at up.value (file:///usr/lib/code/out/vs/workbench/api/node/extensionHostProcess.js:642:134301)
	at E._deliver (file:///usr/lib/code/out/vs/workbench/api/node/extensionHostProcess.js:403:3244)
	at E._deliverQueue (file:///usr/lib/code/out/vs/workbench/api/node/extensionHostProcess.js:403:3333)
	at E.fire (file:///usr/lib/code/out/vs/workbench/api/node/extensionHostProcess.js:403:3667)
	at Ew.$acceptModelSaved (file:///usr/lib/code/out/vs/workbench/api/node/extensionHostProcess.js:531:109503)
	at i._doInvokeHandler (file:///usr/lib/code/out/vs/workbench/api/node/extensionHostProcess.js:407:110293)
	at i._invokeHandler (file:///usr/lib/code/out/vs/workbench/api/node/extensionHostProcess.js:407:110041)
	at i._receiveRequest (file:///usr/lib/code/out/vs/workbench/api/node/extensionHostProcess.js:407:108823)
	at i._receiveOneMessage (file:///usr/lib/code/out/vs/workbench/api/node/extensionHostProcess.js:407:107661)
	at up.value (file:///usr/lib/code/out/vs/workbench/api/node/extensionHostProcess.js:407:105736)
	at E._deliver (file:///usr/lib/code/out/vs/workbench/api/node/extensionHostProcess.js:403:3244)
	at E.fire (file:///usr/lib/code/out/vs/workbench/api/node/extensionHostProcess.js:403:3562)
	at ls.fire (file:///usr/lib/code/out/vs/workbench/api/node/extensionHostProcess.js:405:8437)
	at up.value (file:///usr/lib/code/out/vs/workbench/api/node/extensionHostProcess.js:806:9911)
	at E._deliver (file:///usr/lib/code/out/vs/workbench/api/node/extensionHostProcess.js:403:3244)
	at E.fire (file:///usr/lib/code/out/vs/workbench/api/node/extensionHostProcess.js:403:3562)
	at ls.fire (file:///usr/lib/code/out/vs/workbench/api/node/extensionHostProcess.js:405:8437)
	at MessagePortMain.<anonymous> (file:///usr/lib/code/out/vs/workbench/api/node/extensionHostProcess.js:806:8082)
	at MessagePortMain.emit (node:events:519:28)
	at MessagePortMain._internalPort.emit (node:electron/js2c/utility_init:2:2959)
	at Object.callbackTrampoline (node:internal/async_hooks:130:17)] {
  fromTOML: true,
  wrapped: null,
  line: 11,
  col: 16,
  pos: 212
}
2026-05-19 10:26:41.509 [info] Running installed packages checker:  {
  id: '/home/juan/projects/TermChat/.venv/bin/python',
  sysPrefix: '/home/juan/projects/TermChat/.venv',
  envType: 'Venv',
  envName: '.venv',
  envPath: '/home/juan/projects/TermChat/.venv',
  path: '/home/juan/projects/TermChat/.venv/bin/python',
  architecture: 3,
  sysVersion: '3.12.13 (main, May 10 2026, 19:30:01) [Clang 22.1.3 ]',
  version: {
    raw: '3.12.13',
    major: 3,
    minor: 12,
    patch: 13,
    build: [],
    prerelease: [ 'final', '0' ]
  },
  displayName: "Python 3.12.13 ('.venv')",
  detailedDisplayName: "Python 3.12.13 ('.venv': venv)",
  type: 'Virtual'
} /home/juan/.vscode-oss/extensions/ms-python.python-2026.4.0-universal/python_files/installed_check.py /home/juan/projects/TermChat/pyproject.toml
2026-05-19 10:26:41.510 [info] > ./.venv/bin/python ~/.vscode-oss/extensions/ms-python.python-2026.4.0-universal/python_files/installed_check.py ./pyproject.toml
2026-05-19 10:26:42.671 [info] Running installed packages checker:  {
  id: '/home/juan/projects/TermChat/.venv/bin/python',
  sysPrefix: '/home/juan/projects/TermChat/.venv',
  envType: 'Venv',
  envName: '.venv',
  envPath: '/home/juan/projects/TermChat/.venv',
  path: '/home/juan/projects/TermChat/.venv/bin/python',
  architecture: 3,
  sysVersion: '3.12.13 (main, May 10 2026, 19:30:01) [Clang 22.1.3 ]',
  version: {
    raw: '3.12.13',
    major: 3,
    minor: 12,
    patch: 13,
    build: [],
    prerelease: [ 'final', '0' ]
  },
  displayName: "Python 3.12.13 ('.venv')",
  detailedDisplayName: "Python 3.12.13 ('.venv': venv)",
  type: 'Virtual'
} /home/juan/.vscode-oss/extensions/ms-python.python-2026.4.0-universal/python_files/installed_check.py /home/juan/projects/TermChat/pyproject.toml
2026-05-19 10:26:42.672 [info] > ./.venv/bin/python ~/.vscode-oss/extensions/ms-python.python-2026.4.0-universal/python_files/installed_check.py ./pyproject.toml
2026-05-19 10:26:52.289 [info] Running installed packages checker:  {
  id: '/home/juan/projects/TermChat/.venv/bin/python',
  sysPrefix: '/home/juan/projects/TermChat/.venv',
  envType: 'Venv',
  envName: '.venv',
  envPath: '/home/juan/projects/TermChat/.venv',
  path: '/home/juan/projects/TermChat/.venv/bin/python',
  architecture: 3,
  sysVersion: '3.12.13 (main, May 10 2026, 19:30:01) [Clang 22.1.3 ]',
  version: {
    raw: '3.12.13',
    major: 3,
    minor: 12,
    patch: 13,
    build: [],
    prerelease: [ 'final', '0' ]
  },
  displayName: "Python 3.12.13 ('.venv')",
  detailedDisplayName: "Python 3.12.13 ('.venv': venv)",
  type: 'Virtual'
} /home/juan/.vscode-oss/extensions/ms-python.python-2026.4.0-universal/python_files/installed_check.py /home/juan/projects/TermChat/pyproject.toml
2026-05-19 10:26:52.289 [info] > ./.venv/bin/python ~/.vscode-oss/extensions/ms-python.python-2026.4.0-universal/python_files/installed_check.py ./pyproject.toml
2026-05-19 10:41:56.782 [info] Running installed packages checker:  {
  id: '/home/juan/projects/TermChat/.venv/bin/python',
  sysPrefix: '/home/juan/projects/TermChat/.venv',
  envType: 'Venv',
  envName: '.venv',
  envPath: '/home/juan/projects/TermChat/.venv',
  path: '/home/juan/projects/TermChat/.venv/bin/python',
  architecture: 3,
  sysVersion: '3.12.13 (main, May 10 2026, 19:30:01) [Clang 22.1.3 ]',
  version: {
    raw: '3.12.13',
    major: 3,
    minor: 12,
    patch: 13,
    build: [],
    prerelease: [ 'final', '0' ]
  },
  displayName: "Python 3.12.13 ('.venv')",
  detailedDisplayName: "Python 3.12.13 ('.venv': venv)",
  type: 'Virtual'
} /home/juan/.vscode-oss/extensions/ms-python.python-2026.4.0-universal/python_files/installed_check.py /home/juan/projects/TermChat/pyproject.toml
2026-05-19 10:41:56.783 [info] > ./.venv/bin/python ~/.vscode-oss/extensions/ms-python.python-2026.4.0-universal/python_files/installed_check.py ./pyproject.toml
2026-05-19 10:41:56.796 [info] Running installed packages checker:  {
  id: '/home/juan/projects/TermChat/.venv/bin/python',
  sysPrefix: '/home/juan/projects/TermChat/.venv',
  envType: 'Venv',
  envName: '.venv',
  envPath: '/home/juan/projects/TermChat/.venv',
  path: '/home/juan/projects/TermChat/.venv/bin/python',
  architecture: 3,
  sysVersion: '3.12.13 (main, May 10 2026, 19:30:01) [Clang 22.1.3 ]',
  version: {
    raw: '3.12.13',
    major: 3,
    minor: 12,
    patch: 13,
    build: [],
    prerelease: [ 'final', '0' ]
  },
  displayName: "Python 3.12.13 ('.venv')",
  detailedDisplayName: "Python 3.12.13 ('.venv': venv)",
  type: 'Virtual'
} /home/juan/.vscode-oss/extensions/ms-python.python-2026.4.0-universal/python_files/installed_check.py /home/juan/projects/TermChat/pyproject.toml
2026-05-19 10:41:56.796 [info] > ./.venv/bin/python ~/.vscode-oss/extensions/ms-python.python-2026.4.0-universal/python_files/installed_check.py ./pyproject.toml
2026-05-19 10:41:56.809 [info] Running installed packages checker:  {
  id: '/home/juan/projects/TermChat/.venv/bin/python',
  sysPrefix: '/home/juan/projects/TermChat/.venv',
  envType: 'Venv',
  envName: '.venv',
  envPath: '/home/juan/projects/TermChat/.venv',
  path: '/home/juan/projects/TermChat/.venv/bin/python',
  architecture: 3,
  sysVersion: '3.12.13 (main, May 10 2026, 19:30:01) [Clang 22.1.3 ]',
  version: {
    raw: '3.12.13',
    major: 3,
    minor: 12,
    patch: 13,
    build: [],
    prerelease: [ 'final', '0' ]
  },
  displayName: "Python 3.12.13 ('.venv')",
  detailedDisplayName: "Python 3.12.13 ('.venv': venv)",
  type: 'Virtual'
} /home/juan/.vscode-oss/extensions/ms-python.python-2026.4.0-universal/python_files/installed_check.py /home/juan/projects/TermChat/pyproject.toml
2026-05-19 10:41:56.809 [info] > ./.venv/bin/python ~/.vscode-oss/extensions/ms-python.python-2026.4.0-universal/python_files/installed_check.py ./pyproject.toml
2026-05-19 10:41:56.873 [info] Running installed packages checker:  {
  id: '/home/juan/projects/TermChat/.venv/bin/python',
  sysPrefix: '/home/juan/projects/TermChat/.venv',
  envType: 'Venv',
  envName: '.venv',
  envPath: '/home/juan/projects/TermChat/.venv',
  path: '/home/juan/projects/TermChat/.venv/bin/python',
  architecture: 3,
  sysVersion: '3.12.13 (main, May 10 2026, 19:30:01) [Clang 22.1.3 ]',
  version: {
    raw: '3.12.13',
    major: 3,
    minor: 12,
    patch: 13,
    build: [],
    prerelease: [ 'final', '0' ]
  },
  displayName: "Python 3.12.13 ('.venv')",
  detailedDisplayName: "Python 3.12.13 ('.venv': venv)",
  type: 'Virtual'
} /home/juan/.vscode-oss/extensions/ms-python.python-2026.4.0-universal/python_files/installed_check.py /home/juan/projects/TermChat/pyproject.toml
2026-05-19 10:41:56.873 [info] > ./.venv/bin/python ~/.vscode-oss/extensions/ms-python.python-2026.4.0-universal/python_files/installed_check.py ./pyproject.toml
2026-05-19 10:41:56.894 [info] Running installed packages checker:  {
  id: '/home/juan/projects/TermChat/.venv/bin/python',
  sysPrefix: '/home/juan/projects/TermChat/.venv',
  envType: 'Venv',
  envName: '.venv',
  envPath: '/home/juan/projects/TermChat/.venv',
  path: '/home/juan/projects/TermChat/.venv/bin/python',
  architecture: 3,
  sysVersion: '3.12.13 (main, May 10 2026, 19:30:01) [Clang 22.1.3 ]',
  version: {
    raw: '3.12.13',
    major: 3,
    minor: 12,
    patch: 13,
    build: [],
    prerelease: [ 'final', '0' ]
  },
  displayName: "Python 3.12.13 ('.venv')",
  detailedDisplayName: "Python 3.12.13 ('.venv': venv)",
  type: 'Virtual'
} /home/juan/.vscode-oss/extensions/ms-python.python-2026.4.0-universal/python_files/installed_check.py /home/juan/projects/TermChat/pyproject.toml
2026-05-19 10:41:56.894 [info] > ./.venv/bin/python ~/.vscode-oss/extensions/ms-python.python-2026.4.0-universal/python_files/installed_check.py ./pyproject.toml
2026-05-19 10:41:57.172 [info] Running installed packages checker:  {
  id: '/home/juan/projects/TermChat/.venv/bin/python',
  sysPrefix: '/home/juan/projects/TermChat/.venv',
  envType: 'Venv',
  envName: '.venv',
  envPath: '/home/juan/projects/TermChat/.venv',
  path: '/home/juan/projects/TermChat/.venv/bin/python',
  architecture: 3,
  sysVersion: '3.12.13 (main, May 10 2026, 19:30:01) [Clang 22.1.3 ]',
  version: {
    raw: '3.12.13',
    major: 3,
    minor: 12,
    patch: 13,
    build: [],
    prerelease: [ 'final', '0' ]
  },
  displayName: "Python 3.12.13 ('.venv')",
  detailedDisplayName: "Python 3.12.13 ('.venv': venv)",
  type: 'Virtual'
} /home/juan/.vscode-oss/extensions/ms-python.python-2026.4.0-universal/python_files/installed_check.py /home/juan/projects/TermChat/pyproject.toml
2026-05-19 10:41:57.172 [info] > ./.venv/bin/python ~/.vscode-oss/extensions/ms-python.python-2026.4.0-universal/python_files/installed_check.py ./pyproject.toml
2026-05-19 10:42:07.024 [info] Running installed packages checker:  {
  id: '/home/juan/projects/TermChat/.venv/bin/python',
  sysPrefix: '/home/juan/projects/TermChat/.venv',
  envType: 'Venv',
  envName: '.venv',
  envPath: '/home/juan/projects/TermChat/.venv',
  path: '/home/juan/projects/TermChat/.venv/bin/python',
  architecture: 3,
  sysVersion: '3.12.13 (main, May 10 2026, 19:30:01) [Clang 22.1.3 ]',
  version: {
    raw: '3.12.13',
    major: 3,
    minor: 12,
    patch: 13,
    build: [],
    prerelease: [ 'final', '0' ]
  },
  displayName: "Python 3.12.13 ('.venv')",
  detailedDisplayName: "Python 3.12.13 ('.venv': venv)",
  type: 'Virtual'
} /home/juan/.vscode-oss/extensions/ms-python.python-2026.4.0-universal/python_files/installed_check.py /home/juan/projects/TermChat/pyproject.toml
2026-05-19 10:42:07.025 [info] > ./.venv/bin/python ~/.vscode-oss/extensions/ms-python.python-2026.4.0-universal/python_files/installed_check.py ./pyproject.toml
2026-05-19 10:47:42.944 [info] Running installed packages checker:  {
  id: '/home/juan/projects/TermChat/.venv/bin/python',
  sysPrefix: '/home/juan/projects/TermChat/.venv',
  envType: 'Venv',
  envName: '.venv',
  envPath: '/home/juan/projects/TermChat/.venv',
  path: '/home/juan/projects/TermChat/.venv/bin/python',
  architecture: 3,
  sysVersion: '3.12.13 (main, May 10 2026, 19:30:01) [Clang 22.1.3 ]',
  version: {
    raw: '3.12.13',
    major: 3,
    minor: 12,
    patch: 13,
    build: [],
    prerelease: [ 'final', '0' ]
  },
  displayName: "Python 3.12.13 ('.venv')",
  detailedDisplayName: "Python 3.12.13 ('.venv': venv)",
  type: 'Virtual'
} /home/juan/.vscode-oss/extensions/ms-python.python-2026.4.0-universal/python_files/installed_check.py /home/juan/projects/TermChat/pyproject.toml
2026-05-19 10:47:42.944 [info] > ./.venv/bin/python ~/.vscode-oss/extensions/ms-python.python-2026.4.0-universal/python_files/installed_check.py ./pyproject.toml
2026-05-19 10:50:20.583 [info] Running installed packages checker:  {
  id: '/home/juan/projects/TermChat/.venv/bin/python',
  sysPrefix: '/home/juan/projects/TermChat/.venv',
  envType: 'Venv',
  envName: '.venv',
  envPath: '/home/juan/projects/TermChat/.venv',
  path: '/home/juan/projects/TermChat/.venv/bin/python',
  architecture: 3,
  sysVersion: '3.12.13 (main, May 10 2026, 19:30:01) [Clang 22.1.3 ]',
  version: {
    raw: '3.12.13',
    major: 3,
    minor: 12,
    patch: 13,
    build: [],
    prerelease: [ 'final', '0' ]
  },
  displayName: "Python 3.12.13 ('.venv')",
  detailedDisplayName: "Python 3.12.13 ('.venv': venv)",
  type: 'Virtual'
} /home/juan/.vscode-oss/extensions/ms-python.python-2026.4.0-universal/python_files/installed_check.py /home/juan/projects/TermChat/pyproject.toml
2026-05-19 10:50:20.586 [info] > ./.venv/bin/python ~/.vscode-oss/extensions/ms-python.python-2026.4.0-universal/python_files/installed_check.py ./pyproject.toml
2026-05-19 10:50:20.597 [info] Running installed packages checker:  {
  id: '/home/juan/projects/TermChat/.venv/bin/python',
  sysPrefix: '/home/juan/projects/TermChat/.venv',
  envType: 'Venv',
  envName: '.venv',
  envPath: '/home/juan/projects/TermChat/.venv',
  path: '/home/juan/projects/TermChat/.venv/bin/python',
  architecture: 3,
  sysVersion: '3.12.13 (main, May 10 2026, 19:30:01) [Clang 22.1.3 ]',
  version: {
    raw: '3.12.13',
    major: 3,
    minor: 12,
    patch: 13,
    build: [],
    prerelease: [ 'final', '0' ]
  },
  displayName: "Python 3.12.13 ('.venv')",
  detailedDisplayName: "Python 3.12.13 ('.venv': venv)",
  type: 'Virtual'
} /home/juan/.vscode-oss/extensions/ms-python.python-2026.4.0-universal/python_files/installed_check.py /home/juan/projects/TermChat/pyproject.toml
2026-05-19 10:50:20.597 [info] > ./.venv/bin/python ~/.vscode-oss/extensions/ms-python.python-2026.4.0-universal/python_files/installed_check.py ./pyproject.toml
2026-05-19 10:50:20.783 [info] Running installed packages checker:  {
  id: '/home/juan/projects/TermChat/.venv/bin/python',
  sysPrefix: '/home/juan/projects/TermChat/.venv',
  envType: 'Venv',
  envName: '.venv',
  envPath: '/home/juan/projects/TermChat/.venv',
  path: '/home/juan/projects/TermChat/.venv/bin/python',
  architecture: 3,
  sysVersion: '3.12.13 (main, May 10 2026, 19:30:01) [Clang 22.1.3 ]',
  version: {
    raw: '3.12.13',
    major: 3,
    minor: 12,
    patch: 13,
    build: [],
    prerelease: [ 'final', '0' ]
  },
  displayName: "Python 3.12.13 ('.venv')",
  detailedDisplayName: "Python 3.12.13 ('.venv': venv)",
  type: 'Virtual'
} /home/juan/.vscode-oss/extensions/ms-python.python-2026.4.0-universal/python_files/installed_check.py /home/juan/projects/TermChat/pyproject.toml
2026-05-19 10:50:20.783 [info] > ./.venv/bin/python ~/.vscode-oss/extensions/ms-python.python-2026.4.0-universal/python_files/installed_check.py ./pyproject.toml
2026-05-19 10:51:24.273 [info] Running installed packages checker:  {
  id: '/home/juan/projects/TermChat/.venv/bin/python',
  sysPrefix: '/home/juan/projects/TermChat/.venv',
  envType: 'Venv',
  envName: '.venv',
  envPath: '/home/juan/projects/TermChat/.venv',
  path: '/home/juan/projects/TermChat/.venv/bin/python',
  architecture: 3,
  sysVersion: '3.12.13 (main, May 10 2026, 19:30:01) [Clang 22.1.3 ]',
  version: {
    raw: '3.12.13',
    major: 3,
    minor: 12,
    patch: 13,
    build: [],
    prerelease: [ 'final', '0' ]
  },
  displayName: "Python 3.12.13 ('.venv')",
  detailedDisplayName: "Python 3.12.13 ('.venv': venv)",
  type: 'Virtual'
} /home/juan/.vscode-oss/extensions/ms-python.python-2026.4.0-universal/python_files/installed_check.py /home/juan/projects/TermChat/pyproject.toml
2026-05-19 10:51:24.273 [info] > ./.venv/bin/python ~/.vscode-oss/extensions/ms-python.python-2026.4.0-universal/python_files/installed_check.py ./pyproject.toml
2026-05-19 10:51:57.129 [info] Running installed packages checker:  {
  id: '/home/juan/projects/TermChat/.venv/bin/python',
  sysPrefix: '/home/juan/projects/TermChat/.venv',
  envType: 'Venv',
  envName: '.venv',
  envPath: '/home/juan/projects/TermChat/.venv',
  path: '/home/juan/projects/TermChat/.venv/bin/python',
  architecture: 3,
  sysVersion: '3.12.13 (main, May 10 2026, 19:30:01) [Clang 22.1.3 ]',
  version: {
    raw: '3.12.13',
    major: 3,
    minor: 12,
    patch: 13,
    build: [],
    prerelease: [ 'final', '0' ]
  },
  displayName: "Python 3.12.13 ('.venv')",
  detailedDisplayName: "Python 3.12.13 ('.venv': venv)",
  type: 'Virtual'
} /home/juan/.vscode-oss/extensions/ms-python.python-2026.4.0-universal/python_files/installed_check.py /home/juan/projects/TermChat/pyproject.toml
2026-05-19 10:51:57.129 [info] > ./.venv/bin/python ~/.vscode-oss/extensions/ms-python.python-2026.4.0-universal/python_files/installed_check.py ./pyproject.toml
