2026-05-14 19:23:28.114 [info] Extension host with pid 18519 started
2026-05-14 19:23:28.114 [info] Skipping acquiring lock for /home/juan/.config/Antigravity/User/workspaceStorage/dd22eedc4e138519ccd34675f50e9851.
2026-05-14 19:23:28.239 [info] ExtensionService#_doActivateExtension vscode.emmet, startup: false, activationEvent: 'onLanguage'
2026-05-14 19:23:28.274 [info] ExtensionService#_doActivateExtension meta.pyrefly, startup: false, activationEvent: 'onLanguage:python'
2026-05-14 19:23:28.345 [info] ExtensionService#_doActivateExtension ms-python.python, startup: false, activationEvent: 'onLanguage:python', root cause: ms-python.debugpy
2026-05-14 19:23:28.621 [info] ExtensionService#_doActivateExtension ms-python.vscode-python-envs, startup: false, activationEvent: 'onLanguage:python'
2026-05-14 19:23:28.955 [info] ExtensionService#_doActivateExtension vscode.configuration-editing, startup: false, activationEvent: 'onLanguage:jsonc'
2026-05-14 19:23:28.969 [info] ExtensionService#_doActivateExtension vscode.json-language-features, startup: false, activationEvent: 'onLanguage:jsonc'
2026-05-14 19:23:29.073 [info] ExtensionService#_doActivateExtension vscode.typescript-language-features, startup: false, activationEvent: 'onLanguage:jsonc'
2026-05-14 19:23:29.379 [info] ExtensionService#_doActivateExtension vscode.git-base, startup: true, activationEvent: '*', root cause: google.antigravity
2026-05-14 19:23:29.516 [info] ExtensionService#_doActivateExtension vscode.git, startup: true, activationEvent: '*', root cause: google.antigravity
2026-05-14 19:23:29.626 [info] ExtensionService#_doActivateExtension vscode.github, startup: true, activationEvent: '*'
2026-05-14 19:23:29.695 [info] ExtensionService#_doActivateExtension ms-python.debugpy, startup: false, activationEvent: 'onLanguage:python'
2026-05-14 19:23:30.046 [info] ExtensionService#_doActivateExtension google.antigravity, startup: true, activationEvent: '*'
2026-05-14 19:23:30.676 [info] ExtensionService#_doActivateExtension vscode.terminal-suggest, startup: false, activationEvent: 'onTerminalShellIntegration:*'
2026-05-14 19:23:32.721 [info] Extension host terminating: renderer closed the MessagePort
2026-05-14 19:23:32.774 [error] TypeError: Cannot read properties of undefined (reading 'subscriptions')
	at Object.Z [as deactivate] (/home/juan/.antigravity/extensions/ms-python.vscode-python-envs-1.20.1-universal/dist/extension.js:2:706516)
	at lIe.eb (file:///opt/Antigravity/resources/app/out/vs/workbench/api/node/extensionHostProcess.js:122:13096)
	at file:///opt/Antigravity/resources/app/out/vs/workbench/api/node/extensionHostProcess.js:122:11244
	at Array.map (<anonymous>)
	at lIe.$ (file:///opt/Antigravity/resources/app/out/vs/workbench/api/node/extensionHostProcess.js:122:11232)
	at lIe.terminate (file:///opt/Antigravity/resources/app/out/vs/workbench/api/node/extensionHostProcess.js:122:11475)
	at A6.terminate (file:///opt/Antigravity/resources/app/out/vs/workbench/api/node/extensionHostProcess.js:124:921)
	at mr (file:///opt/Antigravity/resources/app/out/vs/workbench/api/node/extensionHostProcess.js:407:11402)
	at MessagePortMain.<anonymous> (file:///opt/Antigravity/resources/app/out/vs/workbench/api/node/extensionHostProcess.js:407:7613)
	at MessagePortMain.emit (node:events:519:28)
	at MessagePortMain._internalPort.emit (node:electron/js2c/utility_init:2:2949)
2026-05-14 19:23:32.817 [error] Error: Channel has been closed
	at s (file:///opt/Antigravity/resources/app/out/vs/workbench/api/node/extensionHostProcess.js:125:2437)
	at Object.append (file:///opt/Antigravity/resources/app/out/vs/workbench/api/node/extensionHostProcess.js:125:2534)
	at Socket.<anonymous> (/home/juan/.antigravity/extensions/meta.pyrefly-1.0.0-linux-x64/dist/extension.js:42:36310)
	at Socket.emit (node:events:519:28)
	at addChunk (node:internal/streams/readable:561:12)
	at readableAddChunkPushByteMode (node:internal/streams/readable:512:3)
	at Readable.push (node:internal/streams/readable:392:5)
	at Pipe.onStreamRead (node:internal/stream_base_commons:189:23)
2026-05-14 19:23:32.824 [info] Extension host with pid 18519 exiting with code 0
2026-05-14 19:23:35.544 [info] Extension host with pid 19378 started
2026-05-14 19:23:35.544 [info] Skipping acquiring lock for /home/juan/.config/Antigravity/User/workspaceStorage/2c401f14122a41d1c34ece5d7b77a839.
2026-05-14 19:23:35.605 [info] ExtensionService#_doActivateExtension vscode.git-base, startup: true, activationEvent: '*', root cause: google.antigravity
2026-05-14 19:23:35.618 [info] ExtensionService#_doActivateExtension vscode.npm, startup: true, activationEvent: 'workspaceContains:package.json'
2026-05-14 19:23:35.679 [info] ExtensionService#_doActivateExtension vscode.git, startup: true, activationEvent: '*', root cause: google.antigravity
2026-05-14 19:23:35.753 [info] ExtensionService#_doActivateExtension vscode.github, startup: true, activationEvent: '*'
2026-05-14 19:23:35.869 [info] ExtensionService#_doActivateExtension google.antigravity, startup: true, activationEvent: '*'
2026-05-14 19:23:36.299 [info] ExtensionService#_doActivateExtension vscode.emmet, startup: false, activationEvent: 'onLanguage'
2026-05-14 19:23:36.422 [info] ExtensionService#_doActivateExtension vscode.typescript-language-features, startup: false, activationEvent: 'onLanguage:javascript'
2026-05-14 19:23:36.768 [info] ExtensionService#_doActivateExtension vscode.terminal-suggest, startup: false, activationEvent: 'onTerminalShellIntegration:*'
2026-05-14 19:23:38.113 [info] Eager extensions activated
2026-05-14 19:23:38.118 [info] ExtensionService#_doActivateExtension google.antigravity-dev-containers, startup: false, activationEvent: 'onStartupFinished'
2026-05-14 19:23:38.131 [info] ExtensionService#_doActivateExtension vscode.debug-auto-launch, startup: false, activationEvent: 'onStartupFinished'
2026-05-14 19:23:38.136 [info] ExtensionService#_doActivateExtension vscode.merge-conflict, startup: false, activationEvent: 'onStartupFinished'
2026-05-14 19:23:41.743 [info] ExtensionService#_doActivateExtension vscode.configuration-editing, startup: false, activationEvent: 'onLanguage:json'
2026-05-14 19:23:41.757 [info] ExtensionService#_doActivateExtension vscode.extension-editing, startup: false, activationEvent: 'onLanguage:json'
2026-05-14 19:23:41.773 [info] ExtensionService#_doActivateExtension vscode.json-language-features, startup: false, activationEvent: 'onLanguage:json'
2026-05-14 19:29:15.067 [info] ExtensionService#_doActivateExtension ms-vscode.js-debug, startup: false, activationEvent: 'onCommand:extension.js-debug.npmScript'
2026-05-14 19:29:20.962 [info] ExtensionService#_doActivateExtension vscode.debug-server-ready, startup: false, activationEvent: 'onDebugResolve'
