[INFO 8:25:44 a.m.] alexdauenhauer.catppuccin-noctis-icons activated
[INFO 8:25:44 a.m.] catppuccin-noctis-icons.hidesExplorerArrows changed, updating to false
[INFO 8:25:44 a.m.] catppuccin-noctis-icons.folders.associations changed, updating to undefined
[INFO 8:25:44 a.m.] catppuccin-noctis-icons.files.associations changed, updating to undefined
[INFO 8:25:44 a.m.] catppuccin-noctis-icons.hidesExplorerArrows changed, updating to false
[INFO 8:25:44 a.m.] catppuccin-noctis-icons.folders.associations changed, updating to undefined
[INFO 8:25:44 a.m.] catppuccin-noctis-icons.files.associations changed, updating to undefined
[INFO 8:25:45 a.m.] catppuccin-noctis-icons.hidesExplorerArrows changed, updating to false
[INFO 8:25:45 a.m.] catppuccin-noctis-icons.folders.associations changed, updating to undefined
[INFO 8:25:45 a.m.] catppuccin-noctis-icons.files.associations changed, updating to undefined
[INFO 8:25:48 a.m.] catppuccin-noctis-icons.hidesExplorerArrows changed, updating to false
[INFO 8:25:48 a.m.] catppuccin-noctis-icons.folders.associations changed, updating to undefined
[INFO 8:25:48 a.m.] catppuccin-noctis-icons.files.associations changed, updating to undefined
[INFO 8:25:50 a.m.] catppuccin-noctis-icons.hidesExplorerArrows changed, updating to false
[INFO 8:25:50 a.m.] catppuccin-noctis-icons.folders.associations changed, updating to undefined
[INFO 8:25:50 a.m.] catppuccin-noctis-icons.files.associations changed, updating to undefined
[INFO 8:26:42 a.m.] catppuccin-noctis-icons.hidesExplorerArrows changed, updating to false
[INFO 8:26:42 a.m.] catppuccin-noctis-icons.folders.associations changed, updating to undefined
[INFO 8:26:42 a.m.] catppuccin-noctis-icons.files.associations changed, updating to undefined
[INFO 8:26:44 a.m.] catppuccin-noctis-icons.hidesExplorerArrows changed, updating to false
[INFO 8:26:44 a.m.] catppuccin-noctis-icons.folders.associations changed, updating to undefined
[INFO 8:26:44 a.m.] catppuccin-noctis-icons.files.associations changed, updating to undefined
[INFO 8:27:01 a.m.] catppuccin-noctis-icons.hidesExplorerArrows changed, updating to false
[INFO 8:27:01 a.m.] catppuccin-noctis-icons.folders.associations changed, updating to undefined
[INFO 8:27:01 a.m.] catppuccin-noctis-icons.files.associations changed, updating to undefined
[INFO 8:28:12 a.m.] catppuccin-noctis-icons.hidesExplorerArrows changed, updating to false
[INFO 8:28:12 a.m.] catppuccin-noctis-icons.folders.associations changed, updating to undefined
[INFO 8:28:12 a.m.] catppuccin-noctis-icons.files.associations changed, updating to undefined
[INFO 8:28:14 a.m.] catppuccin-noctis-icons.hidesExplorerArrows changed, updating to false
[INFO 8:28:14 a.m.] catppuccin-noctis-icons.folders.associations changed, updating to undefined
[INFO 8:28:14 a.m.] catppuccin-noctis-icons.files.associations changed, updating to undefined
[INFO 8:29:36 a.m.] catppuccin-noctis-icons.hidesExplorerArrows changed, updating to false
[INFO 8:29:36 a.m.] catppuccin-noctis-icons.folders.associations changed, updating to undefined
[INFO 8:29:36 a.m.] catppuccin-noctis-icons.files.associations changed, updating to undefined
[INFO 8:29:37 a.m.] catppuccin-noctis-icons.hidesExplorerArrows changed, updating to false
[INFO 8:29:37 a.m.] catppuccin-noctis-icons.folders.associations changed, updating to undefined
[INFO 8:29:37 a.m.] catppuccin-noctis-icons.files.associations changed, updating to undefined
[INFO 8:31:28 a.m.] catppuccin-noctis-icons.hidesExplorerArrows changed, updating to false
[INFO 8:31:28 a.m.] catppuccin-noctis-icons.folders.associations changed, updating to undefined
[INFO 8:31:28 a.m.] catppuccin-noctis-icons.files.associations changed, updating to undefined
[INFO 8:31:29 a.m.] catppuccin-noctis-icons.hidesExplorerArrows changed, updating to false
[INFO 8:31:29 a.m.] catppuccin-noctis-icons.folders.associations changed, updating to undefined
[INFO 8:31:29 a.m.] catppuccin-noctis-icons.files.associations changed, updating to undefined
[INFO 8:31:58 a.m.] catppuccin-noctis-icons.hidesExplorerArrows changed, updating to false
[INFO 8:31:58 a.m.] catppuccin-noctis-icons.folders.associations changed, updating to undefined
[INFO 8:31:58 a.m.] catppuccin-noctis-icons.files.associations changed, updating to undefined
[INFO 8:32:35 a.m.] catppuccin-noctis-icons.hidesExplorerArrows changed, updating to false
[INFO 8:32:35 a.m.] catppuccin-noctis-icons.folders.associations changed, updating to undefined
[INFO 8:32:35 a.m.] catppuccin-noctis-icons.files.associations changed, updating to undefined
[INFO 8:32:46 a.m.] catppuccin-noctis-icons.hidesExplorerArrows changed, updating to false
[INFO 8:32:46 a.m.] catppuccin-noctis-icons.folders.associations changed, updating to undefined
[INFO 8:32:46 a.m.] catppuccin-noctis-icons.files.associations changed, updating to undefined
[INFO 8:32:55 a.m.] catppuccin-noctis-icons.hidesExplorerArrows changed, updating to false
[INFO 8:32:55 a.m.] catppuccin-noctis-icons.folders.associations changed, updating to undefined
[INFO 8:32:55 a.m.] catppuccin-noctis-icons.files.associations changed, updating to undefined
[INFO 8:33:28 a.m.] catppuccin-noctis-icons.hidesExplorerArrows changed, updating to false
[INFO 8:33:28 a.m.] catppuccin-noctis-icons.folders.associations changed, updating to undefined
[INFO 8:33:28 a.m.] catppuccin-noctis-icons.files.associations changed, updating to undefined
[INFO 8:34:33 a.m.] catppuccin-noctis-icons.hidesExplorerArrows changed, updating to false
[INFO 8:34:33 a.m.] catppuccin-noctis-icons.folders.associations changed, updating to undefined
[INFO 8:34:33 a.m.] catppuccin-noctis-icons.files.associations changed, updating to undefined
[INFO 8:34:49 a.m.] catppuccin-noctis-icons.hidesExplorerArrows changed, updating to false
[INFO 8:34:49 a.m.] catppuccin-noctis-icons.folders.associations changed, updating to undefined
[INFO 8:34:49 a.m.] catppuccin-noctis-icons.files.associations changed, updating to undefined
[INFO 8:34:54 a.m.] catppuccin-noctis-icons.hidesExplorerArrows changed, updating to false
[INFO 8:34:54 a.m.] catppuccin-noctis-icons.folders.associations changed, updating to undefined
[INFO 8:34:54 a.m.] catppuccin-noctis-icons.files.associations changed, updating to undefined
[INFO 8:34:58 a.m.] catppuccin-noctis-icons.hidesExplorerArrows changed, updating to false
[INFO 8:34:58 a.m.] catppuccin-noctis-icons.folders.associations changed, updating to undefined
[INFO 8:34:58 a.m.] catppuccin-noctis-icons.files.associations changed, updating to undefined
[INFO 8:35:21 a.m.] catppuccin-noctis-icons.hidesExplorerArrows changed, updating to false
[INFO 8:35:21 a.m.] catppuccin-noctis-icons.folders.associations changed, updating to undefined
[INFO 8:35:21 a.m.] catppuccin-noctis-icons.files.associations changed, updating to undefined
[INFO 8:35:29 a.m.] catppuccin-noctis-icons.hidesExplorerArrows changed, updating to false
[INFO 8:35:29 a.m.] catppuccin-noctis-icons.folders.associations changed, updating to undefined
[INFO 8:35:29 a.m.] catppuccin-noctis-icons.files.associations changed, updating to undefined
[INFO 8:35:36 a.m.] catppuccin-noctis-icons.hidesExplorerArrows changed, updating to false
[INFO 8:35:36 a.m.] catppuccin-noctis-icons.folders.associations changed, updating to undefined
[INFO 8:35:36 a.m.] catppuccin-noctis-icons.files.associations changed, updating to undefined
[INFO 8:35:38 a.m.] catppuccin-noctis-icons.hidesExplorerArrows changed, updating to false
[INFO 8:35:38 a.m.] catppuccin-noctis-icons.folders.associations changed, updating to undefined
[INFO 8:35:38 a.m.] catppuccin-noctis-icons.files.associations changed, updating to undefined
[INFO 8:35:46 a.m.] catppuccin-noctis-icons.hidesExplorerArrows changed, updating to false
[INFO 8:35:46 a.m.] catppuccin-noctis-icons.folders.associations changed, updating to undefined
[INFO 8:35:46 a.m.] catppuccin-noctis-icons.files.associations changed, updating to undefined
[INFO 8:36:07 a.m.] catppuccin-noctis-icons.hidesExplorerArrows changed, updating to false
[INFO 8:36:07 a.m.] catppuccin-noctis-icons.folders.associations changed, updating to undefined
[INFO 8:36:07 a.m.] catppuccin-noctis-icons.files.associations changed, updating to undefined
[INFO 8:36:35 a.m.] catppuccin-noctis-icons.hidesExplorerArrows changed, updating to false
[INFO 8:36:35 a.m.] catppuccin-noctis-icons.folders.associations changed, updating to undefined
[INFO 8:36:35 a.m.] catppuccin-noctis-icons.files.associations changed, updating to undefined
[INFO 8:36:37 a.m.] catppuccin-noctis-icons.hidesExplorerArrows changed, updating to false
[INFO 8:36:37 a.m.] catppuccin-noctis-icons.folders.associations changed, updating to undefined
[INFO 8:36:37 a.m.] catppuccin-noctis-icons.files.associations changed, updating to undefined
[INFO 8:36:42 a.m.] catppuccin-noctis-icons.hidesExplorerArrows changed, updating to false
[INFO 8:36:42 a.m.] catppuccin-noctis-icons.folders.associations changed, updating to undefined
[INFO 8:36:42 a.m.] catppuccin-noctis-icons.files.associations changed, updating to undefined
[INFO 8:37:01 a.m.] catppuccin-noctis-icons.hidesExplorerArrows changed, updating to false
[INFO 8:37:01 a.m.] catppuccin-noctis-icons.folders.associations changed, updating to undefined
[INFO 8:37:01 a.m.] catppuccin-noctis-icons.files.associations changed, updating to undefined
[INFO 8:38:17 a.m.] catppuccin-noctis-icons.hidesExplorerArrows changed, updating to false
[INFO 8:38:17 a.m.] catppuccin-noctis-icons.folders.associations changed, updating to undefined
[INFO 8:38:17 a.m.] catppuccin-noctis-icons.files.associations changed, updating to undefined
[INFO 8:38:23 a.m.] catppuccin-noctis-icons.hidesExplorerArrows changed, updating to false
[INFO 8:38:23 a.m.] catppuccin-noctis-icons.folders.associations changed, updating to undefined
[INFO 8:38:23 a.m.] catppuccin-noctis-icons.files.associations changed, updating to undefined
[INFO 8:38:30 a.m.] catppuccin-noctis-icons.hidesExplorerArrows changed, updating to false
[INFO 8:38:30 a.m.] catppuccin-noctis-icons.folders.associations changed, updating to undefined
[INFO 8:38:30 a.m.] catppuccin-noctis-icons.files.associations changed, updating to undefined
[INFO 8:38:35 a.m.] catppuccin-noctis-icons.hidesExplorerArrows changed, updating to false
[INFO 8:38:35 a.m.] catppuccin-noctis-icons.folders.associations changed, updating to undefined
[INFO 8:38:35 a.m.] catppuccin-noctis-icons.files.associations changed, updating to undefined
[INFO 8:38:40 a.m.] catppuccin-noctis-icons.hidesExplorerArrows changed, updating to false
[INFO 8:38:40 a.m.] catppuccin-noctis-icons.folders.associations changed, updating to undefined
[INFO 8:38:40 a.m.] catppuccin-noctis-icons.files.associations changed, updating to undefined
[INFO 8:38:47 a.m.] catppuccin-noctis-icons.hidesExplorerArrows changed, updating to false
[INFO 8:38:47 a.m.] catppuccin-noctis-icons.folders.associations changed, updating to undefined
[INFO 8:38:47 a.m.] catppuccin-noctis-icons.files.associations changed, updating to undefined
[INFO 8:39:04 a.m.] catppuccin-noctis-icons.hidesExplorerArrows changed, updating to false
[INFO 8:39:04 a.m.] catppuccin-noctis-icons.folders.associations changed, updating to undefined
[INFO 8:39:04 a.m.] catppuccin-noctis-icons.files.associations changed, updating to undefined
[INFO 8:39:45 a.m.] catppuccin-noctis-icons.hidesExplorerArrows changed, updating to false
[INFO 8:39:45 a.m.] catppuccin-noctis-icons.folders.associations changed, updating to undefined
[INFO 8:39:45 a.m.] catppuccin-noctis-icons.files.associations changed, updating to undefined
[INFO 8:40:26 a.m.] catppuccin-noctis-icons.hidesExplorerArrows changed, updating to false
[INFO 8:40:26 a.m.] catppuccin-noctis-icons.folders.associations changed, updating to undefined
[INFO 8:40:26 a.m.] catppuccin-noctis-icons.files.associations changed, updating to undefined
[INFO 8:40:26 a.m.] catppuccin-noctis-icons.hidesExplorerArrows changed, updating to false
[INFO 8:40:26 a.m.] catppuccin-noctis-icons.folders.associations changed, updating to undefined
[INFO 8:40:26 a.m.] catppuccin-noctis-icons.files.associations changed, updating to undefined
[INFO 8:40:28 a.m.] catppuccin-noctis-icons.hidesExplorerArrows changed, updating to false
[INFO 8:40:28 a.m.] catppuccin-noctis-icons.folders.associations changed, updating to undefined
[INFO 8:40:28 a.m.] catppuccin-noctis-icons.files.associations changed, updating to undefined
[INFO 8:40:29 a.m.] catppuccin-noctis-icons.hidesExplorerArrows changed, updating to false
[INFO 8:40:29 a.m.] catppuccin-noctis-icons.folders.associations changed, updating to undefined
[INFO 8:40:29 a.m.] catppuccin-noctis-icons.files.associations changed, updating to undefined
[INFO 8:40:58 a.m.] catppuccin-noctis-icons.hidesExplorerArrows changed, updating to false
[INFO 8:40:58 a.m.] catppuccin-noctis-icons.folders.associations changed, updating to undefined
[INFO 8:40:58 a.m.] catppuccin-noctis-icons.files.associations changed, updating to undefined
[INFO 8:41:20 a.m.] catppuccin-noctis-icons.hidesExplorerArrows changed, updating to false
[INFO 8:41:20 a.m.] catppuccin-noctis-icons.folders.associations changed, updating to undefined
[INFO 8:41:20 a.m.] catppuccin-noctis-icons.files.associations changed, updating to undefined
[INFO 8:41:20 a.m.] catppuccin-noctis-icons.hidesExplorerArrows changed, updating to false
[INFO 8:41:20 a.m.] catppuccin-noctis-icons.folders.associations changed, updating to undefined
[INFO 8:41:20 a.m.] catppuccin-noctis-icons.files.associations changed, updating to undefined
[INFO 8:41:21 a.m.] catppuccin-noctis-icons.hidesExplorerArrows changed, updating to false
[INFO 8:41:21 a.m.] catppuccin-noctis-icons.folders.associations changed, updating to undefined
[INFO 8:41:21 a.m.] catppuccin-noctis-icons.files.associations changed, updating to undefined
[INFO 8:43:20 a.m.] catppuccin-noctis-icons.hidesExplorerArrows changed, updating to false
[INFO 8:43:20 a.m.] catppuccin-noctis-icons.folders.associations changed, updating to undefined
[INFO 8:43:20 a.m.] catppuccin-noctis-icons.files.associations changed, updating to undefined
[INFO 8:43:27 a.m.] catppuccin-noctis-icons.hidesExplorerArrows changed, updating to false
[INFO 8:43:27 a.m.] catppuccin-noctis-icons.folders.associations changed, updating to undefined
[INFO 8:43:27 a.m.] catppuccin-noctis-icons.files.associations changed, updating to undefined
[INFO 8:43:32 a.m.] catppuccin-noctis-icons.hidesExplorerArrows changed, updating to false
[INFO 8:43:32 a.m.] catppuccin-noctis-icons.folders.associations changed, updating to undefined
[INFO 8:43:32 a.m.] catppuccin-noctis-icons.files.associations changed, updating to undefined
[INFO 8:44:26 a.m.] catppuccin-noctis-icons.hidesExplorerArrows changed, updating to false
[INFO 8:44:26 a.m.] catppuccin-noctis-icons.folders.associations changed, updating to undefined
[INFO 8:44:26 a.m.] catppuccin-noctis-icons.files.associations changed, updating to undefined
[INFO 8:51:21 a.m.] catppuccin-noctis-icons.hidesExplorerArrows changed, updating to false
[INFO 8:51:21 a.m.] catppuccin-noctis-icons.folders.associations changed, updating to undefined
[INFO 8:51:21 a.m.] catppuccin-noctis-icons.files.associations changed, updating to undefined
[INFO 8:52:17 a.m.] catppuccin-noctis-icons.hidesExplorerArrows changed, updating to false
[INFO 8:52:17 a.m.] catppuccin-noctis-icons.folders.associations changed, updating to undefined
[INFO 8:52:17 a.m.] catppuccin-noctis-icons.files.associations changed, updating to undefined
[INFO 8:52:40 a.m.] catppuccin-noctis-icons.hidesExplorerArrows changed, updating to false
[INFO 8:52:40 a.m.] catppuccin-noctis-icons.folders.associations changed, updating to undefined
[INFO 8:52:40 a.m.] catppuccin-noctis-icons.files.associations changed, updating to undefined
[INFO 8:52:59 a.m.] catppuccin-noctis-icons.hidesExplorerArrows changed, updating to false
[INFO 8:52:59 a.m.] catppuccin-noctis-icons.folders.associations changed, updating to undefined
[INFO 8:52:59 a.m.] catppuccin-noctis-icons.files.associations changed, updating to undefined
[INFO 8:54:02 a.m.] catppuccin-noctis-icons.hidesExplorerArrows changed, updating to false
[INFO 8:54:02 a.m.] catppuccin-noctis-icons.folders.associations changed, updating to undefined
[INFO 8:54:02 a.m.] catppuccin-noctis-icons.files.associations changed, updating to undefined
[INFO 8:54:27 a.m.] catppuccin-noctis-icons.hidesExplorerArrows changed, updating to false
[INFO 8:54:27 a.m.] catppuccin-noctis-icons.folders.associations changed, updating to undefined
[INFO 8:54:27 a.m.] catppuccin-noctis-icons.files.associations changed, updating to undefined
[INFO 8:54:42 a.m.] catppuccin-noctis-icons.hidesExplorerArrows changed, updating to false
[INFO 8:54:42 a.m.] catppuccin-noctis-icons.folders.associations changed, updating to undefined
[INFO 8:54:42 a.m.] catppuccin-noctis-icons.files.associations changed, updating to undefined
[INFO 8:54:53 a.m.] catppuccin-noctis-icons.hidesExplorerArrows changed, updating to false
[INFO 8:54:53 a.m.] catppuccin-noctis-icons.folders.associations changed, updating to undefined
[INFO 8:54:53 a.m.] catppuccin-noctis-icons.files.associations changed, updating to undefined
[INFO 8:55:34 a.m.] catppuccin-noctis-icons.hidesExplorerArrows changed, updating to false
[INFO 8:55:34 a.m.] catppuccin-noctis-icons.folders.associations changed, updating to undefined
[INFO 8:55:34 a.m.] catppuccin-noctis-icons.files.associations changed, updating to undefined
[INFO 8:56:02 a.m.] catppuccin-noctis-icons.hidesExplorerArrows changed, updating to false
[INFO 8:56:02 a.m.] catppuccin-noctis-icons.folders.associations changed, updating to undefined
[INFO 8:56:02 a.m.] catppuccin-noctis-icons.files.associations changed, updating to undefined
[INFO 8:56:46 a.m.] catppuccin-noctis-icons.hidesExplorerArrows changed, updating to false
[INFO 8:56:46 a.m.] catppuccin-noctis-icons.folders.associations changed, updating to undefined
[INFO 8:56:46 a.m.] catppuccin-noctis-icons.files.associations changed, updating to undefined
[INFO 8:57:16 a.m.] catppuccin-noctis-icons.hidesExplorerArrows changed, updating to false
[INFO 8:57:16 a.m.] catppuccin-noctis-icons.folders.associations changed, updating to undefined
[INFO 8:57:16 a.m.] catppuccin-noctis-icons.files.associations changed, updating to undefined
[INFO 8:57:23 a.m.] catppuccin-noctis-icons.hidesExplorerArrows changed, updating to false
[INFO 8:57:23 a.m.] catppuccin-noctis-icons.folders.associations changed, updating to undefined
[INFO 8:57:23 a.m.] catppuccin-noctis-icons.files.associations changed, updating to undefined
[INFO 8:57:39 a.m.] catppuccin-noctis-icons.hidesExplorerArrows changed, updating to false
[INFO 8:57:39 a.m.] catppuccin-noctis-icons.folders.associations changed, updating to undefined
[INFO 8:57:39 a.m.] catppuccin-noctis-icons.files.associations changed, updating to undefined
[INFO 8:57:57 a.m.] catppuccin-noctis-icons.hidesExplorerArrows changed, updating to false
[INFO 8:57:57 a.m.] catppuccin-noctis-icons.folders.associations changed, updating to undefined
[INFO 8:57:57 a.m.] catppuccin-noctis-icons.files.associations changed, updating to undefined
[INFO 8:58:18 a.m.] catppuccin-noctis-icons.hidesExplorerArrows changed, updating to false
[INFO 8:58:18 a.m.] catppuccin-noctis-icons.folders.associations changed, updating to undefined
[INFO 8:58:18 a.m.] catppuccin-noctis-icons.files.associations changed, updating to undefined
[INFO 8:58:44 a.m.] catppuccin-noctis-icons.hidesExplorerArrows changed, updating to false
[INFO 8:58:44 a.m.] catppuccin-noctis-icons.folders.associations changed, updating to undefined
[INFO 8:58:44 a.m.] catppuccin-noctis-icons.files.associations changed, updating to undefined
[INFO 8:59:30 a.m.] catppuccin-noctis-icons.hidesExplorerArrows changed, updating to false
[INFO 8:59:30 a.m.] catppuccin-noctis-icons.folders.associations changed, updating to undefined
[INFO 8:59:30 a.m.] catppuccin-noctis-icons.files.associations changed, updating to undefined
[INFO 8:59:59 a.m.] catppuccin-noctis-icons.hidesExplorerArrows changed, updating to false
[INFO 8:59:59 a.m.] catppuccin-noctis-icons.folders.associations changed, updating to undefined
[INFO 8:59:59 a.m.] catppuccin-noctis-icons.files.associations changed, updating to undefined
[INFO 9:00:30 a.m.] catppuccin-noctis-icons.hidesExplorerArrows changed, updating to false
[INFO 9:00:30 a.m.] catppuccin-noctis-icons.folders.associations changed, updating to undefined
[INFO 9:00:30 a.m.] catppuccin-noctis-icons.files.associations changed, updating to undefined
[INFO 9:00:56 a.m.] catppuccin-noctis-icons.hidesExplorerArrows changed, updating to false
[INFO 9:00:56 a.m.] catppuccin-noctis-icons.folders.associations changed, updating to undefined
[INFO 9:00:56 a.m.] catppuccin-noctis-icons.files.associations changed, updating to undefined
[INFO 9:01:22 a.m.] catppuccin-noctis-icons.hidesExplorerArrows changed, updating to false
[INFO 9:01:22 a.m.] catppuccin-noctis-icons.folders.associations changed, updating to undefined
[INFO 9:01:22 a.m.] catppuccin-noctis-icons.files.associations changed, updating to undefined
[INFO 9:01:35 a.m.] catppuccin-noctis-icons.hidesExplorerArrows changed, updating to false
[INFO 9:01:35 a.m.] catppuccin-noctis-icons.folders.associations changed, updating to undefined
[INFO 9:01:35 a.m.] catppuccin-noctis-icons.files.associations changed, updating to undefined
[INFO 9:02:38 a.m.] catppuccin-noctis-icons.hidesExplorerArrows changed, updating to false
[INFO 9:02:38 a.m.] catppuccin-noctis-icons.folders.associations changed, updating to undefined
[INFO 9:02:38 a.m.] catppuccin-noctis-icons.files.associations changed, updating to undefined
[INFO 9:03:08 a.m.] catppuccin-noctis-icons.hidesExplorerArrows changed, updating to false
[INFO 9:03:08 a.m.] catppuccin-noctis-icons.folders.associations changed, updating to undefined
[INFO 9:03:08 a.m.] catppuccin-noctis-icons.files.associations changed, updating to undefined
[INFO 9:05:17 a.m.] catppuccin-noctis-icons.hidesExplorerArrows changed, updating to false
[INFO 9:05:17 a.m.] catppuccin-noctis-icons.folders.associations changed, updating to undefined
[INFO 9:05:17 a.m.] catppuccin-noctis-icons.files.associations changed, updating to undefined
[INFO 9:05:20 a.m.] catppuccin-noctis-icons.hidesExplorerArrows changed, updating to false
[INFO 9:05:20 a.m.] catppuccin-noctis-icons.folders.associations changed, updating to undefined
[INFO 9:05:20 a.m.] catppuccin-noctis-icons.files.associations changed, updating to undefined
[INFO 9:06:24 a.m.] catppuccin-noctis-icons.hidesExplorerArrows changed, updating to false
[INFO 9:06:24 a.m.] catppuccin-noctis-icons.folders.associations changed, updating to undefined
[INFO 9:06:24 a.m.] catppuccin-noctis-icons.files.associations changed, updating to undefined
[INFO 9:07:06 a.m.] catppuccin-noctis-icons.hidesExplorerArrows changed, updating to false
[INFO 9:07:06 a.m.] catppuccin-noctis-icons.folders.associations changed, updating to undefined
[INFO 9:07:06 a.m.] catppuccin-noctis-icons.files.associations changed, updating to undefined
[INFO 9:07:31 a.m.] catppuccin-noctis-icons.hidesExplorerArrows changed, updating to false
[INFO 9:07:31 a.m.] catppuccin-noctis-icons.folders.associations changed, updating to undefined
[INFO 9:07:31 a.m.] catppuccin-noctis-icons.files.associations changed, updating to undefined
[INFO 9:07:47 a.m.] catppuccin-noctis-icons.hidesExplorerArrows changed, updating to false
[INFO 9:07:47 a.m.] catppuccin-noctis-icons.folders.associations changed, updating to undefined
[INFO 9:07:47 a.m.] catppuccin-noctis-icons.files.associations changed, updating to undefined
[INFO 9:07:57 a.m.] catppuccin-noctis-icons.hidesExplorerArrows changed, updating to false
[INFO 9:07:57 a.m.] catppuccin-noctis-icons.folders.associations changed, updating to undefined
[INFO 9:07:57 a.m.] catppuccin-noctis-icons.files.associations changed, updating to undefined
[INFO 9:08:13 a.m.] catppuccin-noctis-icons.hidesExplorerArrows changed, updating to false
[INFO 9:08:13 a.m.] catppuccin-noctis-icons.folders.associations changed, updating to undefined
[INFO 9:08:13 a.m.] catppuccin-noctis-icons.files.associations changed, updating to undefined
[INFO 9:08:25 a.m.] catppuccin-noctis-icons.hidesExplorerArrows changed, updating to false
[INFO 9:08:25 a.m.] catppuccin-noctis-icons.folders.associations changed, updating to undefined
[INFO 9:08:25 a.m.] catppuccin-noctis-icons.files.associations changed, updating to undefined
[INFO 9:08:27 a.m.] catppuccin-noctis-icons.hidesExplorerArrows changed, updating to false
[INFO 9:08:27 a.m.] catppuccin-noctis-icons.folders.associations changed, updating to undefined
[INFO 9:08:27 a.m.] catppuccin-noctis-icons.files.associations changed, updating to undefined
[INFO 9:08:49 a.m.] catppuccin-noctis-icons.hidesExplorerArrows changed, updating to false
[INFO 9:08:49 a.m.] catppuccin-noctis-icons.folders.associations changed, updating to undefined
[INFO 9:08:49 a.m.] catppuccin-noctis-icons.files.associations changed, updating to undefined
[INFO 9:47:09 a.m.] catppuccin-noctis-icons.hidesExplorerArrows changed, updating to false
[INFO 9:47:09 a.m.] catppuccin-noctis-icons.folders.associations changed, updating to undefined
[INFO 9:47:09 a.m.] catppuccin-noctis-icons.files.associations changed, updating to undefined
[INFO 9:47:11 a.m.] catppuccin-noctis-icons.hidesExplorerArrows changed, updating to false
[INFO 9:47:11 a.m.] catppuccin-noctis-icons.folders.associations changed, updating to undefined
[INFO 9:47:11 a.m.] catppuccin-noctis-icons.files.associations changed, updating to undefined
[INFO 9:47:15 a.m.] catppuccin-noctis-icons.hidesExplorerArrows changed, updating to false
[INFO 9:47:15 a.m.] catppuccin-noctis-icons.folders.associations changed, updating to undefined
[INFO 9:47:15 a.m.] catppuccin-noctis-icons.files.associations changed, updating to undefined
[INFO 9:47:32 a.m.] catppuccin-noctis-icons.hidesExplorerArrows changed, updating to false
[INFO 9:47:32 a.m.] catppuccin-noctis-icons.folders.associations changed, updating to undefined
[INFO 9:47:32 a.m.] catppuccin-noctis-icons.files.associations changed, updating to undefined
[INFO 9:47:43 a.m.] catppuccin-noctis-icons.hidesExplorerArrows changed, updating to false
[INFO 9:47:43 a.m.] catppuccin-noctis-icons.folders.associations changed, updating to undefined
[INFO 9:47:43 a.m.] catppuccin-noctis-icons.files.associations changed, updating to undefined
[INFO 9:49:11 a.m.] catppuccin-noctis-icons.hidesExplorerArrows changed, updating to false
[INFO 9:49:11 a.m.] catppuccin-noctis-icons.folders.associations changed, updating to undefined
[INFO 9:49:11 a.m.] catppuccin-noctis-icons.files.associations changed, updating to undefined
[INFO 9:49:15 a.m.] catppuccin-noctis-icons.hidesExplorerArrows changed, updating to false
[INFO 9:49:15 a.m.] catppuccin-noctis-icons.folders.associations changed, updating to undefined
[INFO 9:49:15 a.m.] catppuccin-noctis-icons.files.associations changed, updating to undefined
[INFO 9:49:16 a.m.] catppuccin-noctis-icons.hidesExplorerArrows changed, updating to false
[INFO 9:49:16 a.m.] catppuccin-noctis-icons.folders.associations changed, updating to undefined
[INFO 9:49:16 a.m.] catppuccin-noctis-icons.files.associations changed, updating to undefined
[INFO 9:49:17 a.m.] catppuccin-noctis-icons.hidesExplorerArrows changed, updating to false
[INFO 9:49:17 a.m.] catppuccin-noctis-icons.folders.associations changed, updating to undefined
[INFO 9:49:17 a.m.] catppuccin-noctis-icons.files.associations changed, updating to undefined
[INFO 9:49:18 a.m.] catppuccin-noctis-icons.hidesExplorerArrows changed, updating to false
[INFO 9:49:18 a.m.] catppuccin-noctis-icons.folders.associations changed, updating to undefined
[INFO 9:49:18 a.m.] catppuccin-noctis-icons.files.associations changed, updating to undefined
[INFO 9:49:59 a.m.] catppuccin-noctis-icons.hidesExplorerArrows changed, updating to false
[INFO 9:49:59 a.m.] catppuccin-noctis-icons.folders.associations changed, updating to undefined
[INFO 9:49:59 a.m.] catppuccin-noctis-icons.files.associations changed, updating to undefined
[INFO 9:50:10 a.m.] catppuccin-noctis-icons.hidesExplorerArrows changed, updating to false
[INFO 9:50:10 a.m.] catppuccin-noctis-icons.folders.associations changed, updating to undefined
[INFO 9:50:11 a.m.] catppuccin-noctis-icons.files.associations changed, updating to undefined
[INFO 9:51:13 a.m.] catppuccin-noctis-icons.hidesExplorerArrows changed, updating to false
[INFO 9:51:13 a.m.] catppuccin-noctis-icons.folders.associations changed, updating to undefined
[INFO 9:51:13 a.m.] catppuccin-noctis-icons.files.associations changed, updating to undefined
[INFO 9:51:17 a.m.] catppuccin-noctis-icons.hidesExplorerArrows changed, updating to false
[INFO 9:51:17 a.m.] catppuccin-noctis-icons.folders.associations changed, updating to undefined
[INFO 9:51:17 a.m.] catppuccin-noctis-icons.files.associations changed, updating to undefined
[INFO 9:51:20 a.m.] catppuccin-noctis-icons.hidesExplorerArrows changed, updating to false
[INFO 9:51:20 a.m.] catppuccin-noctis-icons.folders.associations changed, updating to undefined
[INFO 9:51:20 a.m.] catppuccin-noctis-icons.files.associations changed, updating to undefined
[INFO 9:51:20 a.m.] catppuccin-noctis-icons.hidesExplorerArrows changed, updating to false
[INFO 9:51:20 a.m.] catppuccin-noctis-icons.folders.associations changed, updating to undefined
[INFO 9:51:20 a.m.] catppuccin-noctis-icons.files.associations changed, updating to undefined
[INFO 9:51:53 a.m.] catppuccin-noctis-icons.hidesExplorerArrows changed, updating to false
[INFO 9:51:53 a.m.] catppuccin-noctis-icons.folders.associations changed, updating to undefined
[INFO 9:51:53 a.m.] catppuccin-noctis-icons.files.associations changed, updating to undefined
[INFO 9:52:27 a.m.] catppuccin-noctis-icons.hidesExplorerArrows changed, updating to false
[INFO 9:52:27 a.m.] catppuccin-noctis-icons.folders.associations changed, updating to undefined
[INFO 9:52:27 a.m.] catppuccin-noctis-icons.files.associations changed, updating to undefined
[INFO 9:52:40 a.m.] catppuccin-noctis-icons.hidesExplorerArrows changed, updating to false
[INFO 9:52:40 a.m.] catppuccin-noctis-icons.folders.associations changed, updating to undefined
[INFO 9:52:40 a.m.] catppuccin-noctis-icons.files.associations changed, updating to undefined
[INFO 9:53:40 a.m.] catppuccin-noctis-icons.hidesExplorerArrows changed, updating to false
[INFO 9:53:40 a.m.] catppuccin-noctis-icons.folders.associations changed, updating to undefined
[INFO 9:53:40 a.m.] catppuccin-noctis-icons.files.associations changed, updating to undefined
[INFO 9:56:06 a.m.] catppuccin-noctis-icons.hidesExplorerArrows changed, updating to false
[INFO 9:56:06 a.m.] catppuccin-noctis-icons.folders.associations changed, updating to undefined
[INFO 9:56:06 a.m.] catppuccin-noctis-icons.files.associations changed, updating to undefined
[INFO 9:56:19 a.m.] catppuccin-noctis-icons.hidesExplorerArrows changed, updating to false
[INFO 9:56:19 a.m.] catppuccin-noctis-icons.folders.associations changed, updating to undefined
[INFO 9:56:19 a.m.] catppuccin-noctis-icons.files.associations changed, updating to undefined
[INFO 9:56:36 a.m.] catppuccin-noctis-icons.hidesExplorerArrows changed, updating to false
[INFO 9:56:36 a.m.] catppuccin-noctis-icons.folders.associations changed, updating to undefined
[INFO 9:56:36 a.m.] catppuccin-noctis-icons.files.associations changed, updating to undefined
[INFO 9:56:55 a.m.] catppuccin-noctis-icons.hidesExplorerArrows changed, updating to false
[INFO 9:56:55 a.m.] catppuccin-noctis-icons.folders.associations changed, updating to undefined
[INFO 9:56:55 a.m.] catppuccin-noctis-icons.files.associations changed, updating to undefined
[INFO 9:57:34 a.m.] catppuccin-noctis-icons.hidesExplorerArrows changed, updating to false
[INFO 9:57:34 a.m.] catppuccin-noctis-icons.folders.associations changed, updating to undefined
[INFO 9:57:34 a.m.] catppuccin-noctis-icons.files.associations changed, updating to undefined
[INFO 9:58:20 a.m.] catppuccin-noctis-icons.hidesExplorerArrows changed, updating to false
[INFO 9:58:20 a.m.] catppuccin-noctis-icons.folders.associations changed, updating to undefined
[INFO 9:58:20 a.m.] catppuccin-noctis-icons.files.associations changed, updating to undefined
[INFO 9:58:31 a.m.] catppuccin-noctis-icons.hidesExplorerArrows changed, updating to false
[INFO 9:58:31 a.m.] catppuccin-noctis-icons.folders.associations changed, updating to undefined
[INFO 9:58:31 a.m.] catppuccin-noctis-icons.files.associations changed, updating to undefined
[INFO 9:58:47 a.m.] catppuccin-noctis-icons.hidesExplorerArrows changed, updating to false
[INFO 9:58:47 a.m.] catppuccin-noctis-icons.folders.associations changed, updating to undefined
[INFO 9:58:47 a.m.] catppuccin-noctis-icons.files.associations changed, updating to undefined
[INFO 9:59:01 a.m.] catppuccin-noctis-icons.hidesExplorerArrows changed, updating to false
[INFO 9:59:01 a.m.] catppuccin-noctis-icons.folders.associations changed, updating to undefined
[INFO 9:59:01 a.m.] catppuccin-noctis-icons.files.associations changed, updating to undefined
[INFO 9:59:11 a.m.] catppuccin-noctis-icons.hidesExplorerArrows changed, updating to false
[INFO 9:59:11 a.m.] catppuccin-noctis-icons.folders.associations changed, updating to undefined
[INFO 9:59:11 a.m.] catppuccin-noctis-icons.files.associations changed, updating to undefined
[INFO 10:00:07 a.m.] catppuccin-noctis-icons.hidesExplorerArrows changed, updating to false
[INFO 10:00:07 a.m.] catppuccin-noctis-icons.folders.associations changed, updating to undefined
[INFO 10:00:07 a.m.] catppuccin-noctis-icons.files.associations changed, updating to undefined
[INFO 10:00:08 a.m.] catppuccin-noctis-icons.hidesExplorerArrows changed, updating to false
[INFO 10:00:08 a.m.] catppuccin-noctis-icons.folders.associations changed, updating to undefined
[INFO 10:00:08 a.m.] catppuccin-noctis-icons.files.associations changed, updating to undefined
[INFO 10:00:19 a.m.] catppuccin-noctis-icons.hidesExplorerArrows changed, updating to false
[INFO 10:00:19 a.m.] catppuccin-noctis-icons.folders.associations changed, updating to undefined
[INFO 10:00:19 a.m.] catppuccin-noctis-icons.files.associations changed, updating to undefined
[INFO 10:00:21 a.m.] catppuccin-noctis-icons.hidesExplorerArrows changed, updating to false
[INFO 10:00:21 a.m.] catppuccin-noctis-icons.folders.associations changed, updating to undefined
[INFO 10:00:21 a.m.] catppuccin-noctis-icons.files.associations changed, updating to undefined
[INFO 10:00:58 a.m.] catppuccin-noctis-icons.hidesExplorerArrows changed, updating to false
[INFO 10:00:58 a.m.] catppuccin-noctis-icons.folders.associations changed, updating to undefined
[INFO 10:00:58 a.m.] catppuccin-noctis-icons.files.associations changed, updating to undefined
[INFO 10:01:01 a.m.] catppuccin-noctis-icons.hidesExplorerArrows changed, updating to false
[INFO 10:01:01 a.m.] catppuccin-noctis-icons.folders.associations changed, updating to undefined
[INFO 10:01:01 a.m.] catppuccin-noctis-icons.files.associations changed, updating to undefined
[INFO 10:01:04 a.m.] catppuccin-noctis-icons.hidesExplorerArrows changed, updating to false
[INFO 10:01:04 a.m.] catppuccin-noctis-icons.folders.associations changed, updating to undefined
[INFO 10:01:04 a.m.] catppuccin-noctis-icons.files.associations changed, updating to undefined
[INFO 10:01:10 a.m.] catppuccin-noctis-icons.hidesExplorerArrows changed, updating to false
[INFO 10:01:10 a.m.] catppuccin-noctis-icons.folders.associations changed, updating to undefined
[INFO 10:01:10 a.m.] catppuccin-noctis-icons.files.associations changed, updating to undefined
[INFO 10:01:20 a.m.] catppuccin-noctis-icons.hidesExplorerArrows changed, updating to false
[INFO 10:01:20 a.m.] catppuccin-noctis-icons.folders.associations changed, updating to undefined
[INFO 10:01:20 a.m.] catppuccin-noctis-icons.files.associations changed, updating to undefined
[INFO 10:01:21 a.m.] catppuccin-noctis-icons.hidesExplorerArrows changed, updating to false
[INFO 10:01:21 a.m.] catppuccin-noctis-icons.folders.associations changed, updating to undefined
[INFO 10:01:21 a.m.] catppuccin-noctis-icons.files.associations changed, updating to undefined
[INFO 10:01:25 a.m.] catppuccin-noctis-icons.hidesExplorerArrows changed, updating to false
[INFO 10:01:25 a.m.] catppuccin-noctis-icons.folders.associations changed, updating to undefined
[INFO 10:01:25 a.m.] catppuccin-noctis-icons.files.associations changed, updating to undefined
[INFO 10:05:30 a.m.] catppuccin-noctis-icons.hidesExplorerArrows changed, updating to false
[INFO 10:05:30 a.m.] catppuccin-noctis-icons.folders.associations changed, updating to undefined
[INFO 10:05:30 a.m.] catppuccin-noctis-icons.files.associations changed, updating to undefined
[INFO 10:06:04 a.m.] catppuccin-noctis-icons.hidesExplorerArrows changed, updating to false
[INFO 10:06:04 a.m.] catppuccin-noctis-icons.folders.associations changed, updating to undefined
[INFO 10:06:04 a.m.] catppuccin-noctis-icons.files.associations changed, updating to undefined
[INFO 10:06:18 a.m.] catppuccin-noctis-icons.hidesExplorerArrows changed, updating to false
[INFO 10:06:18 a.m.] catppuccin-noctis-icons.folders.associations changed, updating to undefined
[INFO 10:06:18 a.m.] catppuccin-noctis-icons.files.associations changed, updating to undefined
[INFO 10:16:21 a.m.] catppuccin-noctis-icons.hidesExplorerArrows changed, updating to false
[INFO 10:16:21 a.m.] catppuccin-noctis-icons.folders.associations changed, updating to undefined
[INFO 10:16:21 a.m.] catppuccin-noctis-icons.files.associations changed, updating to undefined
[INFO 10:27:12 a.m.] catppuccin-noctis-icons.hidesExplorerArrows changed, updating to false
[INFO 10:27:12 a.m.] catppuccin-noctis-icons.folders.associations changed, updating to undefined
[INFO 10:27:12 a.m.] catppuccin-noctis-icons.files.associations changed, updating to undefined
[INFO 10:28:04 a.m.] catppuccin-noctis-icons.hidesExplorerArrows changed, updating to false
[INFO 10:28:04 a.m.] catppuccin-noctis-icons.folders.associations changed, updating to undefined
[INFO 10:28:04 a.m.] catppuccin-noctis-icons.files.associations changed, updating to undefined
[INFO 10:28:11 a.m.] catppuccin-noctis-icons.hidesExplorerArrows changed, updating to false
[INFO 10:28:11 a.m.] catppuccin-noctis-icons.folders.associations changed, updating to undefined
[INFO 10:28:11 a.m.] catppuccin-noctis-icons.files.associations changed, updating to undefined
[INFO 10:28:40 a.m.] catppuccin-noctis-icons.hidesExplorerArrows changed, updating to false
[INFO 10:28:40 a.m.] catppuccin-noctis-icons.folders.associations changed, updating to undefined
[INFO 10:28:40 a.m.] catppuccin-noctis-icons.files.associations changed, updating to undefined
[INFO 10:30:55 a.m.] catppuccin-noctis-icons.hidesExplorerArrows changed, updating to false
[INFO 10:30:55 a.m.] catppuccin-noctis-icons.folders.associations changed, updating to undefined
[INFO 10:30:55 a.m.] catppuccin-noctis-icons.files.associations changed, updating to undefined
[INFO 10:31:48 a.m.] catppuccin-noctis-icons.hidesExplorerArrows changed, updating to false
[INFO 10:31:48 a.m.] catppuccin-noctis-icons.folders.associations changed, updating to undefined
[INFO 10:31:48 a.m.] catppuccin-noctis-icons.files.associations changed, updating to undefined
[INFO 10:32:55 a.m.] catppuccin-noctis-icons.hidesExplorerArrows changed, updating to false
[INFO 10:32:55 a.m.] catppuccin-noctis-icons.folders.associations changed, updating to undefined
[INFO 10:32:55 a.m.] catppuccin-noctis-icons.files.associations changed, updating to undefined
[INFO 10:33:02 a.m.] catppuccin-noctis-icons.hidesExplorerArrows changed, updating to false
[INFO 10:33:02 a.m.] catppuccin-noctis-icons.folders.associations changed, updating to undefined
[INFO 10:33:02 a.m.] catppuccin-noctis-icons.files.associations changed, updating to undefined
[INFO 10:35:44 a.m.] catppuccin-noctis-icons.hidesExplorerArrows changed, updating to false
[INFO 10:35:44 a.m.] catppuccin-noctis-icons.folders.associations changed, updating to undefined
[INFO 10:35:44 a.m.] catppuccin-noctis-icons.files.associations changed, updating to undefined
[INFO 10:36:06 a.m.] catppuccin-noctis-icons.hidesExplorerArrows changed, updating to false
[INFO 10:36:06 a.m.] catppuccin-noctis-icons.folders.associations changed, updating to undefined
[INFO 10:36:06 a.m.] catppuccin-noctis-icons.files.associations changed, updating to undefined
[INFO 10:37:16 a.m.] catppuccin-noctis-icons.hidesExplorerArrows changed, updating to false
[INFO 10:37:16 a.m.] catppuccin-noctis-icons.folders.associations changed, updating to undefined
[INFO 10:37:16 a.m.] catppuccin-noctis-icons.files.associations changed, updating to undefined
[INFO 10:37:59 a.m.] catppuccin-noctis-icons.hidesExplorerArrows changed, updating to false
[INFO 10:37:59 a.m.] catppuccin-noctis-icons.folders.associations changed, updating to undefined
[INFO 10:37:59 a.m.] catppuccin-noctis-icons.files.associations changed, updating to undefined
[INFO 10:40:02 a.m.] catppuccin-noctis-icons.hidesExplorerArrows changed, updating to false
[INFO 10:40:02 a.m.] catppuccin-noctis-icons.folders.associations changed, updating to undefined
[INFO 10:40:02 a.m.] catppuccin-noctis-icons.files.associations changed, updating to undefined
[INFO 10:40:04 a.m.] catppuccin-noctis-icons.hidesExplorerArrows changed, updating to false
[INFO 10:40:04 a.m.] catppuccin-noctis-icons.folders.associations changed, updating to undefined
[INFO 10:40:04 a.m.] catppuccin-noctis-icons.files.associations changed, updating to undefined
[INFO 10:41:08 a.m.] catppuccin-noctis-icons.hidesExplorerArrows changed, updating to false
[INFO 10:41:08 a.m.] catppuccin-noctis-icons.folders.associations changed, updating to undefined
[INFO 10:41:08 a.m.] catppuccin-noctis-icons.files.associations changed, updating to undefined
[INFO 10:41:14 a.m.] catppuccin-noctis-icons.hidesExplorerArrows changed, updating to false
[INFO 10:41:14 a.m.] catppuccin-noctis-icons.folders.associations changed, updating to undefined
[INFO 10:41:14 a.m.] catppuccin-noctis-icons.files.associations changed, updating to undefined
[INFO 10:44:27 a.m.] catppuccin-noctis-icons.hidesExplorerArrows changed, updating to false
[INFO 10:44:27 a.m.] catppuccin-noctis-icons.folders.associations changed, updating to undefined
[INFO 10:44:27 a.m.] catppuccin-noctis-icons.files.associations changed, updating to undefined
[INFO 10:45:37 a.m.] catppuccin-noctis-icons.hidesExplorerArrows changed, updating to false
[INFO 10:45:37 a.m.] catppuccin-noctis-icons.folders.associations changed, updating to undefined
[INFO 10:45:37 a.m.] catppuccin-noctis-icons.files.associations changed, updating to undefined
[INFO 10:46:46 a.m.] catppuccin-noctis-icons.hidesExplorerArrows changed, updating to false
[INFO 10:46:46 a.m.] catppuccin-noctis-icons.folders.associations changed, updating to undefined
[INFO 10:46:46 a.m.] catppuccin-noctis-icons.files.associations changed, updating to undefined
[INFO 10:47:38 a.m.] catppuccin-noctis-icons.hidesExplorerArrows changed, updating to false
[INFO 10:47:38 a.m.] catppuccin-noctis-icons.folders.associations changed, updating to undefined
[INFO 10:47:38 a.m.] catppuccin-noctis-icons.files.associations changed, updating to undefined
[INFO 10:49:38 a.m.] catppuccin-noctis-icons.hidesExplorerArrows changed, updating to false
[INFO 10:49:38 a.m.] catppuccin-noctis-icons.folders.associations changed, updating to undefined
[INFO 10:49:38 a.m.] catppuccin-noctis-icons.files.associations changed, updating to undefined
[INFO 10:53:04 a.m.] catppuccin-noctis-icons.hidesExplorerArrows changed, updating to false
[INFO 10:53:04 a.m.] catppuccin-noctis-icons.folders.associations changed, updating to undefined
[INFO 10:53:04 a.m.] catppuccin-noctis-icons.files.associations changed, updating to undefined
[INFO 10:53:08 a.m.] catppuccin-noctis-icons.hidesExplorerArrows changed, updating to false
[INFO 10:53:08 a.m.] catppuccin-noctis-icons.folders.associations changed, updating to undefined
[INFO 10:53:08 a.m.] catppuccin-noctis-icons.files.associations changed, updating to undefined
[INFO 10:53:39 a.m.] catppuccin-noctis-icons.hidesExplorerArrows changed, updating to false
[INFO 10:53:39 a.m.] catppuccin-noctis-icons.folders.associations changed, updating to undefined
[INFO 10:53:39 a.m.] catppuccin-noctis-icons.files.associations changed, updating to undefined
[INFO 10:53:55 a.m.] catppuccin-noctis-icons.hidesExplorerArrows changed, updating to false
[INFO 10:53:55 a.m.] catppuccin-noctis-icons.folders.associations changed, updating to undefined
[INFO 10:53:55 a.m.] catppuccin-noctis-icons.files.associations changed, updating to undefined
[INFO 10:54:24 a.m.] catppuccin-noctis-icons.hidesExplorerArrows changed, updating to false
[INFO 10:54:24 a.m.] catppuccin-noctis-icons.folders.associations changed, updating to undefined
[INFO 10:54:24 a.m.] catppuccin-noctis-icons.files.associations changed, updating to undefined
[INFO 10:55:20 a.m.] catppuccin-noctis-icons.hidesExplorerArrows changed, updating to false
[INFO 10:55:20 a.m.] catppuccin-noctis-icons.folders.associations changed, updating to undefined
[INFO 10:55:20 a.m.] catppuccin-noctis-icons.files.associations changed, updating to undefined
[INFO 10:55:23 a.m.] catppuccin-noctis-icons.hidesExplorerArrows changed, updating to false
[INFO 10:55:23 a.m.] catppuccin-noctis-icons.folders.associations changed, updating to undefined
[INFO 10:55:23 a.m.] catppuccin-noctis-icons.files.associations changed, updating to undefined
[INFO 10:55:44 a.m.] catppuccin-noctis-icons.hidesExplorerArrows changed, updating to false
[INFO 10:55:44 a.m.] catppuccin-noctis-icons.folders.associations changed, updating to undefined
[INFO 10:55:44 a.m.] catppuccin-noctis-icons.files.associations changed, updating to undefined
[INFO 10:55:54 a.m.] catppuccin-noctis-icons.hidesExplorerArrows changed, updating to false
[INFO 10:55:54 a.m.] catppuccin-noctis-icons.folders.associations changed, updating to undefined
[INFO 10:55:54 a.m.] catppuccin-noctis-icons.files.associations changed, updating to undefined
[INFO 10:56:05 a.m.] catppuccin-noctis-icons.hidesExplorerArrows changed, updating to false
[INFO 10:56:05 a.m.] catppuccin-noctis-icons.folders.associations changed, updating to undefined
[INFO 10:56:05 a.m.] catppuccin-noctis-icons.files.associations changed, updating to undefined
[INFO 10:56:24 a.m.] catppuccin-noctis-icons.hidesExplorerArrows changed, updating to false
[INFO 10:56:24 a.m.] catppuccin-noctis-icons.folders.associations changed, updating to undefined
[INFO 10:56:24 a.m.] catppuccin-noctis-icons.files.associations changed, updating to undefined
[INFO 10:57:33 a.m.] catppuccin-noctis-icons.hidesExplorerArrows changed, updating to false
[INFO 10:57:33 a.m.] catppuccin-noctis-icons.folders.associations changed, updating to undefined
[INFO 10:57:33 a.m.] catppuccin-noctis-icons.files.associations changed, updating to undefined
[INFO 10:57:46 a.m.] catppuccin-noctis-icons.hidesExplorerArrows changed, updating to false
[INFO 10:57:46 a.m.] catppuccin-noctis-icons.folders.associations changed, updating to undefined
[INFO 10:57:46 a.m.] catppuccin-noctis-icons.files.associations changed, updating to undefined
[INFO 10:58:35 a.m.] catppuccin-noctis-icons.hidesExplorerArrows changed, updating to false
[INFO 10:58:35 a.m.] catppuccin-noctis-icons.folders.associations changed, updating to undefined
[INFO 10:58:35 a.m.] catppuccin-noctis-icons.files.associations changed, updating to undefined
[INFO 10:58:43 a.m.] catppuccin-noctis-icons.hidesExplorerArrows changed, updating to false
[INFO 10:58:43 a.m.] catppuccin-noctis-icons.folders.associations changed, updating to undefined
[INFO 10:58:43 a.m.] catppuccin-noctis-icons.files.associations changed, updating to undefined
[INFO 10:59:34 a.m.] catppuccin-noctis-icons.hidesExplorerArrows changed, updating to false
[INFO 10:59:34 a.m.] catppuccin-noctis-icons.folders.associations changed, updating to undefined
[INFO 10:59:34 a.m.] catppuccin-noctis-icons.files.associations changed, updating to undefined
[INFO 10:59:55 a.m.] catppuccin-noctis-icons.hidesExplorerArrows changed, updating to false
[INFO 10:59:55 a.m.] catppuccin-noctis-icons.folders.associations changed, updating to undefined
[INFO 10:59:55 a.m.] catppuccin-noctis-icons.files.associations changed, updating to undefined
[INFO 11:00:07 a.m.] catppuccin-noctis-icons.hidesExplorerArrows changed, updating to false
[INFO 11:00:07 a.m.] catppuccin-noctis-icons.folders.associations changed, updating to undefined
[INFO 11:00:07 a.m.] catppuccin-noctis-icons.files.associations changed, updating to undefined
[INFO 11:01:39 a.m.] catppuccin-noctis-icons.hidesExplorerArrows changed, updating to false
[INFO 11:01:39 a.m.] catppuccin-noctis-icons.folders.associations changed, updating to undefined
[INFO 11:01:39 a.m.] catppuccin-noctis-icons.files.associations changed, updating to undefined
[INFO 11:02:12 a.m.] catppuccin-noctis-icons.hidesExplorerArrows changed, updating to false
[INFO 11:02:12 a.m.] catppuccin-noctis-icons.folders.associations changed, updating to undefined
[INFO 11:02:12 a.m.] catppuccin-noctis-icons.files.associations changed, updating to undefined
[INFO 11:02:21 a.m.] catppuccin-noctis-icons.hidesExplorerArrows changed, updating to false
[INFO 11:02:21 a.m.] catppuccin-noctis-icons.folders.associations changed, updating to undefined
[INFO 11:02:21 a.m.] catppuccin-noctis-icons.files.associations changed, updating to undefined
[INFO 11:02:28 a.m.] catppuccin-noctis-icons.hidesExplorerArrows changed, updating to false
[INFO 11:02:28 a.m.] catppuccin-noctis-icons.folders.associations changed, updating to undefined
[INFO 11:02:28 a.m.] catppuccin-noctis-icons.files.associations changed, updating to undefined
[INFO 11:02:34 a.m.] catppuccin-noctis-icons.hidesExplorerArrows changed, updating to false
[INFO 11:02:34 a.m.] catppuccin-noctis-icons.folders.associations changed, updating to undefined
[INFO 11:02:34 a.m.] catppuccin-noctis-icons.files.associations changed, updating to undefined
[INFO 11:02:44 a.m.] catppuccin-noctis-icons.hidesExplorerArrows changed, updating to false
[INFO 11:02:44 a.m.] catppuccin-noctis-icons.folders.associations changed, updating to undefined
[INFO 11:02:44 a.m.] catppuccin-noctis-icons.files.associations changed, updating to undefined
[INFO 11:03:02 a.m.] catppuccin-noctis-icons.hidesExplorerArrows changed, updating to false
[INFO 11:03:02 a.m.] catppuccin-noctis-icons.folders.associations changed, updating to undefined
[INFO 11:03:02 a.m.] catppuccin-noctis-icons.files.associations changed, updating to undefined
[INFO 11:03:04 a.m.] catppuccin-noctis-icons.hidesExplorerArrows changed, updating to false
[INFO 11:03:04 a.m.] catppuccin-noctis-icons.folders.associations changed, updating to undefined
[INFO 11:03:04 a.m.] catppuccin-noctis-icons.files.associations changed, updating to undefined
[INFO 11:03:04 a.m.] catppuccin-noctis-icons.hidesExplorerArrows changed, updating to false
[INFO 11:03:04 a.m.] catppuccin-noctis-icons.folders.associations changed, updating to undefined
[INFO 11:03:04 a.m.] catppuccin-noctis-icons.files.associations changed, updating to undefined
[INFO 11:03:05 a.m.] catppuccin-noctis-icons.hidesExplorerArrows changed, updating to false
[INFO 11:03:05 a.m.] catppuccin-noctis-icons.folders.associations changed, updating to undefined
[INFO 11:03:05 a.m.] catppuccin-noctis-icons.files.associations changed, updating to undefined
[INFO 11:03:05 a.m.] catppuccin-noctis-icons.hidesExplorerArrows changed, updating to false
[INFO 11:03:05 a.m.] catppuccin-noctis-icons.folders.associations changed, updating to undefined
[INFO 11:03:05 a.m.] catppuccin-noctis-icons.files.associations changed, updating to undefined
[INFO 11:04:27 a.m.] catppuccin-noctis-icons.hidesExplorerArrows changed, updating to false
[INFO 11:04:27 a.m.] catppuccin-noctis-icons.folders.associations changed, updating to undefined
[INFO 11:04:27 a.m.] catppuccin-noctis-icons.files.associations changed, updating to undefined
[INFO 11:08:18 a.m.] catppuccin-noctis-icons.hidesExplorerArrows changed, updating to false
[INFO 11:08:18 a.m.] catppuccin-noctis-icons.folders.associations changed, updating to undefined
[INFO 11:08:18 a.m.] catppuccin-noctis-icons.files.associations changed, updating to undefined
[INFO 11:08:30 a.m.] catppuccin-noctis-icons.hidesExplorerArrows changed, updating to false
[INFO 11:08:30 a.m.] catppuccin-noctis-icons.folders.associations changed, updating to undefined
[INFO 11:08:30 a.m.] catppuccin-noctis-icons.files.associations changed, updating to undefined
[INFO 11:08:41 a.m.] catppuccin-noctis-icons.hidesExplorerArrows changed, updating to false
[INFO 11:08:41 a.m.] catppuccin-noctis-icons.folders.associations changed, updating to undefined
[INFO 11:08:41 a.m.] catppuccin-noctis-icons.files.associations changed, updating to undefined
[INFO 11:10:22 a.m.] catppuccin-noctis-icons.hidesExplorerArrows changed, updating to false
[INFO 11:10:22 a.m.] catppuccin-noctis-icons.folders.associations changed, updating to undefined
[INFO 11:10:22 a.m.] catppuccin-noctis-icons.files.associations changed, updating to undefined
[INFO 11:10:27 a.m.] catppuccin-noctis-icons.hidesExplorerArrows changed, updating to false
[INFO 11:10:27 a.m.] catppuccin-noctis-icons.folders.associations changed, updating to undefined
[INFO 11:10:27 a.m.] catppuccin-noctis-icons.files.associations changed, updating to undefined
[INFO 11:10:30 a.m.] catppuccin-noctis-icons.hidesExplorerArrows changed, updating to false
[INFO 11:10:30 a.m.] catppuccin-noctis-icons.folders.associations changed, updating to undefined
[INFO 11:10:30 a.m.] catppuccin-noctis-icons.files.associations changed, updating to undefined
[INFO 11:11:40 a.m.] catppuccin-noctis-icons.hidesExplorerArrows changed, updating to false
[INFO 11:11:40 a.m.] catppuccin-noctis-icons.folders.associations changed, updating to undefined
[INFO 11:11:40 a.m.] catppuccin-noctis-icons.files.associations changed, updating to undefined
[INFO 11:21:51 a.m.] catppuccin-noctis-icons.hidesExplorerArrows changed, updating to false
[INFO 11:21:51 a.m.] catppuccin-noctis-icons.folders.associations changed, updating to undefined
[INFO 11:21:51 a.m.] catppuccin-noctis-icons.files.associations changed, updating to undefined
[INFO 11:21:57 a.m.] catppuccin-noctis-icons.hidesExplorerArrows changed, updating to false
[INFO 11:21:57 a.m.] catppuccin-noctis-icons.folders.associations changed, updating to undefined
[INFO 11:21:57 a.m.] catppuccin-noctis-icons.files.associations changed, updating to undefined
[INFO 11:22:07 a.m.] catppuccin-noctis-icons.hidesExplorerArrows changed, updating to false
[INFO 11:22:07 a.m.] catppuccin-noctis-icons.folders.associations changed, updating to undefined
[INFO 11:22:07 a.m.] catppuccin-noctis-icons.files.associations changed, updating to undefined
[INFO 11:24:02 a.m.] catppuccin-noctis-icons.hidesExplorerArrows changed, updating to false
[INFO 11:24:02 a.m.] catppuccin-noctis-icons.folders.associations changed, updating to undefined
[INFO 11:24:02 a.m.] catppuccin-noctis-icons.files.associations changed, updating to undefined
[INFO 11:24:22 a.m.] catppuccin-noctis-icons.hidesExplorerArrows changed, updating to false
[INFO 11:24:22 a.m.] catppuccin-noctis-icons.folders.associations changed, updating to undefined
[INFO 11:24:22 a.m.] catppuccin-noctis-icons.files.associations changed, updating to undefined
[INFO 11:26:57 a.m.] catppuccin-noctis-icons.hidesExplorerArrows changed, updating to false
[INFO 11:26:57 a.m.] catppuccin-noctis-icons.folders.associations changed, updating to undefined
[INFO 11:26:57 a.m.] catppuccin-noctis-icons.files.associations changed, updating to undefined
[INFO 11:27:14 a.m.] catppuccin-noctis-icons.hidesExplorerArrows changed, updating to false
[INFO 11:27:14 a.m.] catppuccin-noctis-icons.folders.associations changed, updating to undefined
[INFO 11:27:14 a.m.] catppuccin-noctis-icons.files.associations changed, updating to undefined
[INFO 11:28:32 a.m.] catppuccin-noctis-icons.hidesExplorerArrows changed, updating to false
[INFO 11:28:32 a.m.] catppuccin-noctis-icons.folders.associations changed, updating to undefined
[INFO 11:28:32 a.m.] catppuccin-noctis-icons.files.associations changed, updating to undefined
[INFO 11:28:53 a.m.] catppuccin-noctis-icons.hidesExplorerArrows changed, updating to false
[INFO 11:28:53 a.m.] catppuccin-noctis-icons.folders.associations changed, updating to undefined
[INFO 11:28:53 a.m.] catppuccin-noctis-icons.files.associations changed, updating to undefined
[INFO 11:30:08 a.m.] catppuccin-noctis-icons.hidesExplorerArrows changed, updating to false
[INFO 11:30:08 a.m.] catppuccin-noctis-icons.folders.associations changed, updating to undefined
[INFO 11:30:08 a.m.] catppuccin-noctis-icons.files.associations changed, updating to undefined
[INFO 11:30:47 a.m.] catppuccin-noctis-icons.hidesExplorerArrows changed, updating to false
[INFO 11:30:47 a.m.] catppuccin-noctis-icons.folders.associations changed, updating to undefined
[INFO 11:30:47 a.m.] catppuccin-noctis-icons.files.associations changed, updating to undefined
[INFO 11:31:41 a.m.] catppuccin-noctis-icons.hidesExplorerArrows changed, updating to false
[INFO 11:31:41 a.m.] catppuccin-noctis-icons.folders.associations changed, updating to undefined
[INFO 11:31:41 a.m.] catppuccin-noctis-icons.files.associations changed, updating to undefined
