[INFO 8:25:44 a.m.] miguelsolorio.symbols activated
[INFO 8:25:44 a.m.] 🤖 symbols.defaultAssociations changed, updating to true
[INFO 8:25:44 a.m.] 🤖 symbols.hidesExplorerArrows changed, updating to false
[INFO 8:25:44 a.m.] 🤖 symbols.folders.associations changed, updating to undefined
[INFO 8:25:44 a.m.] 🤖 symbols.files.associations changed, updating to undefined
[INFO 8:25:44 a.m.] 🤖 symbols.defaultAssociations changed, updating to true
[INFO 8:25:44 a.m.] 🤖 symbols.hidesExplorerArrows changed, updating to false
[INFO 8:25:44 a.m.] 🤖 symbols.folders.associations changed, updating to undefined
[INFO 8:25:44 a.m.] 🤖 symbols.files.associations changed, updating to undefined
[INFO 8:25:45 a.m.] 🤖 symbols.defaultAssociations changed, updating to true
[INFO 8:25:45 a.m.] 🤖 symbols.hidesExplorerArrows changed, updating to false
[INFO 8:25:45 a.m.] 🤖 symbols.folders.associations changed, updating to undefined
[INFO 8:25:45 a.m.] 🤖 symbols.files.associations changed, updating to undefined
[INFO 8:25:48 a.m.] 🤖 symbols.defaultAssociations changed, updating to true
[INFO 8:25:48 a.m.] 🤖 symbols.hidesExplorerArrows changed, updating to false
[INFO 8:25:48 a.m.] 🤖 symbols.folders.associations changed, updating to undefined
[INFO 8:25:48 a.m.] 🤖 symbols.files.associations changed, updating to undefined
[INFO 8:25:50 a.m.] 🤖 symbols.defaultAssociations changed, updating to true
[INFO 8:25:50 a.m.] 🤖 symbols.hidesExplorerArrows changed, updating to false
[INFO 8:25:50 a.m.] 🤖 symbols.folders.associations changed, updating to undefined
[INFO 8:25:50 a.m.] 🤖 symbols.files.associations changed, updating to undefined
[INFO 8:31:58 a.m.] 🤖 symbols.defaultAssociations changed, updating to true
[INFO 8:31:58 a.m.] 🤖 symbols.hidesExplorerArrows changed, updating to false
[INFO 8:31:58 a.m.] 🤖 symbols.folders.associations changed, updating to undefined
[INFO 8:31:58 a.m.] 🤖 symbols.files.associations changed, updating to undefined
[INFO 8:34:33 a.m.] 🤖 symbols.defaultAssociations changed, updating to true
[INFO 8:34:33 a.m.] 🤖 symbols.hidesExplorerArrows changed, updating to false
[INFO 8:34:33 a.m.] 🤖 symbols.folders.associations changed, updating to undefined
[INFO 8:34:33 a.m.] 🤖 symbols.files.associations changed, updating to undefined
[INFO 8:34:49 a.m.] 🤖 symbols.defaultAssociations changed, updating to true
[INFO 8:34:49 a.m.] 🤖 symbols.hidesExplorerArrows changed, updating to false
[INFO 8:34:49 a.m.] 🤖 symbols.folders.associations changed, updating to undefined
[INFO 8:34:49 a.m.] 🤖 symbols.files.associations changed, updating to undefined
[INFO 8:34:54 a.m.] 🤖 symbols.defaultAssociations changed, updating to true
[INFO 8:34:54 a.m.] 🤖 symbols.hidesExplorerArrows changed, updating to false
[INFO 8:34:54 a.m.] 🤖 symbols.folders.associations changed, updating to undefined
[INFO 8:34:54 a.m.] 🤖 symbols.files.associations changed, updating to undefined
[INFO 8:34:58 a.m.] 🤖 symbols.defaultAssociations changed, updating to true
[INFO 8:34:58 a.m.] 🤖 symbols.hidesExplorerArrows changed, updating to false
[INFO 8:34:58 a.m.] 🤖 symbols.folders.associations changed, updating to undefined
[INFO 8:34:58 a.m.] 🤖 symbols.files.associations changed, updating to undefined
[INFO 8:35:21 a.m.] 🤖 symbols.defaultAssociations changed, updating to true
[INFO 8:35:21 a.m.] 🤖 symbols.hidesExplorerArrows changed, updating to false
[INFO 8:35:21 a.m.] 🤖 symbols.folders.associations changed, updating to undefined
[INFO 8:35:21 a.m.] 🤖 symbols.files.associations changed, updating to undefined
[INFO 8:35:29 a.m.] 🤖 symbols.defaultAssociations changed, updating to true
[INFO 8:35:29 a.m.] 🤖 symbols.hidesExplorerArrows changed, updating to false
[INFO 8:35:29 a.m.] 🤖 symbols.folders.associations changed, updating to undefined
[INFO 8:35:29 a.m.] 🤖 symbols.files.associations changed, updating to undefined
[INFO 8:35:36 a.m.] 🤖 symbols.defaultAssociations changed, updating to true
[INFO 8:35:36 a.m.] 🤖 symbols.hidesExplorerArrows changed, updating to false
[INFO 8:35:36 a.m.] 🤖 symbols.folders.associations changed, updating to undefined
[INFO 8:35:36 a.m.] 🤖 symbols.files.associations changed, updating to undefined
[INFO 8:35:38 a.m.] 🤖 symbols.defaultAssociations changed, updating to true
[INFO 8:35:38 a.m.] 🤖 symbols.hidesExplorerArrows changed, updating to false
[INFO 8:35:38 a.m.] 🤖 symbols.folders.associations changed, updating to undefined
[INFO 8:35:38 a.m.] 🤖 symbols.files.associations changed, updating to undefined
[INFO 8:35:46 a.m.] 🤖 symbols.defaultAssociations changed, updating to true
[INFO 8:35:46 a.m.] 🤖 symbols.hidesExplorerArrows changed, updating to false
[INFO 8:35:46 a.m.] 🤖 symbols.folders.associations changed, updating to undefined
[INFO 8:35:46 a.m.] 🤖 symbols.files.associations changed, updating to undefined
[INFO 8:40:26 a.m.] 🤖 symbols.defaultAssociations changed, updating to true
[INFO 8:40:26 a.m.] 🤖 symbols.hidesExplorerArrows changed, updating to false
[INFO 8:40:26 a.m.] 🤖 symbols.folders.associations changed, updating to undefined
[INFO 8:40:26 a.m.] 🤖 symbols.files.associations changed, updating to undefined
[INFO 8:40:26 a.m.] 🤖 symbols.defaultAssociations changed, updating to true
[INFO 8:40:26 a.m.] 🤖 symbols.hidesExplorerArrows changed, updating to false
[INFO 8:40:26 a.m.] 🤖 symbols.folders.associations changed, updating to undefined
[INFO 8:40:26 a.m.] 🤖 symbols.files.associations changed, updating to undefined
[INFO 8:40:28 a.m.] 🤖 symbols.defaultAssociations changed, updating to true
[INFO 8:40:28 a.m.] 🤖 symbols.hidesExplorerArrows changed, updating to false
[INFO 8:40:28 a.m.] 🤖 symbols.folders.associations changed, updating to undefined
[INFO 8:40:28 a.m.] 🤖 symbols.files.associations changed, updating to undefined
[INFO 8:40:29 a.m.] 🤖 symbols.defaultAssociations changed, updating to true
[INFO 8:40:29 a.m.] 🤖 symbols.hidesExplorerArrows changed, updating to false
[INFO 8:40:29 a.m.] 🤖 symbols.folders.associations changed, updating to undefined
[INFO 8:40:29 a.m.] 🤖 symbols.files.associations changed, updating to undefined
[INFO 8:43:32 a.m.] 🤖 symbols.defaultAssociations changed, updating to true
[INFO 8:43:32 a.m.] 🤖 symbols.hidesExplorerArrows changed, updating to false
[INFO 8:43:32 a.m.] 🤖 symbols.folders.associations changed, updating to undefined
[INFO 8:43:32 a.m.] 🤖 symbols.files.associations changed, updating to undefined
