[INFO 4:28:54 p.m.] miguelsolorio.symbols activated
[INFO 4:28:54 p.m.] 🤖 symbols.defaultAssociations changed, updating to true
[INFO 4:28:54 p.m.] 🤖 symbols.hidesExplorerArrows changed, updating to false
[INFO 4:28:54 p.m.] 🤖 symbols.folders.associations changed, updating to undefined
[INFO 4:28:54 p.m.] 🤖 symbols.files.associations changed, updating to undefined
[INFO 4:28:54 p.m.] 🤖 symbols.defaultAssociations changed, updating to true
[INFO 4:28:54 p.m.] 🤖 symbols.hidesExplorerArrows changed, updating to false
[INFO 4:28:54 p.m.] 🤖 symbols.folders.associations changed, updating to undefined
[INFO 4:28:54 p.m.] 🤖 symbols.files.associations changed, updating to undefined
[INFO 4:28:54 p.m.] 🤖 symbols.defaultAssociations changed, updating to true
[INFO 4:28:54 p.m.] 🤖 symbols.hidesExplorerArrows changed, updating to false
[INFO 4:28:54 p.m.] 🤖 symbols.folders.associations changed, updating to undefined
[INFO 4:28:54 p.m.] 🤖 symbols.files.associations changed, updating to undefined
[INFO 4:28:55 p.m.] 🤖 symbols.defaultAssociations changed, updating to true
[INFO 4:28:55 p.m.] 🤖 symbols.hidesExplorerArrows changed, updating to false
[INFO 4:28:55 p.m.] 🤖 symbols.folders.associations changed, updating to undefined
[INFO 4:28:55 p.m.] 🤖 symbols.files.associations changed, updating to undefined
[INFO 4:28:56 p.m.] 🤖 symbols.defaultAssociations changed, updating to true
[INFO 4:28:56 p.m.] 🤖 symbols.hidesExplorerArrows changed, updating to false
[INFO 4:28:56 p.m.] 🤖 symbols.folders.associations changed, updating to undefined
[INFO 4:28:56 p.m.] 🤖 symbols.files.associations changed, updating to undefined
