2026-05-15 11:12:07.610 [info] Extension host with pid 39973 started
2026-05-15 11:12:07.610 [info] Skipping acquiring lock for /home/juan/.config/Antigravity/User/workspaceStorage/dd22eedc4e138519ccd34675f50e9851.
2026-05-15 11:12:07.760 [info] ExtensionService#_doActivateExtension vscode.emmet, startup: false, activationEvent: 'onLanguage'
2026-05-15 11:12:07.827 [info] ExtensionService#_doActivateExtension meta.pyrefly, startup: false, activationEvent: 'onLanguage:python'
2026-05-15 11:12:07.903 [info] ExtensionService#_doActivateExtension ms-python.python, startup: false, activationEvent: 'onLanguage:python', root cause: ms-python.debugpy
2026-05-15 11:12:08.295 [info] ExtensionService#_doActivateExtension ms-python.vscode-python-envs, startup: false, activationEvent: 'onLanguage:python'
2026-05-15 11:12:08.669 [info] ExtensionService#_doActivateExtension vscode.configuration-editing, startup: false, activationEvent: 'onLanguage:jsonc'
2026-05-15 11:12:08.686 [info] ExtensionService#_doActivateExtension vscode.json-language-features, startup: false, activationEvent: 'onLanguage:jsonc'
2026-05-15 11:12:08.776 [info] ExtensionService#_doActivateExtension vscode.typescript-language-features, startup: false, activationEvent: 'onLanguage:jsonc'
2026-05-15 11:12:08.991 [info] ExtensionService#_doActivateExtension vscode.git-base, startup: true, activationEvent: '*', root cause: google.antigravity
2026-05-15 11:12:09.252 [info] ExtensionService#_doActivateExtension vscode.git, startup: true, activationEvent: '*', root cause: google.antigravity
2026-05-15 11:12:09.368 [info] ExtensionService#_doActivateExtension vscode.github, startup: true, activationEvent: '*'
2026-05-15 11:12:09.871 [info] ExtensionService#_doActivateExtension ms-python.debugpy, startup: false, activationEvent: 'onLanguage:python'
2026-05-15 11:12:10.013 [info] ExtensionService#_doActivateExtension google.antigravity, startup: true, activationEvent: '*'
2026-05-15 11:12:11.339 [info] ExtensionService#_doActivateExtension vscode.terminal-suggest, startup: false, activationEvent: 'onTerminalShellIntegration:*'
2026-05-15 11:12:13.631 [info] Eager extensions activated
2026-05-15 11:12:13.740 [info] ExtensionService#_doActivateExtension google.antigravity-dev-containers, startup: false, activationEvent: 'onStartupFinished'
2026-05-15 11:12:13.753 [info] ExtensionService#_doActivateExtension vscode.debug-auto-launch, startup: false, activationEvent: 'onStartupFinished'
2026-05-15 11:12:13.759 [info] ExtensionService#_doActivateExtension vscode.merge-conflict, startup: false, activationEvent: 'onStartupFinished'
2026-05-15 11:12:13.802 [info] ExtensionService#_doActivateExtension Catppuccin.catppuccin-vsc, startup: false, activationEvent: 'onStartupFinished'
2026-05-15 11:12:13.811 [info] ExtensionService#_doActivateExtension vscode.extension-editing, startup: false, activationEvent: 'onLanguage:markdown'
2026-05-15 11:12:13.833 [info] ExtensionService#_doActivateExtension vscode.markdown-language-features, startup: false, activationEvent: 'onLanguage:markdown'
2026-05-15 11:43:12.366 [info] ExtensionService#_doActivateExtension vscode.markdown-math, startup: false, activationEvent: 'api', root cause: vscode.markdown-language-features
