2026-05-15 08:29:46.561 [error] Failed to set Cloud Code URL on Language Server: Language server client has not been initialized!
2026-05-15 08:29:47.970 [info] [CloudCode] POST v1internal:loadCodeAssist traceId: ca00ad837a4c3529
2026-05-15 08:29:47.988 [info] [CloudCode] POST v1internal:loadCodeAssist traceId: 3c0cc7cf157c9893
2026-05-15 08:29:48.524 [info] [CloudCode] POST v1internal:loadCodeAssist traceId: fb69b3f2a254d90e
2026-05-15 08:29:48.600 [info] [CloudCode] POST v1internal:loadCodeAssist traceId: bf3ca125ba16b916
2026-05-15 08:29:49.162 [info] [CloudCode] POST v1internal:fetchAvailableModels traceId: ed153b04799d2952
2026-05-15 08:29:49.616 [info] [CloudCode] POST v1internal:onboardUser traceId: 1af79e4ea055f498
2026-05-15 08:29:50.283 [info] [CloudCode] POST v1internal:loadCodeAssist traceId: a0b7850dd2864ebd
2026-05-15 08:29:50.692 [info] [CloudCode] POST v1internal:loadCodeAssist traceId: b3f3599faf1d0298
2026-05-15 08:29:51.068 [info] [CloudCode] POST v1internal:fetchAvailableModels traceId: c601aaa58f40c98a
2026-05-15 08:31:32.562 [info] [CloudCode] POST v1internal:loadCodeAssist traceId: c3b29a14d622b4c2
2026-05-15 08:31:32.565 [info] [CloudCode] POST v1internal:fetchAvailableModels traceId: 457fa2037f4b649a
2026-05-15 08:31:32.960 [info] [CloudCode] POST v1internal:loadCodeAssist traceId: f73c3c7dd196c97e
2026-05-15 08:31:43.796 [info] [CloudCode] POST v1internal:loadCodeAssist traceId: c91f895e71fa5382
2026-05-15 08:31:43.802 [info] [CloudCode] POST v1internal:fetchAvailableModels traceId: 6f62988ac1a3821
2026-05-15 08:31:44.094 [info] [CloudCode] POST v1internal:loadCodeAssist traceId: a894f28817c3299b
2026-05-15 08:34:46.935 [info] [CloudCode] POST v1internal:loadCodeAssist traceId: cbebebe599e3556b
2026-05-15 08:34:47.212 [info] [CloudCode] POST v1internal:loadCodeAssist traceId: 6579ee9699cf7757
2026-05-15 08:34:47.485 [info] [CloudCode] POST v1internal:fetchAvailableModels traceId: d91f280a096f5db4
2026-05-15 08:39:47.795 [info] [CloudCode] POST v1internal:loadCodeAssist traceId: 4e812dd8719ff7de
2026-05-15 08:39:49.314 [info] [CloudCode] POST v1internal:loadCodeAssist traceId: e16d49fb3730b577
2026-05-15 08:39:51.621 [info] [CloudCode] POST v1internal:fetchAvailableModels traceId: d615de2bbbe876
2026-05-15 08:41:15.447 [info] [CloudCode] POST v1internal:recordCodeAssistMetrics traceId: 2f3cb54330298f40
2026-05-15 08:44:46.736 [info] [CloudCode] POST v1internal:loadCodeAssist traceId: 21f0e498fd2d3b01
2026-05-15 08:44:47.098 [info] [CloudCode] POST v1internal:loadCodeAssist traceId: cd47cae8f2dd3c5f
2026-05-15 08:44:47.319 [info] [CloudCode] POST v1internal:fetchAvailableModels traceId: c81989a42b827ac2
2026-05-15 08:49:47.136 [info] [CloudCode] POST v1internal:loadCodeAssist traceId: b47be0428b055649
2026-05-15 08:49:47.443 [info] [CloudCode] POST v1internal:loadCodeAssist traceId: b24de44cf9bb7d6b
2026-05-15 08:49:47.649 [info] [CloudCode] POST v1internal:fetchAvailableModels traceId: d7b2b1790ac0942c
2026-05-15 08:52:48.791 [info] [CloudCode] POST v1internal:recordCodeAssistMetrics traceId: 4232ef23c365e200
2026-05-15 08:54:47.574 [info] [CloudCode] POST v1internal:loadCodeAssist traceId: c274d93e282286e9
2026-05-15 08:54:48.598 [info] [CloudCode] POST v1internal:loadCodeAssist traceId: b29e21126a10f119
2026-05-15 08:55:11.330 [info] [CloudCode] POST v1internal:fetchAvailableModels traceId: 89d39cf715a6349
2026-05-15 08:59:46.779 [info] [CloudCode] POST v1internal:loadCodeAssist traceId: 2e146f03bdf326ab
2026-05-15 08:59:47.099 [info] [CloudCode] POST v1internal:loadCodeAssist traceId: b6ce486663835d83
2026-05-15 08:59:47.284 [info] [CloudCode] POST v1internal:fetchAvailableModels traceId: 4a7faf4899da8159
2026-05-15 09:03:32.125 [info] [CloudCode] POST v1internal:recordCodeAssistMetrics traceId: 287f55121e29bde5
2026-05-15 09:03:33.169 [info] [CloudCode] POST v1internal:recordCodeAssistMetrics traceId: 5b3ec1182c07253c
2026-05-15 09:04:47.227 [info] [CloudCode] POST v1internal:loadCodeAssist traceId: 1d96c35f896106a7
2026-05-15 09:04:47.547 [info] [CloudCode] POST v1internal:loadCodeAssist traceId: fe673baa13211573
2026-05-15 09:04:49.049 [info] [CloudCode] POST v1internal:fetchAvailableModels traceId: 3555fc38f02ab4ec
2026-05-15 09:09:48.221 [info] [CloudCode] POST v1internal:loadCodeAssist traceId: 2b3604c19404b25f
2026-05-15 09:09:48.850 [info] [CloudCode] POST v1internal:loadCodeAssist traceId: 3227278ba08d6cd3
2026-05-15 09:09:52.632 [info] [CloudCode] POST v1internal:fetchAvailableModels traceId: db2a400664c29ae
2026-05-15 09:14:48.578 [info] [CloudCode] POST v1internal:loadCodeAssist traceId: fac37079f623c346
2026-05-15 09:14:49.734 [info] [CloudCode] POST v1internal:loadCodeAssist traceId: f5b67628a944edd4
2026-05-15 09:14:54.070 [info] [CloudCode] POST v1internal:fetchAvailableModels traceId: 592e375a4f092472
2026-05-15 09:19:48.465 [info] [CloudCode] POST v1internal:loadCodeAssist traceId: 3f39b0f4160c823a
2026-05-15 09:19:49.127 [info] [CloudCode] POST v1internal:loadCodeAssist traceId: 883c081ff104f82d
2026-05-15 09:19:50.001 [info] [CloudCode] POST v1internal:fetchAvailableModels traceId: 638343ae5e0533f5
2026-05-15 09:24:47.221 [info] [CloudCode] POST v1internal:loadCodeAssist traceId: 3eaa046a74a8138e
2026-05-15 09:24:47.874 [info] [CloudCode] POST v1internal:loadCodeAssist traceId: 12dfe0509aa846d6
2026-05-15 09:24:48.284 [info] [CloudCode] POST v1internal:fetchAvailableModels traceId: 9206dd3bd7c4ec85
2026-05-15 09:29:48.435 [info] [CloudCode] POST v1internal:loadCodeAssist traceId: 2b2a3bdb6696c6e0
2026-05-15 09:29:50.027 [info] [CloudCode] POST v1internal:loadCodeAssist traceId: ecc7bff55ec875
2026-05-15 09:29:50.459 [info] [CloudCode] POST v1internal:fetchAvailableModels traceId: 282df628fada094c
2026-05-15 09:34:47.288 [info] [CloudCode] POST v1internal:loadCodeAssist traceId: a91a59507d456ba
2026-05-15 09:34:47.761 [info] [CloudCode] POST v1internal:loadCodeAssist traceId: c9315df6fcbf2910
2026-05-15 09:34:48.215 [info] [CloudCode] POST v1internal:fetchAvailableModels traceId: a511843330711ae
2026-05-15 09:39:47.318 [info] [CloudCode] POST v1internal:loadCodeAssist traceId: 3988412b3c389d47
2026-05-15 09:39:47.919 [info] [CloudCode] POST v1internal:loadCodeAssist traceId: 9801fd4d2e871db4
2026-05-15 09:39:48.197 [info] [CloudCode] POST v1internal:fetchAvailableModels traceId: d11307ecbdf6a6cf
2026-05-15 09:44:46.909 [info] [CloudCode] POST v1internal:loadCodeAssist traceId: a0216c1d4981e6c0
2026-05-15 09:44:47.318 [info] [CloudCode] POST v1internal:loadCodeAssist traceId: 302a047c76d8d30f
2026-05-15 09:44:47.905 [info] [CloudCode] POST v1internal:fetchAvailableModels traceId: f425871bbb6eb6b
2026-05-15 09:49:46.941 [info] [CloudCode] POST v1internal:loadCodeAssist traceId: 1433b501f5e4480e
2026-05-15 09:49:47.212 [info] [CloudCode] POST v1internal:loadCodeAssist traceId: f6f3b93353ea92c3
2026-05-15 09:49:47.458 [info] [CloudCode] POST v1internal:fetchAvailableModels traceId: 7990193da2190d27
2026-05-15 09:54:46.977 [info] [CloudCode] POST v1internal:loadCodeAssist traceId: 885fc3a5579a12e0
2026-05-15 09:54:47.387 [info] [CloudCode] POST v1internal:loadCodeAssist traceId: 68b5c708993bf052
2026-05-15 09:54:47.697 [info] [CloudCode] POST v1internal:fetchAvailableModels traceId: cb293514318bd967
2026-05-15 10:00:07.495 [info] [CloudCode] POST v1internal:loadCodeAssist traceId: 8bc06880774e2e49
2026-05-15 10:00:08.929 [info] [CloudCode] POST v1internal:loadCodeAssist traceId: e7126292e6d8aace
2026-05-15 10:00:09.237 [info] [CloudCode] POST v1internal:fetchAvailableModels traceId: ad2cd7e0c227e2e4
2026-05-15 10:04:47.358 [info] [CloudCode] POST v1internal:loadCodeAssist traceId: edbe16a67f9603d5
2026-05-15 10:04:47.667 [info] [CloudCode] POST v1internal:loadCodeAssist traceId: 7054fd09fd096dff
2026-05-15 10:04:49.751 [info] [CloudCode] POST v1internal:fetchAvailableModels traceId: 15721367020f17c2
2026-05-15 10:09:47.396 [info] [CloudCode] POST v1internal:loadCodeAssist traceId: 365a22048f9f9a78
2026-05-15 10:09:47.774 [info] [CloudCode] POST v1internal:loadCodeAssist traceId: 71467bbb5f4b1c4a
2026-05-15 10:09:48.013 [info] [CloudCode] POST v1internal:fetchAvailableModels traceId: 9100718538e8a7c7
2026-05-15 10:14:46.857 [info] [CloudCode] POST v1internal:loadCodeAssist traceId: 10e56f52b1455971
2026-05-15 10:15:16.299 [info] [CloudCode] POST v1internal:loadCodeAssist traceId: 2e02711dbdce01b
2026-05-15 10:15:16.625 [info] [CloudCode] POST v1internal:fetchAvailableModels traceId: 8e9be36f5977098d
2026-05-15 10:19:46.868 [info] [CloudCode] POST v1internal:loadCodeAssist traceId: 699a32e0e6ae88d5
2026-05-15 10:19:47.475 [info] [CloudCode] POST v1internal:loadCodeAssist traceId: c45105c062369dc0
2026-05-15 10:19:47.716 [info] [CloudCode] POST v1internal:fetchAvailableModels traceId: 3a86de7a912a63f2
2026-05-15 10:25:10.039 [info] [CloudCode] POST v1internal:loadCodeAssist traceId: 3762216bd190c476
2026-05-15 10:25:10.756 [info] [CloudCode] POST v1internal:loadCodeAssist traceId: fb83c43135a09901
2026-05-15 10:25:12.625 [info] [CloudCode] POST v1internal:fetchAvailableModels traceId: 5e2f1fe5d8a97aa0
2026-05-15 10:25:42.912 [info] [CloudCode] POST v1internal:recordCodeAssistMetrics traceId: 167a47006135f347
2026-05-15 10:29:46.767 [info] [CloudCode] POST v1internal:loadCodeAssist traceId: 7bd88779b1aa73df
2026-05-15 10:29:46.989 [info] [CloudCode] POST v1internal:loadCodeAssist traceId: 33043a3ac9c056dd
2026-05-15 10:29:47.873 [info] [CloudCode] POST v1internal:fetchAvailableModels traceId: a53e349ce5bd99ef
2026-05-15 10:29:54.056 [info] [CloudCode] POST v1internal:recordCodeAssistMetrics traceId: 9c7d6ca73f1c8d84
2026-05-15 10:32:29.138 [info] [CloudCode] POST v1internal:recordCodeAssistMetrics traceId: 8789158dc7762a45
2026-05-15 10:34:46.779 [info] [CloudCode] POST v1internal:loadCodeAssist traceId: e1d42274cb846016
2026-05-15 10:34:47.167 [info] [CloudCode] POST v1internal:loadCodeAssist traceId: 1c5f762a4ceae80a
2026-05-15 10:35:47.402 [error] Failed to make POST request: The service is currently unavailable.
2026-05-15 10:36:06.738 [info] [CloudCode] POST v1internal:recordCodeAssistMetrics traceId: 54c819157283097f
2026-05-15 10:39:23.527 [info] [CloudCode] POST v1internal:recordCodeAssistMetrics traceId: d2d3d896399902a4
2026-05-15 10:39:47.017 [info] [CloudCode] POST v1internal:loadCodeAssist traceId: 705b13b92becbda2
2026-05-15 10:39:47.623 [info] [CloudCode] POST v1internal:loadCodeAssist traceId: 96a2457f4f724d4a
2026-05-15 10:39:47.926 [info] [CloudCode] POST v1internal:fetchAvailableModels traceId: 32f8b6648c697365
2026-05-15 10:41:33.727 [info] [CloudCode] POST v1internal:recordCodeAssistMetrics traceId: bb6e4b87161828bf
2026-05-15 10:42:34.844 [info] [CloudCode] POST v1internal:recordCodeAssistMetrics traceId: fa3ba35a53b139f8
2026-05-15 10:42:36.206 [info] [CloudCode] POST v1internal:recordCodeAssistMetrics traceId: 1961dd1f632d56d2
2026-05-15 10:44:46.942 [info] [CloudCode] POST v1internal:loadCodeAssist traceId: 213ea21c080d7d0a
2026-05-15 10:44:47.211 [info] [CloudCode] POST v1internal:loadCodeAssist traceId: 9034e432bdf471bb
2026-05-15 10:44:47.405 [info] [CloudCode] POST v1internal:fetchAvailableModels traceId: 106f706c1783b317
2026-05-15 10:46:07.633 [info] [CloudCode] POST v1internal:recordCodeAssistMetrics traceId: eff68d1e17972dea
2026-05-15 10:49:46.871 [info] [CloudCode] POST v1internal:loadCodeAssist traceId: e10eea721a625c17
2026-05-15 10:49:47.485 [info] [CloudCode] POST v1internal:loadCodeAssist traceId: d15c7036910ceb4d
2026-05-15 10:50:23.426 [info] [CloudCode] POST v1internal:fetchAvailableModels traceId: 4442a1db1348071d
2026-05-15 10:53:03.263 [info] [CloudCode] POST v1internal:recordCodeAssistMetrics traceId: 39dac95c634268e
2026-05-15 10:55:01.019 [info] [CloudCode] POST v1internal:loadCodeAssist traceId: 762a29ef347c812b
2026-05-15 10:55:01.326 [info] [CloudCode] POST v1internal:loadCodeAssist traceId: dcb7c9ffa17889aa
2026-05-15 10:55:02.144 [info] [CloudCode] POST v1internal:fetchAvailableModels traceId: 3240ee29aa9ba124
2026-05-15 10:58:43.527 [info] [CloudCode] POST v1internal:recordCodeAssistMetrics traceId: e35c283e3ce655ee
2026-05-15 10:59:46.886 [info] [CloudCode] POST v1internal:loadCodeAssist traceId: 64bea88b5f695420
2026-05-15 10:59:47.212 [info] [CloudCode] POST v1internal:loadCodeAssist traceId: 18ea725aabc00fc5
2026-05-15 11:00:35.758 [info] [CloudCode] POST v1internal:fetchAvailableModels traceId: 2e19727459861e5c
2026-05-15 11:04:47.045 [info] [CloudCode] POST v1internal:loadCodeAssist traceId: 598bea387e873cdc
2026-05-15 11:04:47.349 [info] [CloudCode] POST v1internal:loadCodeAssist traceId: b11e4af647d4bb65
2026-05-15 11:04:47.743 [info] [CloudCode] POST v1internal:fetchAvailableModels traceId: 9b0a3e42a081e084
2026-05-15 11:07:24.895 [info] [CloudCode] POST v1internal:recordCodeAssistMetrics traceId: 29bf5e8c69a93624
2026-05-15 11:08:09.894 [info] [CloudCode] POST v1internal:recordCodeAssistMetrics traceId: 92409c7fc1c6332d
2026-05-15 11:09:46.997 [info] [CloudCode] POST v1internal:loadCodeAssist traceId: b157e6dbcc34e835
2026-05-15 11:09:47.301 [info] [CloudCode] POST v1internal:loadCodeAssist traceId: fc3643b1c964a213
2026-05-15 11:09:47.577 [info] [CloudCode] POST v1internal:fetchAvailableModels traceId: f7d1f8ddae8c239a
2026-05-15 11:14:47.517 [info] [CloudCode] POST v1internal:loadCodeAssist traceId: 3c30f493f0bf938e
2026-05-15 11:14:48.130 [info] [CloudCode] POST v1internal:loadCodeAssist traceId: 357985497a565ed2
2026-05-15 11:14:49.053 [info] [CloudCode] POST v1internal:fetchAvailableModels traceId: b7eb7cea0a894fd0
2026-05-15 11:19:46.936 [info] [CloudCode] POST v1internal:loadCodeAssist traceId: 423c524687fd9b5
2026-05-15 11:19:47.213 [info] [CloudCode] POST v1internal:loadCodeAssist traceId: 1d6d8e3d274c3049
2026-05-15 11:19:47.713 [info] [CloudCode] POST v1internal:fetchAvailableModels traceId: fbd28d455ba237a7
2026-05-15 11:24:47.384 [info] [CloudCode] POST v1internal:loadCodeAssist traceId: dd6834ed6b3b54ab
2026-05-15 11:24:47.890 [info] [CloudCode] POST v1internal:loadCodeAssist traceId: aaf4901db5c097da
2026-05-15 11:24:50.338 [info] [CloudCode] POST v1internal:fetchAvailableModels traceId: 6256fccb1ea3c958
2026-05-15 11:29:47.003 [info] [CloudCode] POST v1internal:loadCodeAssist traceId: 9cfa06a1f0aa150
2026-05-15 11:29:47.240 [info] [CloudCode] POST v1internal:loadCodeAssist traceId: adbedec1842ee7c
2026-05-15 11:30:16.701 [info] [CloudCode] POST v1internal:fetchAvailableModels traceId: ccde14733135aea
2026-05-15 11:34:38.866 [info] [CloudCode] POST v1internal:recordCodeAssistMetrics traceId: 6c7f89aa7a8d5a3f
2026-05-15 11:34:47.139 [info] [CloudCode] POST v1internal:loadCodeAssist traceId: e65ba10d4d169633
2026-05-15 11:34:47.548 [info] [CloudCode] POST v1internal:loadCodeAssist traceId: e202f6d68385a18f
2026-05-15 11:35:37.727 [info] [CloudCode] POST v1internal:fetchAvailableModels traceId: 28bfab6a3df856f0
2026-05-15 11:39:48.298 [info] [CloudCode] POST v1internal:loadCodeAssist traceId: 30046321b2e8c111
2026-05-15 11:39:48.710 [info] [CloudCode] POST v1internal:loadCodeAssist traceId: 3577adf5495ac7d0
2026-05-15 11:39:50.243 [info] [CloudCode] POST v1internal:recordCodeAssistMetrics traceId: 3d2166836f3bf73d
2026-05-15 11:40:26.636 [info] [CloudCode] POST v1internal:fetchAvailableModels traceId: 4d6261f1a07dbb58
2026-05-15 11:44:47.038 [info] [CloudCode] POST v1internal:loadCodeAssist traceId: 8bebd104120a3b55
2026-05-15 11:44:51.304 [info] [CloudCode] POST v1internal:loadCodeAssist traceId: 773292d4ad74345
2026-05-15 11:44:51.489 [info] [CloudCode] POST v1internal:fetchAvailableModels traceId: 6bb7789f5445a2d
2026-05-15 11:49:47.651 [info] [CloudCode] POST v1internal:loadCodeAssist traceId: 22b406dc513a2bdc
2026-05-15 11:49:47.909 [info] [CloudCode] POST v1internal:loadCodeAssist traceId: 4bd5e50f838e0a01
2026-05-15 11:49:48.110 [info] [CloudCode] POST v1internal:fetchAvailableModels traceId: 74152c0279e3db8a
2026-05-15 11:53:38.769 [info] [CloudCode] POST v1internal:recordCodeAssistMetrics traceId: b6ecc6dacdf3a728
2026-05-15 11:54:10.123 [info] [CloudCode] POST v1internal:recordCodeAssistMetrics traceId: e841bd8a9c510281
2026-05-15 11:54:47.068 [info] [CloudCode] POST v1internal:loadCodeAssist traceId: 31b904a8f4771e81
2026-05-15 11:54:47.298 [info] [CloudCode] POST v1internal:loadCodeAssist traceId: 773e24893f0c65ca
2026-05-15 11:54:47.498 [info] [CloudCode] POST v1internal:fetchAvailableModels traceId: 9c036c0de8fc0f3c
2026-05-15 11:58:18.524 [info] [CloudCode] POST v1internal:recordCodeAssistMetrics traceId: d7c9c8450439fb93
2026-05-15 11:59:46.826 [info] [CloudCode] POST v1internal:loadCodeAssist traceId: 99b1b43b4804081f
2026-05-15 11:59:47.068 [info] [CloudCode] POST v1internal:loadCodeAssist traceId: ccb48dcbd514c73f
2026-05-15 11:59:47.298 [info] [CloudCode] POST v1internal:fetchAvailableModels traceId: 80364f691ab6d5a9
2026-05-15 12:04:46.935 [info] [CloudCode] POST v1internal:loadCodeAssist traceId: 3e4cc0bdf775ea1f
2026-05-15 12:04:47.240 [info] [CloudCode] POST v1internal:loadCodeAssist traceId: c683febbbb21ffc7
2026-05-15 12:04:49.788 [info] [CloudCode] POST v1internal:fetchAvailableModels traceId: 789fcb31034aee70
2026-05-15 12:05:31.556 [info] [CloudCode] POST v1internal:recordCodeAssistMetrics traceId: 35603f381545d37
2026-05-15 12:06:49.713 [info] [CloudCode] POST v1internal:recordCodeAssistMetrics traceId: c653ecca4bc028e
2026-05-15 12:06:50.891 [info] [CloudCode] POST v1internal:recordCodeAssistMetrics traceId: b083621ac0d139cf
2026-05-15 12:08:45.063 [info] [CloudCode] POST v1internal:recordCodeAssistMetrics traceId: 29aec81b261a4824
2026-05-15 12:09:46.815 [info] [CloudCode] POST v1internal:loadCodeAssist traceId: 7ca327a029d7702f
2026-05-15 12:09:47.172 [info] [CloudCode] POST v1internal:loadCodeAssist traceId: fb5453933a5c0c10
2026-05-15 12:09:47.692 [info] [CloudCode] POST v1internal:fetchAvailableModels traceId: 378f34055068ef19
