2026-05-15 08:29:46.385 [info] [BrowserOnboardingClientMainService] Starting browser onboarding server
2026-05-15 08:29:46.394 [info] [BrowserOnboardingClientServer] Browser onboarding server started on http://localhost:45819
2026-05-15 08:29:46.464 [info] update#setState idle
2026-05-15 08:29:53.742 [info] Extension host with pid 3634 exited with code: 0, signal: unknown.
2026-05-15 08:30:16.466 [info] update#setState checking for updates
2026-05-15 08:30:16.574 [info] update#setState idle
2026-05-15 08:30:55.893 [info] Extension host with pid 3677 exited with code: 0, signal: unknown.
2026-05-15 08:52:46.276 [warning] [perf] profiling STARTED 4c3053cd-95af-4fdf-ab2d-a1fa93fb6718
2026-05-15 08:52:51.336 [warning] [perf] profiling DONE 4c3053cd-95af-4fdf-ab2d-a1fa93fb6718
2026-05-15 08:53:06.729 [warning] [perf] profiling STARTED 4c3053cd-95af-4fdf-ab2d-a1fa93fb6718
2026-05-15 08:53:11.780 [warning] [perf] profiling DONE 4c3053cd-95af-4fdf-ab2d-a1fa93fb6718
2026-05-15 08:53:27.154 [warning] [perf] profiling STARTED 4c3053cd-95af-4fdf-ab2d-a1fa93fb6718
2026-05-15 08:53:32.197 [warning] [perf] profiling DONE 4c3053cd-95af-4fdf-ab2d-a1fa93fb6718
2026-05-15 09:28:50.075 [warning] [perf] profiling STARTED a7da4d43-fa6d-4145-851f-6cb4a9cb2815
2026-05-15 09:28:55.145 [warning] [perf] profiling DONE a7da4d43-fa6d-4145-851f-6cb4a9cb2815
2026-05-15 09:29:10.794 [warning] [perf] profiling STARTED a7da4d43-fa6d-4145-851f-6cb4a9cb2815
2026-05-15 09:29:15.862 [warning] [perf] profiling DONE a7da4d43-fa6d-4145-851f-6cb4a9cb2815
2026-05-15 09:29:31.484 [warning] [perf] profiling STARTED a7da4d43-fa6d-4145-851f-6cb4a9cb2815
2026-05-15 09:29:36.553 [warning] [perf] profiling DONE a7da4d43-fa6d-4145-851f-6cb4a9cb2815
2026-05-15 09:30:16.470 [info] update#setState checking for updates
2026-05-15 09:30:16.763 [info] update#setState idle
2026-05-15 10:26:54.136 [warning] [perf] profiling STARTED d0836bd2-39a1-4f04-a25e-27c64c1c7727
2026-05-15 10:26:59.239 [warning] [perf] profiling DONE d0836bd2-39a1-4f04-a25e-27c64c1c7727
2026-05-15 10:27:14.975 [warning] [perf] profiling STARTED d0836bd2-39a1-4f04-a25e-27c64c1c7727
2026-05-15 10:27:20.040 [warning] [perf] profiling DONE d0836bd2-39a1-4f04-a25e-27c64c1c7727
2026-05-15 10:27:35.655 [warning] [perf] profiling STARTED d0836bd2-39a1-4f04-a25e-27c64c1c7727
2026-05-15 10:27:40.718 [warning] [perf] profiling DONE d0836bd2-39a1-4f04-a25e-27c64c1c7727
2026-05-15 10:30:16.476 [info] update#setState checking for updates
2026-05-15 10:30:16.719 [info] update#setState idle
2026-05-15 10:37:40.871 [warning] [perf] profiling STARTED 8c23b6bb-3bf2-411a-90be-561113a0dcb6
2026-05-15 10:37:45.980 [warning] [perf] profiling DONE 8c23b6bb-3bf2-411a-90be-561113a0dcb6
2026-05-15 10:38:01.941 [warning] [perf] profiling STARTED 8c23b6bb-3bf2-411a-90be-561113a0dcb6
2026-05-15 10:38:07.007 [warning] [perf] profiling DONE 8c23b6bb-3bf2-411a-90be-561113a0dcb6
2026-05-15 10:38:22.597 [warning] [perf] profiling STARTED 8c23b6bb-3bf2-411a-90be-561113a0dcb6
2026-05-15 10:38:27.661 [warning] [perf] profiling DONE 8c23b6bb-3bf2-411a-90be-561113a0dcb6
2026-05-15 10:46:34.351 [warning] [perf] profiling STARTED f612bcb6-3008-4e69-9c57-0d06b9904434
2026-05-15 10:46:39.425 [warning] [perf] profiling DONE f612bcb6-3008-4e69-9c57-0d06b9904434
2026-05-15 10:46:55.061 [warning] [perf] profiling STARTED f612bcb6-3008-4e69-9c57-0d06b9904434
2026-05-15 10:47:00.159 [warning] [perf] profiling DONE f612bcb6-3008-4e69-9c57-0d06b9904434
2026-05-15 10:47:15.836 [warning] [perf] profiling STARTED f612bcb6-3008-4e69-9c57-0d06b9904434
2026-05-15 10:47:20.923 [warning] [perf] profiling DONE f612bcb6-3008-4e69-9c57-0d06b9904434
2026-05-15 10:54:42.118 [warning] [perf] profiling STARTED b7c5fad4-c0b5-4498-b83e-b42ac4119742
2026-05-15 10:54:47.309 [warning] [perf] profiling DONE b7c5fad4-c0b5-4498-b83e-b42ac4119742
2026-05-15 10:55:03.156 [warning] [perf] profiling STARTED b7c5fad4-c0b5-4498-b83e-b42ac4119742
2026-05-15 10:55:08.233 [warning] [perf] profiling DONE b7c5fad4-c0b5-4498-b83e-b42ac4119742
2026-05-15 10:55:23.868 [warning] [perf] profiling STARTED b7c5fad4-c0b5-4498-b83e-b42ac4119742
2026-05-15 10:55:28.947 [warning] [perf] profiling DONE b7c5fad4-c0b5-4498-b83e-b42ac4119742
2026-05-15 11:02:18.387 [warning] [perf] profiling STARTED c40435a6-9d97-46a4-8a9c-58a3418d6a1b
2026-05-15 11:02:23.510 [warning] [perf] profiling DONE c40435a6-9d97-46a4-8a9c-58a3418d6a1b
2026-05-15 11:02:39.371 [warning] [perf] profiling STARTED c40435a6-9d97-46a4-8a9c-58a3418d6a1b
2026-05-15 11:02:44.467 [warning] [perf] profiling DONE c40435a6-9d97-46a4-8a9c-58a3418d6a1b
2026-05-15 11:03:00.300 [warning] [perf] profiling STARTED c40435a6-9d97-46a4-8a9c-58a3418d6a1b
2026-05-15 11:03:05.402 [warning] [perf] profiling DONE c40435a6-9d97-46a4-8a9c-58a3418d6a1b
2026-05-15 11:09:24.601 [warning] [perf] profiling STARTED 778e0047-6bcc-4d03-bde5-81ce249ef182
2026-05-15 11:09:29.795 [warning] [perf] profiling DONE 778e0047-6bcc-4d03-bde5-81ce249ef182
2026-05-15 11:09:35.641 [error] CodeWindow: renderer process gone (reason: killed, code: 9)
2026-05-15 11:09:37.132 [info] Extension host with pid 5332 exited with code: 0, signal: unknown.
2026-05-15 11:10:18.482 [error] [UtilityProcess id: 1, type: fileWatcher, pid: 5333]: crashed with code 139 and reason 'crashed'
2026-05-15 11:10:19.585 [warning] No ptyHost heartbeat after 6 seconds
2026-05-15 11:21:18.149 [warning] [perf] profiling STARTED c5417ce9-44cb-476f-8466-9679a82c79f7
2026-05-15 11:21:23.223 [warning] [perf] profiling DONE c5417ce9-44cb-476f-8466-9679a82c79f7
2026-05-15 11:21:38.797 [warning] [perf] profiling STARTED c5417ce9-44cb-476f-8466-9679a82c79f7
2026-05-15 11:21:43.860 [warning] [perf] profiling DONE c5417ce9-44cb-476f-8466-9679a82c79f7
2026-05-15 11:21:59.396 [warning] [perf] profiling STARTED c5417ce9-44cb-476f-8466-9679a82c79f7
2026-05-15 11:22:04.487 [warning] [perf] profiling DONE c5417ce9-44cb-476f-8466-9679a82c79f7
2026-05-15 11:30:16.480 [info] update#setState checking for updates
2026-05-15 11:30:16.902 [info] update#setState idle
2026-05-15 11:43:12.983 [warning] [perf] profiling STARTED c6e30f58-a91d-4822-ac5e-f75b9093ea17
2026-05-15 11:43:18.076 [warning] [perf] profiling DONE c6e30f58-a91d-4822-ac5e-f75b9093ea17
2026-05-15 11:43:33.701 [warning] [perf] profiling STARTED c6e30f58-a91d-4822-ac5e-f75b9093ea17
2026-05-15 11:43:38.766 [warning] [perf] profiling DONE c6e30f58-a91d-4822-ac5e-f75b9093ea17
2026-05-15 11:43:54.303 [warning] [perf] profiling STARTED c6e30f58-a91d-4822-ac5e-f75b9093ea17
2026-05-15 11:43:59.363 [warning] [perf] profiling DONE c6e30f58-a91d-4822-ac5e-f75b9093ea17
