2026-05-19 08:23:58.083 [info] [main] Log level: Info
2026-05-19 08:23:58.084 [info] [main] Validating found git in: "git"
2026-05-19 08:23:58.084 [info] [main] Using git "2.54.0" from "git"
2026-05-19 08:23:58.084 [info] [Model][doInitialScan] Initial repository scan started
2026-05-19 08:23:58.084 [info] > git rev-parse --show-toplevel [5ms]
2026-05-19 08:23:58.084 [info] fatal: not a git repository (or any parent up to mount point /)
Stopping at filesystem boundary (GIT_DISCOVERY_ACROSS_FILESYSTEM not set).
2026-05-19 08:23:58.084 [info] > git rev-parse --show-toplevel [8ms]
2026-05-19 08:23:58.084 [info] fatal: not a git repository (or any parent up to mount point /)
Stopping at filesystem boundary (GIT_DISCOVERY_ACROSS_FILESYSTEM not set).
2026-05-19 08:23:58.085 [info] > git rev-parse --show-toplevel [2ms]
2026-05-19 08:23:58.085 [info] fatal: not a git repository (or any parent up to mount point /)
Stopping at filesystem boundary (GIT_DISCOVERY_ACROSS_FILESYSTEM not set).
2026-05-19 08:23:58.093 [info] > git rev-parse --show-toplevel [3ms]
2026-05-19 08:23:58.093 [info] fatal: not a git repository (or any parent up to mount point /)
Stopping at filesystem boundary (GIT_DISCOVERY_ACROSS_FILESYSTEM not set).
2026-05-19 08:23:58.100 [info] > git rev-parse --show-toplevel [2ms]
2026-05-19 08:23:58.100 [info] fatal: not a git repository (or any parent up to mount point /)
Stopping at filesystem boundary (GIT_DISCOVERY_ACROSS_FILESYSTEM not set).
2026-05-19 08:23:58.107 [info] > git rev-parse --show-toplevel [1ms]
2026-05-19 08:23:58.107 [info] fatal: not a git repository (or any parent up to mount point /)
Stopping at filesystem boundary (GIT_DISCOVERY_ACROSS_FILESYSTEM not set).
2026-05-19 08:23:58.115 [info] > git rev-parse --show-toplevel [2ms]
2026-05-19 08:23:58.115 [info] fatal: not a git repository (or any parent up to mount point /)
Stopping at filesystem boundary (GIT_DISCOVERY_ACROSS_FILESYSTEM not set).
2026-05-19 08:23:58.116 [info] [Model][doInitialScan] Initial repository scan completed - repositories (0), closed repositories (0), parent repositories (0), unsafe repositories (0)
2026-05-19 08:23:58.798 [info] > git rev-parse --show-toplevel [30ms]
2026-05-19 08:23:58.798 [info] fatal: not a git repository (or any parent up to mount point /)
Stopping at filesystem boundary (GIT_DISCOVERY_ACROSS_FILESYSTEM not set).
2026-05-19 08:23:58.997 [info] > git rev-parse --show-toplevel [2ms]
2026-05-19 08:23:58.998 [info] fatal: not a git repository (or any parent up to mount point /)
Stopping at filesystem boundary (GIT_DISCOVERY_ACROSS_FILESYSTEM not set).
2026-05-19 08:23:59.858 [info] > git rev-parse --show-toplevel [48ms]
2026-05-19 08:23:59.858 [info] fatal: not a git repository (or any parent up to mount point /)
Stopping at filesystem boundary (GIT_DISCOVERY_ACROSS_FILESYSTEM not set).
2026-05-19 08:23:59.872 [info] > git rev-parse --show-toplevel [3ms]
2026-05-19 08:23:59.872 [info] fatal: not a git repository (or any parent up to mount point /)
Stopping at filesystem boundary (GIT_DISCOVERY_ACROSS_FILESYSTEM not set).
2026-05-19 08:24:00.956 [info] > git rev-parse --show-toplevel [3ms]
2026-05-19 08:24:00.957 [info] fatal: not a git repository (or any parent up to mount point /)
Stopping at filesystem boundary (GIT_DISCOVERY_ACROSS_FILESYSTEM not set).
2026-05-19 08:24:01.178 [info] > git rev-parse --show-toplevel [8ms]
2026-05-19 08:24:01.178 [info] fatal: not a git repository (or any parent up to mount point /)
Stopping at filesystem boundary (GIT_DISCOVERY_ACROSS_FILESYSTEM not set).
