starting generic LSP server
 INFO Reading messages
 INFO Unhandled notification: Notification { method: "$/setTrace", params: Object {"value": String("off")}, activity_key: None }
 INFO Handling non-canceled request pyrefly/textDocument/typeErrorDisplayStatus (1)
 INFO Language server processed event `LspRequest(pyrefly/textDocument/typeErrorDisplayStatus)` in 0.12s (0.00s waiting)
 INFO File /home/juan/projects/TermChat/termchat/history.py opened, prepare to validate open files.
 INFO Ran task on sourcedb_queue heavy task queue. Queue time: 0.00, task time: 0.00
 INFO Unhandled notification: Notification { method: "$/setTrace", params: Object {"value": String("off")}, activity_key: None }
 INFO Published 0 diagnostics for file:///home/juan/projects/TermChat/termchat/history.py
 INFO Validated open files and committed transaction.
 INFO Cleared 2 dropped configs from config cache
 INFO Language server processed event `DidOpenTextDocument` in 0.34s (0.13s waiting)
 INFO Handling non-canceled request pyrefly/textDocument/typeErrorDisplayStatus (2)
 INFO Language server processed event `LspRequest(pyrefly/textDocument/typeErrorDisplayStatus)` in 0.00s (0.47s waiting)
 INFO Handling non-canceled request pyrefly/textDocument/typeErrorDisplayStatus (3)
 INFO Language server processed event `LspRequest(pyrefly/textDocument/typeErrorDisplayStatus)` in 0.00s (0.47s waiting)
 INFO Request textDocument/codeAction (4) is canceled due to subsequent mutation
 INFO Language server processed event `LspRequest(textDocument/codeAction)` in 0.00s (0.30s waiting)
 INFO Request textDocument/inlayHint (5) is canceled due to subsequent mutation
 INFO Language server processed event `LspRequest(textDocument/inlayHint)` in 0.00s (0.30s waiting)
 INFO Handling non-canceled request pyrefly/textDocument/typeErrorDisplayStatus (6)
 INFO Language server processed event `LspRequest(pyrefly/textDocument/typeErrorDisplayStatus)` in 0.00s (0.30s waiting)
 INFO Language server processed event `LspResponse` in 0.00s (0.30s waiting)
 INFO Handling non-canceled request textDocument/foldingRange (7)
 INFO Language server processed event `LspRequest(textDocument/foldingRange)` in 0.00s (0.26s waiting)
 INFO Handling non-canceled request textDocument/codeLens (8)
 INFO Language server processed event `LspRequest(textDocument/codeLens)` in 0.00s (0.26s waiting)
 INFO Handling non-canceled request textDocument/documentSymbol (9)
 INFO Language server processed event `LspRequest(textDocument/documentSymbol)` in 0.00s (0.26s waiting)
 INFO We should cancel request RequestId(I32(7))
 INFO Language server processed event `CancelRequest` in 0.00s (0.00s waiting)
 INFO Unhandled notification: Notification { method: "$/setTrace", params: Object {"value": String("off")}, activity_key: None }
 INFO Handling non-canceled request pyrefly/textDocument/typeErrorDisplayStatus (10)
 INFO Language server processed event `LspRequest(pyrefly/textDocument/typeErrorDisplayStatus)` in 0.00s (0.00s waiting)
 INFO We should cancel request RequestId(I32(4))
 INFO Language server processed event `CancelRequest` in 0.00s (0.00s waiting)
 INFO Handling non-canceled request textDocument/codeAction (11)
 INFO Language server processed event `LspRequest(textDocument/codeAction)` in 0.00s (0.00s waiting)
 INFO Handling non-canceled request textDocument/semanticTokens/range (12)
 INFO Language server processed event `LspRequest(textDocument/semanticTokens/range)` in 0.00s (0.00s waiting)
 INFO Handling non-canceled request textDocument/semanticTokens/full (13)
 INFO Language server processed event `LspRequest(textDocument/semanticTokens/full)` in 0.00s (0.00s waiting)
 INFO Unhandled notification: Notification { method: "$/setTrace", params: Object {"value": String("off")}, activity_key: None }
 INFO Handling non-canceled request pyrefly/textDocument/typeErrorDisplayStatus (14)
 INFO Language server processed event `LspRequest(pyrefly/textDocument/typeErrorDisplayStatus)` in 0.00s (0.00s waiting)
 INFO Handling non-canceled request pyrefly/textDocument/typeErrorDisplayStatus (15)
 INFO Language server processed event `LspRequest(pyrefly/textDocument/typeErrorDisplayStatus)` in 0.00s (0.00s waiting)
 INFO Handling non-canceled request textDocument/foldingRange (16)
 INFO Language server processed event `LspRequest(textDocument/foldingRange)` in 0.00s (0.00s waiting)
 INFO Language server processed event `LspResponse` in 0.00s (0.00s waiting)
 INFO We should cancel request RequestId(I32(11))
 INFO Language server processed event `CancelRequest` in 0.00s (0.00s waiting)
 INFO Handling non-canceled request textDocument/codeAction (17)
 INFO Language server processed event `LspRequest(textDocument/codeAction)` in 0.00s (0.00s waiting)
 INFO Language server processed event `LspResponse` in 0.00s (0.00s waiting)
 INFO Unhandled notification: Notification { method: "$/setTrace", params: Object {"value": String("off")}, activity_key: None }
 INFO Handling non-canceled request pyrefly/textDocument/typeErrorDisplayStatus (18)
 INFO Language server processed event `LspRequest(pyrefly/textDocument/typeErrorDisplayStatus)` in 0.00s (0.00s waiting)
 INFO We should cancel request RequestId(I32(17))
 INFO Language server processed event `CancelRequest` in 0.00s (0.00s waiting)
 INFO Handling non-canceled request textDocument/codeAction (19)
 INFO Language server processed event `LspRequest(textDocument/codeAction)` in 0.00s (0.00s waiting)
 INFO We should cancel request RequestId(I32(8))
 INFO Language server processed event `CancelRequest` in 0.00s (0.00s waiting)
 INFO We should cancel request RequestId(I32(5))
 INFO Language server processed event `CancelRequest` in 0.00s (0.00s waiting)
 INFO Handling non-canceled request textDocument/documentSymbol (20)
 INFO Language server processed event `LspRequest(textDocument/documentSymbol)` in 0.00s (0.00s waiting)
 INFO Handling non-canceled request textDocument/inlayHint (21)
 INFO Language server processed event `LspRequest(textDocument/inlayHint)` in 0.02s (0.00s waiting)
 INFO We should cancel request RequestId(I32(9))
 INFO Language server processed event `CancelRequest` in 0.00s (0.00s waiting)
 INFO We should cancel request RequestId(I32(20))
 INFO Language server processed event `CancelRequest` in 0.00s (0.00s waiting)
 INFO Handling non-canceled request textDocument/documentSymbol (22)
 INFO Language server processed event `LspRequest(textDocument/documentSymbol)` in 0.00s (0.00s waiting)
 INFO We should cancel request RequestId(I32(19))
 INFO Language server processed event `CancelRequest` in 0.00s (0.00s waiting)
 INFO Handling non-canceled request textDocument/codeAction (23)
 INFO Language server processed event `LspRequest(textDocument/codeAction)` in 0.00s (0.00s waiting)
 INFO We should cancel request RequestId(I32(16))
 INFO Language server processed event `CancelRequest` in 0.00s (0.00s waiting)
 INFO Handling non-canceled request textDocument/codeLens (24)
 INFO Language server processed event `LspRequest(textDocument/codeLens)` in 0.00s (0.00s waiting)
 INFO Handling non-canceled request textDocument/foldingRange (25)
 INFO Language server processed event `LspRequest(textDocument/foldingRange)` in 0.00s (0.00s waiting)
 INFO Handling non-canceled request textDocument/documentSymbol (26)
 INFO Language server processed event `LspRequest(textDocument/documentSymbol)` in 0.00s (0.00s waiting)
 INFO Unhandled notification: Notification { method: "$/setTrace", params: Object {"value": String("off")}, activity_key: None }
 INFO Handling non-canceled request pyrefly/textDocument/typeErrorDisplayStatus (27)
 INFO Language server processed event `LspRequest(pyrefly/textDocument/typeErrorDisplayStatus)` in 0.00s (0.00s waiting)
 INFO Handling non-canceled request textDocument/semanticTokens/full (28)
 INFO Language server processed event `LspRequest(textDocument/semanticTokens/full)` in 0.00s (0.00s waiting)
