2026-05-19 11:32:02.815 [info] Reading sessions from keychain...
2026-05-19 11:32:02.815 [info] Getting sessions for all scopes...
2026-05-19 11:32:02.815 [info] Got stored sessions!
2026-05-19 11:32:02.815 [info] Got 1 verified sessions.
2026-05-19 11:32:02.815 [info] Got 1 sessions for ...
2026-05-19 11:32:02.815 [info] Getting sessions for all scopes...
2026-05-19 11:32:02.815 [info] Got 1 sessions for ...
2026-05-19 11:32:02.815 [info] Getting sessions for all scopes...
2026-05-19 11:32:02.815 [info] Got 1 sessions for ...
2026-05-19 11:32:02.815 [info] Getting sessions for all scopes...
2026-05-19 11:32:02.815 [info] Got 1 sessions for ...
2026-05-19 11:32:02.815 [info] Getting sessions for all scopes...
2026-05-19 11:32:02.815 [info] Got 1 sessions for ...
2026-05-19 11:32:02.815 [info] Getting sessions for all scopes...
2026-05-19 11:32:02.815 [info] Got 1 sessions for ...
2026-05-19 11:32:02.859 [info] Getting sessions for read:user,repo,user:email,workflow...
2026-05-19 11:32:02.860 [info] Got 1 sessions for read:user,repo,user:email,workflow...
2026-05-19 11:32:03.486 [info] Getting sessions for all scopes...
2026-05-19 11:32:03.486 [info] Got 1 sessions for ...
2026-05-19 11:32:03.525 [info] Getting sessions for read:user,repo,user:email,workflow...
2026-05-19 11:32:03.525 [info] Got 1 sessions for read:user,repo,user:email,workflow...
2026-05-19 11:32:03.704 [info] Getting sessions for all scopes...
2026-05-19 11:32:03.704 [info] Got 1 sessions for ...
2026-05-19 11:32:03.704 [info] Getting sessions for all scopes...
2026-05-19 11:32:03.704 [info] Got 1 sessions for ...
2026-05-19 11:32:03.707 [info] Getting sessions for read:user,repo,user:email,workflow...
2026-05-19 11:32:03.707 [info] Got 1 sessions for read:user,repo,user:email,workflow...
2026-05-19 11:32:03.905 [info] Getting sessions for all scopes...
2026-05-19 11:32:03.905 [info] Got 1 sessions for ...
2026-05-19 11:32:03.908 [info] Getting sessions for all scopes...
2026-05-19 11:32:03.908 [info] Got 1 sessions for ...
2026-05-19 11:32:03.925 [info] Getting sessions for all scopes...
2026-05-19 11:32:03.925 [info] Got 1 sessions for ...
2026-05-19 11:32:03.945 [info] Getting sessions for all scopes...
2026-05-19 11:32:03.945 [info] Got 1 sessions for ...
2026-05-19 11:32:03.963 [info] Getting sessions for read:user,repo,user:email,workflow...
2026-05-19 11:32:03.963 [info] Got 1 sessions for read:user,repo,user:email,workflow...
2026-05-19 11:32:04.208 [info] Getting sessions for all scopes...
2026-05-19 11:32:04.208 [info] Got 1 sessions for ...
2026-05-19 11:32:04.209 [info] Getting sessions for read:user,repo,user:email,workflow...
2026-05-19 11:32:04.209 [info] Got 1 sessions for read:user,repo,user:email,workflow...
2026-05-19 11:32:04.285 [info] Getting sessions for all scopes...
2026-05-19 11:32:04.285 [info] Got 1 sessions for ...
2026-05-19 11:32:04.286 [info] Getting sessions for read:user,repo,user:email,workflow...
2026-05-19 11:32:04.286 [info] Got 1 sessions for read:user,repo,user:email,workflow...
2026-05-19 11:32:04.312 [info] Getting sessions for all scopes...
2026-05-19 11:32:04.312 [info] Got 1 sessions for ...
2026-05-19 11:32:04.313 [info] Getting sessions for read:user,repo,user:email,workflow...
2026-05-19 11:32:04.313 [info] Got 1 sessions for read:user,repo,user:email,workflow...
2026-05-19 11:32:11.457 [info] Getting sessions for all scopes...
2026-05-19 11:32:11.457 [info] Got 1 sessions for ...
2026-05-19 11:32:11.464 [info] Getting sessions for read:user,repo,user:email,workflow...
2026-05-19 11:32:11.464 [info] Got 1 sessions for read:user,repo,user:email,workflow...
2026-05-19 11:33:05.236 [info] Getting sessions for all scopes...
2026-05-19 11:33:05.236 [info] Got 1 sessions for ...
2026-05-19 11:33:05.243 [info] Getting sessions for read:user,repo,user:email,workflow...
2026-05-19 11:33:05.243 [info] Got 1 sessions for read:user,repo,user:email,workflow...
2026-05-19 11:33:16.271 [info] Getting sessions for all scopes...
2026-05-19 11:33:16.271 [info] Got 1 sessions for ...
2026-05-19 11:33:16.277 [info] Getting sessions for read:user,repo,user:email,workflow...
2026-05-19 11:33:16.277 [info] Got 1 sessions for read:user,repo,user:email,workflow...
2026-05-19 11:35:52.379 [info] Getting sessions for all scopes...
2026-05-19 11:35:52.379 [info] Got 1 sessions for ...
2026-05-19 11:47:03.683 [info] Getting sessions for all scopes...
2026-05-19 11:47:03.684 [info] Got 1 sessions for ...
2026-05-19 11:47:03.715 [info] Getting sessions for all scopes...
2026-05-19 11:47:03.716 [info] Got 1 sessions for ...
2026-05-19 11:47:03.929 [info] Getting sessions for all scopes...
2026-05-19 11:47:03.930 [info] Got 1 sessions for ...
2026-05-19 11:47:04.169 [info] Getting sessions for all scopes...
2026-05-19 11:47:04.169 [info] Got 1 sessions for ...
2026-05-19 11:47:04.284 [info] Getting sessions for read:user,repo,user:email,workflow...
2026-05-19 11:47:04.284 [info] Got 1 sessions for read:user,repo,user:email,workflow...
2026-05-19 11:48:31.726 [info] Getting sessions for all scopes...
2026-05-19 11:48:31.726 [info] Got 1 sessions for ...
2026-05-19 11:48:31.751 [info] Getting sessions for all scopes...
2026-05-19 11:48:31.751 [info] Got 1 sessions for ...
2026-05-19 11:48:55.176 [info] Getting sessions for all scopes...
2026-05-19 11:48:55.176 [info] Got 1 sessions for ...
2026-05-19 11:48:55.191 [info] Getting sessions for all scopes...
2026-05-19 11:48:55.191 [info] Got 1 sessions for ...
2026-05-19 11:49:25.813 [info] Getting sessions for all scopes...
2026-05-19 11:49:25.815 [info] Got 1 sessions for ...
2026-05-19 11:49:25.820 [info] Getting sessions for read:user,repo,user:email,workflow...
2026-05-19 11:49:25.820 [info] Got 1 sessions for read:user,repo,user:email,workflow...
2026-05-19 11:50:27.941 [info] Getting sessions for all scopes...
2026-05-19 11:50:27.944 [info] Got 1 sessions for ...
2026-05-19 11:50:27.981 [info] Getting sessions for all scopes...
2026-05-19 11:50:27.981 [info] Got 1 sessions for ...
2026-05-19 11:50:35.970 [info] Getting sessions for all scopes...
2026-05-19 11:50:35.971 [info] Got 1 sessions for ...
2026-05-19 11:50:36.003 [info] Getting sessions for all scopes...
2026-05-19 11:50:36.003 [info] Got 1 sessions for ...
2026-05-19 11:54:19.922 [info] Getting sessions for all scopes...
2026-05-19 11:54:19.922 [info] Got 1 sessions for ...
2026-05-19 11:54:19.948 [info] Getting sessions for all scopes...
2026-05-19 11:54:19.948 [info] Got 1 sessions for ...
2026-05-19 11:54:25.690 [info] Getting sessions for all scopes...
2026-05-19 11:54:25.690 [info] Got 1 sessions for ...
2026-05-19 11:54:25.696 [info] Getting sessions for all scopes...
2026-05-19 11:54:25.696 [info] Got 1 sessions for ...
2026-05-19 11:55:08.597 [info] Getting sessions for all scopes...
2026-05-19 11:55:08.597 [info] Got 1 sessions for ...
2026-05-19 11:55:08.601 [info] Getting sessions for all scopes...
2026-05-19 11:55:08.601 [info] Got 1 sessions for ...
2026-05-19 11:55:12.950 [info] Getting sessions for all scopes...
2026-05-19 11:55:12.950 [info] Got 1 sessions for ...
2026-05-19 11:55:12.954 [info] Getting sessions for read:user,repo,user:email,workflow...
2026-05-19 11:55:12.954 [info] Got 1 sessions for read:user,repo,user:email,workflow...
2026-05-19 11:55:13.522 [info] Getting sessions for all scopes...
2026-05-19 11:55:13.522 [info] Got 1 sessions for ...
2026-05-19 11:55:13.523 [info] Getting sessions for all scopes...
2026-05-19 11:55:13.523 [info] Got 1 sessions for ...
2026-05-19 11:55:13.527 [info] Getting sessions for read:user,repo,user:email,workflow...
2026-05-19 11:55:13.527 [info] Got 1 sessions for read:user,repo,user:email,workflow...
2026-05-19 11:55:13.562 [info] Getting sessions for all scopes...
2026-05-19 11:55:13.562 [info] Got 1 sessions for ...
2026-05-19 11:55:13.562 [info] Getting sessions for all scopes...
2026-05-19 11:55:13.562 [info] Got 1 sessions for ...
2026-05-19 11:55:13.564 [info] Getting sessions for read:user,repo,user:email,workflow...
2026-05-19 11:55:13.565 [info] Got 1 sessions for read:user,repo,user:email,workflow...
