2026-05-19 08:24:11.541 [info] Extension host with pid 36980 started
2026-05-19 08:24:11.541 [info] Skipping acquiring lock for /home/juan/.config/Code - OSS/User/workspaceStorage/dd22eedc4e138519ccd34675f50e9851.
2026-05-19 08:24:11.601 [info] ExtensionService#_doActivateExtension vscode.github-authentication, startup: false, activationEvent: 'onAuthenticationRequest:github'
2026-05-19 08:24:11.644 [info] ExtensionService#_doActivateExtension vscode.emmet, startup: false, activationEvent: 'onLanguage'
2026-05-19 08:24:11.708 [info] ExtensionService#_doActivateExtension vscode.git-base, startup: true, activationEvent: '*', root cause: vscode.git
2026-05-19 08:24:11.722 [info] ExtensionService#_doActivateExtension vscode.git, startup: true, activationEvent: '*'
2026-05-19 08:24:11.809 [info] ExtensionService#_doActivateExtension vscode.github, startup: true, activationEvent: '*'
2026-05-19 08:24:11.928 [info] Eager extensions activated
2026-05-19 08:24:11.965 [info] ExtensionService#_doActivateExtension vscode.debug-auto-launch, startup: false, activationEvent: 'onStartupFinished'
2026-05-19 08:24:11.968 [info] ExtensionService#_doActivateExtension vscode.merge-conflict, startup: false, activationEvent: 'onStartupFinished'
2026-05-19 08:24:11.993 [info] ExtensionService#_doActivateExtension alexdauenhauer.catppuccin-noctis-icons, startup: false, activationEvent: 'onStartupFinished'
2026-05-19 08:24:12.002 [info] ExtensionService#_doActivateExtension miguelsolorio.symbols, startup: false, activationEvent: 'onStartupFinished'
2026-05-19 08:24:12.473 [info] ExtensionService#_doActivateExtension vscode.configuration-editing, startup: false, activationEvent: 'onLanguage:jsonc'
2026-05-19 08:24:12.483 [info] ExtensionService#_doActivateExtension vscode.json-language-features, startup: false, activationEvent: 'onLanguage:jsonc'
2026-05-19 08:24:12.612 [info] ExtensionService#_doActivateExtension vscode.typescript-language-features, startup: false, activationEvent: 'onLanguage:jsonc'
2026-05-19 08:24:25.090 [info] ExtensionService#_doActivateExtension vscode.extension-editing, startup: false, activationEvent: 'onLanguage:markdown'
2026-05-19 08:24:25.122 [info] ExtensionService#_doActivateExtension vscode.markdown-language-features, startup: false, activationEvent: 'onLanguage:markdown'
2026-05-19 08:24:25.918 [info] ExtensionService#_doActivateExtension vscode.markdown-math, startup: false, activationEvent: 'api', root cause: vscode.markdown-language-features
2026-05-19 08:25:05.530 [info] Extension host terminating: received terminate message from renderer
2026-05-19 08:25:05.571 [info] Extension host with pid 36980 exiting with code 0
