[INFO 11:46:50 a.m.] miguelsolorio.symbols activated
[INFO 11:46:50 a.m.] 🤖 symbols.defaultAssociations changed, updating to true
[INFO 11:46:50 a.m.] 🤖 symbols.hidesExplorerArrows changed, updating to false
[INFO 11:46:50 a.m.] 🤖 symbols.folders.associations changed, updating to undefined
[INFO 11:46:50 a.m.] 🤖 symbols.files.associations changed, updating to undefined
[INFO 11:46:50 a.m.] 🤖 symbols.defaultAssociations changed, updating to true
[INFO 11:46:50 a.m.] 🤖 symbols.hidesExplorerArrows changed, updating to false
[INFO 11:46:50 a.m.] 🤖 symbols.folders.associations changed, updating to undefined
[INFO 11:46:50 a.m.] 🤖 symbols.files.associations changed, updating to undefined
[INFO 11:46:50 a.m.] 🤖 symbols.defaultAssociations changed, updating to true
[INFO 11:46:50 a.m.] 🤖 symbols.hidesExplorerArrows changed, updating to false
[INFO 11:46:50 a.m.] 🤖 symbols.folders.associations changed, updating to undefined
[INFO 11:46:50 a.m.] 🤖 symbols.files.associations changed, updating to undefined
[INFO 11:46:51 a.m.] 🤖 symbols.defaultAssociations changed, updating to true
[INFO 11:46:51 a.m.] 🤖 symbols.hidesExplorerArrows changed, updating to false
[INFO 11:46:51 a.m.] 🤖 symbols.folders.associations changed, updating to undefined
[INFO 11:46:51 a.m.] 🤖 symbols.files.associations changed, updating to undefined
[INFO 11:46:52 a.m.] 🤖 symbols.defaultAssociations changed, updating to true
[INFO 11:46:52 a.m.] 🤖 symbols.hidesExplorerArrows changed, updating to false
[INFO 11:46:52 a.m.] 🤖 symbols.folders.associations changed, updating to undefined
[INFO 11:46:52 a.m.] 🤖 symbols.files.associations changed, updating to undefined
