2026-05-18 09:13:07.123 [info] Extension host with pid 9932 started
2026-05-18 09:13:07.123 [info] Skipping acquiring lock for /home/juan/.config/Antigravity/User/workspaceStorage/9cffb26bdaeb406f0ef88881861630d1.
2026-05-18 09:13:07.521 [info] ExtensionService#_doActivateExtension vscode.emmet, startup: false, activationEvent: 'onLanguage'
2026-05-18 09:13:07.574 [info] ExtensionService#_doActivateExtension vscode.configuration-editing, startup: false, activationEvent: 'onLanguage:jsonc'
2026-05-18 09:13:07.590 [info] ExtensionService#_doActivateExtension vscode.json-language-features, startup: false, activationEvent: 'onLanguage:jsonc'
2026-05-18 09:13:07.694 [info] ExtensionService#_doActivateExtension vscode.typescript-language-features, startup: false, activationEvent: 'onLanguage:jsonc'
2026-05-18 09:13:08.321 [info] ExtensionService#_doActivateExtension vscode.git-base, startup: true, activationEvent: '*', root cause: google.antigravity
2026-05-18 09:13:08.325 [info] ExtensionService#_doActivateExtension vscode.npm, startup: true, activationEvent: 'workspaceContains:package.json'
2026-05-18 09:13:08.414 [info] ExtensionService#_doActivateExtension vscode.git, startup: true, activationEvent: '*', root cause: google.antigravity
2026-05-18 09:13:08.489 [info] ExtensionService#_doActivateExtension vscode.github, startup: true, activationEvent: '*'
2026-05-18 09:13:08.639 [info] ExtensionService#_doActivateExtension google.antigravity, startup: true, activationEvent: '*'
2026-05-18 09:13:09.362 [info] ExtensionService#_doActivateExtension vscode.terminal-suggest, startup: false, activationEvent: 'onTerminalShellIntegration:*'
2026-05-18 09:13:10.761 [info] Eager extensions activated
2026-05-18 09:13:10.780 [info] ExtensionService#_doActivateExtension google.antigravity-dev-containers, startup: false, activationEvent: 'onStartupFinished'
2026-05-18 09:13:10.790 [info] ExtensionService#_doActivateExtension vscode.debug-auto-launch, startup: false, activationEvent: 'onStartupFinished'
2026-05-18 09:13:10.794 [info] ExtensionService#_doActivateExtension vscode.merge-conflict, startup: false, activationEvent: 'onStartupFinished'
2026-05-18 09:13:10.815 [info] ExtensionService#_doActivateExtension Catppuccin.catppuccin-vsc, startup: false, activationEvent: 'onStartupFinished'
2026-05-18 09:13:10.820 [info] ExtensionService#_doActivateExtension vscode.extension-editing, startup: false, activationEvent: 'onLanguage:json'
2026-05-18 09:24:19.076 [info] Extension host terminating: renderer closed the MessagePort
2026-05-18 09:24:19.108 [info] Extension host with pid 9932 exiting with code 0
