2026-05-19 08:25:43.768 [info] Reading sessions from keychain...
2026-05-19 08:25:43.769 [info] Getting sessions for all scopes...
2026-05-19 08:25:43.769 [info] Got stored sessions!
2026-05-19 08:25:43.769 [info] Got 1 verified sessions.
2026-05-19 08:25:43.769 [info] Got 1 sessions for ...
2026-05-19 08:25:43.769 [info] Getting sessions for all scopes...
2026-05-19 08:25:43.769 [info] Got 1 sessions for ...
2026-05-19 08:25:43.769 [info] Getting sessions for all scopes...
2026-05-19 08:25:43.769 [info] Got 1 sessions for ...
2026-05-19 08:25:43.769 [info] Getting sessions for all scopes...
2026-05-19 08:25:43.769 [info] Got 1 sessions for ...
2026-05-19 08:25:43.769 [info] Getting sessions for all scopes...
2026-05-19 08:25:43.769 [info] Got 1 sessions for ...
2026-05-19 08:25:45.508 [info] Getting sessions for all scopes...
2026-05-19 08:25:45.508 [info] Got 1 sessions for ...
2026-05-19 08:26:42.680 [info] Getting sessions for all scopes...
2026-05-19 08:26:42.680 [info] Got 1 sessions for ...
2026-05-19 08:26:42.685 [info] Getting sessions for all scopes...
2026-05-19 08:26:42.685 [info] Got 1 sessions for ...
2026-05-19 08:26:44.856 [info] Getting sessions for all scopes...
2026-05-19 08:26:44.856 [info] Got 1 sessions for ...
2026-05-19 08:26:44.857 [info] Getting sessions for all scopes...
2026-05-19 08:26:44.857 [info] Got 1 sessions for ...
2026-05-19 08:27:02.030 [info] Getting sessions for all scopes...
2026-05-19 08:27:02.030 [info] Got 1 sessions for ...
2026-05-19 08:27:02.032 [info] Getting sessions for all scopes...
2026-05-19 08:27:02.032 [info] Got 1 sessions for ...
2026-05-19 08:28:12.672 [info] Getting sessions for all scopes...
2026-05-19 08:28:12.672 [info] Got 1 sessions for ...
2026-05-19 08:28:12.675 [info] Getting sessions for all scopes...
2026-05-19 08:28:12.675 [info] Got 1 sessions for ...
2026-05-19 08:29:36.472 [info] Getting sessions for all scopes...
2026-05-19 08:29:36.472 [info] Got 1 sessions for ...
2026-05-19 08:29:36.476 [info] Getting sessions for all scopes...
2026-05-19 08:29:36.476 [info] Got 1 sessions for ...
2026-05-19 08:29:37.548 [info] Getting sessions for all scopes...
2026-05-19 08:29:37.548 [info] Got 1 sessions for ...
2026-05-19 08:29:37.549 [info] Getting sessions for all scopes...
2026-05-19 08:29:37.549 [info] Got 1 sessions for ...
2026-05-19 08:31:28.290 [info] Getting sessions for all scopes...
2026-05-19 08:31:28.290 [info] Got 1 sessions for ...
2026-05-19 08:31:28.303 [info] Getting sessions for all scopes...
2026-05-19 08:31:28.303 [info] Got 1 sessions for ...
2026-05-19 08:32:35.884 [info] Getting sessions for all scopes...
2026-05-19 08:32:35.884 [info] Got 1 sessions for ...
2026-05-19 08:32:35.926 [info] Getting sessions for all scopes...
2026-05-19 08:32:35.926 [info] Got 1 sessions for ...
2026-05-19 08:32:46.709 [info] Getting sessions for all scopes...
2026-05-19 08:32:46.710 [info] Got 1 sessions for ...
2026-05-19 08:32:46.715 [info] Getting sessions for all scopes...
2026-05-19 08:32:46.715 [info] Got 1 sessions for ...
2026-05-19 08:32:55.202 [info] Getting sessions for all scopes...
2026-05-19 08:32:55.202 [info] Got 1 sessions for ...
2026-05-19 08:32:55.216 [info] Getting sessions for all scopes...
2026-05-19 08:32:55.216 [info] Got 1 sessions for ...
2026-05-19 08:33:28.848 [info] Getting sessions for all scopes...
2026-05-19 08:33:28.848 [info] Got 1 sessions for ...
2026-05-19 08:33:28.887 [info] Getting sessions for all scopes...
2026-05-19 08:33:28.887 [info] Got 1 sessions for ...
2026-05-19 08:36:07.330 [info] Getting sessions for all scopes...
2026-05-19 08:36:07.330 [info] Got 1 sessions for ...
2026-05-19 08:36:07.333 [info] Getting sessions for all scopes...
2026-05-19 08:36:07.333 [info] Got 1 sessions for ...
2026-05-19 08:36:19.424 [info] Getting sessions for all scopes...
2026-05-19 08:36:19.424 [info] Got 1 sessions for ...
2026-05-19 08:36:19.435 [info] Getting sessions for all scopes...
2026-05-19 08:36:19.435 [info] Got 1 sessions for ...
2026-05-19 08:36:23.999 [info] Getting sessions for all scopes...
2026-05-19 08:36:23.999 [info] Got 1 sessions for ...
2026-05-19 08:36:24.000 [info] Getting sessions for all scopes...
2026-05-19 08:36:24.000 [info] Got 1 sessions for ...
2026-05-19 08:36:32.737 [info] Getting sessions for all scopes...
2026-05-19 08:36:32.737 [info] Got 1 sessions for ...
2026-05-19 08:36:32.739 [info] Getting sessions for all scopes...
2026-05-19 08:36:32.740 [info] Got 1 sessions for ...
2026-05-19 08:36:35.819 [info] Getting sessions for all scopes...
2026-05-19 08:36:35.820 [info] Got 1 sessions for ...
2026-05-19 08:36:35.820 [info] Getting sessions for all scopes...
2026-05-19 08:36:35.820 [info] Got 1 sessions for ...
2026-05-19 08:36:37.923 [info] Getting sessions for all scopes...
2026-05-19 08:36:37.923 [info] Got 1 sessions for ...
2026-05-19 08:36:37.924 [info] Getting sessions for all scopes...
2026-05-19 08:36:37.924 [info] Got 1 sessions for ...
2026-05-19 08:36:42.552 [info] Getting sessions for all scopes...
2026-05-19 08:36:42.552 [info] Got 1 sessions for ...
2026-05-19 08:36:42.570 [info] Getting sessions for all scopes...
2026-05-19 08:36:42.570 [info] Got 1 sessions for ...
2026-05-19 08:37:01.420 [info] Getting sessions for all scopes...
2026-05-19 08:37:01.420 [info] Got 1 sessions for ...
2026-05-19 08:37:01.439 [info] Getting sessions for all scopes...
2026-05-19 08:37:01.439 [info] Got 1 sessions for ...
2026-05-19 08:38:17.176 [info] Getting sessions for all scopes...
2026-05-19 08:38:17.177 [info] Got 1 sessions for ...
2026-05-19 08:38:17.201 [info] Getting sessions for all scopes...
2026-05-19 08:38:17.201 [info] Got 1 sessions for ...
2026-05-19 08:38:23.410 [info] Getting sessions for all scopes...
2026-05-19 08:38:23.410 [info] Got 1 sessions for ...
2026-05-19 08:38:23.413 [info] Getting sessions for all scopes...
2026-05-19 08:38:23.413 [info] Got 1 sessions for ...
2026-05-19 08:38:30.790 [info] Getting sessions for all scopes...
2026-05-19 08:38:30.790 [info] Got 1 sessions for ...
2026-05-19 08:38:30.797 [info] Getting sessions for all scopes...
2026-05-19 08:38:30.797 [info] Got 1 sessions for ...
2026-05-19 08:38:35.564 [info] Getting sessions for all scopes...
2026-05-19 08:38:35.564 [info] Got 1 sessions for ...
2026-05-19 08:38:35.577 [info] Getting sessions for all scopes...
2026-05-19 08:38:35.577 [info] Got 1 sessions for ...
2026-05-19 08:38:40.631 [info] Getting sessions for all scopes...
2026-05-19 08:38:40.631 [info] Got 1 sessions for ...
2026-05-19 08:38:40.649 [info] Getting sessions for all scopes...
2026-05-19 08:38:40.649 [info] Got 1 sessions for ...
2026-05-19 08:38:47.464 [info] Getting sessions for all scopes...
2026-05-19 08:38:47.464 [info] Got 1 sessions for ...
2026-05-19 08:38:47.479 [info] Getting sessions for all scopes...
2026-05-19 08:38:47.479 [info] Got 1 sessions for ...
2026-05-19 08:39:04.562 [info] Getting sessions for all scopes...
2026-05-19 08:39:04.562 [info] Got 1 sessions for ...
2026-05-19 08:39:04.607 [info] Getting sessions for all scopes...
2026-05-19 08:39:04.607 [info] Got 1 sessions for ...
2026-05-19 08:39:45.789 [info] Getting sessions for all scopes...
2026-05-19 08:39:45.789 [info] Got 1 sessions for ...
2026-05-19 08:39:45.790 [info] Getting sessions for all scopes...
2026-05-19 08:39:45.790 [info] Got 1 sessions for ...
2026-05-19 08:40:29.393 [info] Getting sessions for all scopes...
2026-05-19 08:40:29.394 [info] Got 1 sessions for ...
2026-05-19 08:40:29.396 [info] Getting sessions for all scopes...
2026-05-19 08:40:29.396 [info] Got 1 sessions for ...
2026-05-19 08:40:29.744 [info] Getting sessions for all scopes...
2026-05-19 08:40:29.744 [info] Got 1 sessions for ...
2026-05-19 08:40:29.825 [info] Getting sessions for read:user,repo,user:email,workflow...
2026-05-19 08:40:29.826 [info] Got 1 sessions for read:user,repo,user:email,workflow...
2026-05-19 08:40:30.440 [info] Getting sessions for all scopes...
2026-05-19 08:40:30.440 [info] Got 1 sessions for ...
2026-05-19 08:40:30.440 [info] Getting sessions for all scopes...
2026-05-19 08:40:30.440 [info] Got 1 sessions for ...
2026-05-19 08:40:30.463 [info] Getting sessions for read:user,repo,user:email,workflow...
2026-05-19 08:40:30.464 [info] Got 1 sessions for read:user,repo,user:email,workflow...
2026-05-19 08:40:30.740 [info] Getting sessions for all scopes...
2026-05-19 08:40:30.740 [info] Got 1 sessions for ...
2026-05-19 08:40:30.773 [info] Getting sessions for all scopes...
2026-05-19 08:40:30.773 [info] Got 1 sessions for ...
2026-05-19 08:40:30.803 [info] Getting sessions for all scopes...
2026-05-19 08:40:30.803 [info] Got 1 sessions for ...
2026-05-19 08:40:30.816 [info] Getting sessions for read:user,repo,user:email,workflow...
2026-05-19 08:40:30.816 [info] Got 1 sessions for read:user,repo,user:email,workflow...
2026-05-19 08:40:30.822 [info] Getting sessions for all scopes...
2026-05-19 08:40:30.822 [info] Got 1 sessions for ...
2026-05-19 08:40:31.096 [info] Getting sessions for all scopes...
2026-05-19 08:40:31.096 [info] Got 1 sessions for ...
2026-05-19 08:40:31.097 [info] Getting sessions for read:user,repo,user:email,workflow...
2026-05-19 08:40:31.097 [info] Got 1 sessions for read:user,repo,user:email,workflow...
2026-05-19 08:40:58.691 [info] Getting sessions for all scopes...
2026-05-19 08:40:58.691 [info] Got 1 sessions for ...
2026-05-19 08:40:58.720 [info] Getting sessions for all scopes...
2026-05-19 08:40:58.721 [info] Got 1 sessions for ...
2026-05-19 08:41:20.624 [info] Getting sessions for all scopes...
2026-05-19 08:41:20.624 [info] Got 1 sessions for ...
2026-05-19 08:41:20.643 [info] Getting sessions for all scopes...
2026-05-19 08:41:20.643 [info] Got 1 sessions for ...
2026-05-19 08:41:20.787 [info] Getting sessions for all scopes...
2026-05-19 08:41:20.787 [info] Got 1 sessions for ...
2026-05-19 08:41:20.788 [info] Getting sessions for all scopes...
2026-05-19 08:41:20.788 [info] Got 1 sessions for ...
2026-05-19 08:41:22.050 [info] Getting sessions for all scopes...
2026-05-19 08:41:22.050 [info] Got 1 sessions for ...
2026-05-19 08:41:22.101 [info] Getting sessions for all scopes...
2026-05-19 08:41:22.102 [info] Got 1 sessions for ...
2026-05-19 08:43:20.428 [info] Getting sessions for all scopes...
2026-05-19 08:43:20.428 [info] Got 1 sessions for ...
2026-05-19 08:43:20.431 [info] Getting sessions for all scopes...
2026-05-19 08:43:20.431 [info] Got 1 sessions for ...
2026-05-19 08:44:26.557 [info] Getting sessions for all scopes...
2026-05-19 08:44:26.557 [info] Got 1 sessions for ...
2026-05-19 08:44:26.559 [info] Getting sessions for all scopes...
2026-05-19 08:44:26.559 [info] Got 1 sessions for ...
2026-05-19 08:45:24.228 [info] Getting sessions for all scopes...
2026-05-19 08:45:24.228 [info] Got 1 sessions for ...
2026-05-19 08:45:24.230 [info] Getting sessions for all scopes...
2026-05-19 08:45:24.230 [info] Got 1 sessions for ...
2026-05-19 08:51:21.203 [info] Getting sessions for all scopes...
2026-05-19 08:51:21.203 [info] Got 1 sessions for ...
2026-05-19 08:51:21.252 [info] Getting sessions for all scopes...
2026-05-19 08:51:21.252 [info] Got 1 sessions for ...
2026-05-19 08:52:17.657 [info] Getting sessions for all scopes...
2026-05-19 08:52:17.657 [info] Got 1 sessions for ...
2026-05-19 08:52:17.671 [info] Getting sessions for all scopes...
2026-05-19 08:52:17.671 [info] Got 1 sessions for ...
2026-05-19 08:52:40.277 [info] Getting sessions for all scopes...
2026-05-19 08:52:40.277 [info] Got 1 sessions for ...
2026-05-19 08:52:40.309 [info] Getting sessions for all scopes...
2026-05-19 08:52:40.309 [info] Got 1 sessions for ...
2026-05-19 08:52:59.573 [info] Getting sessions for all scopes...
2026-05-19 08:52:59.573 [info] Got 1 sessions for ...
2026-05-19 08:52:59.612 [info] Getting sessions for all scopes...
2026-05-19 08:52:59.612 [info] Got 1 sessions for ...
2026-05-19 08:54:02.194 [info] Getting sessions for all scopes...
2026-05-19 08:54:02.194 [info] Got 1 sessions for ...
2026-05-19 08:54:02.222 [info] Getting sessions for all scopes...
2026-05-19 08:54:02.222 [info] Got 1 sessions for ...
2026-05-19 08:54:27.936 [info] Getting sessions for all scopes...
2026-05-19 08:54:27.936 [info] Got 1 sessions for ...
2026-05-19 08:54:27.966 [info] Getting sessions for all scopes...
2026-05-19 08:54:27.966 [info] Got 1 sessions for ...
2026-05-19 08:54:42.760 [info] Getting sessions for all scopes...
2026-05-19 08:54:42.760 [info] Got 1 sessions for ...
2026-05-19 08:54:42.798 [info] Getting sessions for all scopes...
2026-05-19 08:54:42.798 [info] Got 1 sessions for ...
2026-05-19 08:54:53.813 [info] Getting sessions for all scopes...
2026-05-19 08:54:53.814 [info] Got 1 sessions for ...
2026-05-19 08:54:53.844 [info] Getting sessions for all scopes...
2026-05-19 08:54:53.844 [info] Got 1 sessions for ...
2026-05-19 08:55:34.702 [info] Getting sessions for all scopes...
2026-05-19 08:55:34.702 [info] Got 1 sessions for ...
2026-05-19 08:55:34.728 [info] Getting sessions for all scopes...
2026-05-19 08:55:34.728 [info] Got 1 sessions for ...
2026-05-19 08:56:02.240 [info] Getting sessions for all scopes...
2026-05-19 08:56:02.240 [info] Got 1 sessions for ...
2026-05-19 08:56:02.286 [info] Getting sessions for all scopes...
2026-05-19 08:56:02.286 [info] Got 1 sessions for ...
2026-05-19 08:56:46.568 [info] Getting sessions for all scopes...
2026-05-19 08:56:46.569 [info] Got 1 sessions for ...
2026-05-19 08:56:46.571 [info] Getting sessions for all scopes...
2026-05-19 08:56:46.571 [info] Got 1 sessions for ...
2026-05-19 08:57:16.865 [info] Getting sessions for all scopes...
2026-05-19 08:57:16.866 [info] Got 1 sessions for ...
2026-05-19 08:57:16.883 [info] Getting sessions for all scopes...
2026-05-19 08:57:16.883 [info] Got 1 sessions for ...
2026-05-19 08:57:23.519 [info] Getting sessions for all scopes...
2026-05-19 08:57:23.520 [info] Got 1 sessions for ...
2026-05-19 08:57:23.535 [info] Getting sessions for all scopes...
2026-05-19 08:57:23.535 [info] Got 1 sessions for ...
2026-05-19 08:57:39.686 [info] Getting sessions for all scopes...
2026-05-19 08:57:39.686 [info] Got 1 sessions for ...
2026-05-19 08:57:39.713 [info] Getting sessions for all scopes...
2026-05-19 08:57:39.713 [info] Got 1 sessions for ...
2026-05-19 08:57:57.606 [info] Getting sessions for all scopes...
2026-05-19 08:57:57.606 [info] Got 1 sessions for ...
2026-05-19 08:57:57.643 [info] Getting sessions for all scopes...
2026-05-19 08:57:57.644 [info] Got 1 sessions for ...
2026-05-19 08:58:18.937 [info] Getting sessions for all scopes...
2026-05-19 08:58:18.937 [info] Got 1 sessions for ...
2026-05-19 08:58:18.968 [info] Getting sessions for all scopes...
2026-05-19 08:58:18.968 [info] Got 1 sessions for ...
2026-05-19 08:58:44.739 [info] Getting sessions for all scopes...
2026-05-19 08:58:44.739 [info] Got 1 sessions for ...
2026-05-19 08:58:44.752 [info] Getting sessions for all scopes...
2026-05-19 08:58:44.752 [info] Got 1 sessions for ...
2026-05-19 08:59:30.510 [info] Getting sessions for all scopes...
2026-05-19 08:59:30.510 [info] Got 1 sessions for ...
2026-05-19 08:59:30.546 [info] Getting sessions for all scopes...
2026-05-19 08:59:30.547 [info] Got 1 sessions for ...
2026-05-19 08:59:59.910 [info] Getting sessions for all scopes...
2026-05-19 08:59:59.910 [info] Got 1 sessions for ...
2026-05-19 08:59:59.946 [info] Getting sessions for all scopes...
2026-05-19 08:59:59.946 [info] Got 1 sessions for ...
2026-05-19 09:00:30.611 [info] Getting sessions for all scopes...
2026-05-19 09:00:30.611 [info] Got 1 sessions for ...
2026-05-19 09:00:30.645 [info] Getting sessions for all scopes...
2026-05-19 09:00:30.645 [info] Got 1 sessions for ...
2026-05-19 09:00:56.874 [info] Getting sessions for all scopes...
2026-05-19 09:00:56.874 [info] Got 1 sessions for ...
2026-05-19 09:00:56.905 [info] Getting sessions for all scopes...
2026-05-19 09:00:56.905 [info] Got 1 sessions for ...
2026-05-19 09:01:22.380 [info] Getting sessions for all scopes...
2026-05-19 09:01:22.380 [info] Got 1 sessions for ...
2026-05-19 09:01:22.390 [info] Getting sessions for all scopes...
2026-05-19 09:01:22.390 [info] Got 1 sessions for ...
2026-05-19 09:01:35.120 [info] Getting sessions for all scopes...
2026-05-19 09:01:35.120 [info] Got 1 sessions for ...
2026-05-19 09:01:35.139 [info] Getting sessions for all scopes...
2026-05-19 09:01:35.139 [info] Got 1 sessions for ...
2026-05-19 09:01:43.719 [info] Getting sessions for all scopes...
2026-05-19 09:01:43.719 [info] Got 1 sessions for ...
2026-05-19 09:01:43.724 [info] Getting sessions for read:user,repo,user:email,workflow...
2026-05-19 09:01:43.724 [info] Got 1 sessions for read:user,repo,user:email,workflow...
2026-05-19 09:01:44.415 [info] Getting sessions for all scopes...
2026-05-19 09:01:44.415 [info] Got 1 sessions for ...
2026-05-19 09:01:44.416 [info] Getting sessions for all scopes...
2026-05-19 09:01:44.416 [info] Got 1 sessions for ...
2026-05-19 09:01:44.418 [info] Getting sessions for read:user,repo,user:email,workflow...
2026-05-19 09:01:44.418 [info] Got 1 sessions for read:user,repo,user:email,workflow...
2026-05-19 09:01:44.497 [info] Getting sessions for all scopes...
2026-05-19 09:01:44.497 [info] Got 1 sessions for ...
2026-05-19 09:01:44.497 [info] Getting sessions for all scopes...
2026-05-19 09:01:44.497 [info] Got 1 sessions for ...
2026-05-19 09:01:44.524 [info] Getting sessions for read:user,repo,user:email,workflow...
2026-05-19 09:01:44.524 [info] Got 1 sessions for read:user,repo,user:email,workflow...
2026-05-19 09:05:18.031 [info] Getting sessions for all scopes...
2026-05-19 09:05:18.032 [info] Got 1 sessions for ...
2026-05-19 09:05:18.042 [info] Getting sessions for all scopes...
2026-05-19 09:05:18.042 [info] Got 1 sessions for ...
2026-05-19 09:06:24.967 [info] Getting sessions for all scopes...
2026-05-19 09:06:24.971 [info] Got 1 sessions for ...
2026-05-19 09:06:24.996 [info] Getting sessions for all scopes...
2026-05-19 09:06:24.996 [info] Got 1 sessions for ...
2026-05-19 09:07:07.043 [info] Getting sessions for all scopes...
2026-05-19 09:07:07.043 [info] Got 1 sessions for ...
2026-05-19 09:07:07.062 [info] Getting sessions for all scopes...
2026-05-19 09:07:07.062 [info] Got 1 sessions for ...
2026-05-19 09:07:32.055 [info] Getting sessions for all scopes...
2026-05-19 09:07:32.055 [info] Got 1 sessions for ...
2026-05-19 09:07:32.096 [info] Getting sessions for all scopes...
2026-05-19 09:07:32.096 [info] Got 1 sessions for ...
2026-05-19 09:07:47.210 [info] Getting sessions for all scopes...
2026-05-19 09:07:47.210 [info] Got 1 sessions for ...
2026-05-19 09:07:47.260 [info] Getting sessions for all scopes...
2026-05-19 09:07:47.260 [info] Got 1 sessions for ...
2026-05-19 09:07:57.910 [info] Getting sessions for all scopes...
2026-05-19 09:07:57.910 [info] Got 1 sessions for ...
2026-05-19 09:07:57.946 [info] Getting sessions for all scopes...
2026-05-19 09:07:57.946 [info] Got 1 sessions for ...
2026-05-19 09:08:13.791 [info] Getting sessions for all scopes...
2026-05-19 09:08:13.791 [info] Got 1 sessions for ...
2026-05-19 09:08:13.813 [info] Getting sessions for all scopes...
2026-05-19 09:08:13.813 [info] Got 1 sessions for ...
2026-05-19 09:08:25.602 [info] Getting sessions for all scopes...
2026-05-19 09:08:25.602 [info] Got 1 sessions for ...
2026-05-19 09:08:25.614 [info] Getting sessions for all scopes...
2026-05-19 09:08:25.614 [info] Got 1 sessions for ...
2026-05-19 09:08:27.213 [info] Getting sessions for all scopes...
2026-05-19 09:08:27.213 [info] Got 1 sessions for ...
2026-05-19 09:08:27.226 [info] Getting sessions for all scopes...
2026-05-19 09:08:27.226 [info] Got 1 sessions for ...
2026-05-19 09:08:49.422 [info] Getting sessions for all scopes...
2026-05-19 09:08:49.422 [info] Got 1 sessions for ...
2026-05-19 09:08:49.449 [info] Getting sessions for all scopes...
2026-05-19 09:08:49.449 [info] Got 1 sessions for ...
2026-05-19 09:47:09.658 [info] Getting sessions for all scopes...
2026-05-19 09:47:09.658 [info] Got 1 sessions for ...
2026-05-19 09:47:09.681 [info] Getting sessions for all scopes...
2026-05-19 09:47:09.681 [info] Got 1 sessions for ...
2026-05-19 09:47:11.631 [info] Getting sessions for all scopes...
2026-05-19 09:47:11.631 [info] Got 1 sessions for ...
2026-05-19 09:47:11.631 [info] Getting sessions for all scopes...
2026-05-19 09:47:11.631 [info] Got 1 sessions for ...
2026-05-19 09:47:11.634 [info] Getting sessions for read:user,repo,user:email,workflow...
2026-05-19 09:47:11.634 [info] Got 1 sessions for read:user,repo,user:email,workflow...
2026-05-19 09:47:11.670 [info] Getting sessions for all scopes...
2026-05-19 09:47:11.671 [info] Got 1 sessions for ...
2026-05-19 09:47:11.691 [info] Getting sessions for read:user,repo,user:email,workflow...
2026-05-19 09:47:11.691 [info] Got 1 sessions for read:user,repo,user:email,workflow...
2026-05-19 09:47:12.274 [info] Getting sessions for all scopes...
2026-05-19 09:47:12.274 [info] Got 1 sessions for ...
2026-05-19 09:47:12.274 [info] Getting sessions for all scopes...
2026-05-19 09:47:12.274 [info] Got 1 sessions for ...
2026-05-19 09:47:12.277 [info] Getting sessions for read:user,repo,user:email,workflow...
2026-05-19 09:47:12.278 [info] Got 1 sessions for read:user,repo,user:email,workflow...
2026-05-19 09:47:12.290 [info] Getting sessions for all scopes...
2026-05-19 09:47:12.290 [info] Got 1 sessions for ...
2026-05-19 09:47:12.290 [info] Getting sessions for all scopes...
2026-05-19 09:47:12.290 [info] Got 1 sessions for ...
2026-05-19 09:47:12.292 [info] Getting sessions for read:user,repo,user:email,workflow...
2026-05-19 09:47:12.292 [info] Got 1 sessions for read:user,repo,user:email,workflow...
2026-05-19 09:47:12.447 [info] Getting sessions for all scopes...
2026-05-19 09:47:12.447 [info] Got 1 sessions for ...
2026-05-19 09:47:12.447 [info] Getting sessions for all scopes...
2026-05-19 09:47:12.447 [info] Got 1 sessions for ...
2026-05-19 09:47:12.450 [info] Getting sessions for read:user,repo,user:email,workflow...
2026-05-19 09:47:12.450 [info] Got 1 sessions for read:user,repo,user:email,workflow...
2026-05-19 09:47:12.454 [info] Getting sessions for all scopes...
2026-05-19 09:47:12.454 [info] Got 1 sessions for ...
2026-05-19 09:47:12.457 [info] Getting sessions for read:user,repo,user:email,workflow...
2026-05-19 09:47:12.457 [info] Got 1 sessions for read:user,repo,user:email,workflow...
2026-05-19 09:47:12.674 [info] Getting sessions for all scopes...
2026-05-19 09:47:12.675 [info] Got 1 sessions for ...
2026-05-19 09:47:12.677 [info] Getting sessions for read:user,repo,user:email,workflow...
2026-05-19 09:47:12.677 [info] Got 1 sessions for read:user,repo,user:email,workflow...
2026-05-19 09:47:12.852 [info] Getting sessions for all scopes...
2026-05-19 09:47:12.852 [info] Got 1 sessions for ...
2026-05-19 09:47:12.852 [info] Getting sessions for all scopes...
2026-05-19 09:47:12.852 [info] Got 1 sessions for ...
2026-05-19 09:47:12.855 [info] Getting sessions for read:user,repo,user:email,workflow...
2026-05-19 09:47:12.855 [info] Got 1 sessions for read:user,repo,user:email,workflow...
2026-05-19 09:47:12.871 [info] Getting sessions for all scopes...
2026-05-19 09:47:12.871 [info] Got 1 sessions for ...
2026-05-19 09:47:12.871 [info] Getting sessions for all scopes...
2026-05-19 09:47:12.871 [info] Got 1 sessions for ...
2026-05-19 09:47:12.876 [info] Getting sessions for read:user,repo,user:email,workflow...
2026-05-19 09:47:12.876 [info] Got 1 sessions for read:user,repo,user:email,workflow...
2026-05-19 09:47:13.278 [info] Getting sessions for all scopes...
2026-05-19 09:47:13.278 [info] Got 1 sessions for ...
2026-05-19 09:47:13.294 [info] Getting sessions for read:user,repo,user:email,workflow...
2026-05-19 09:47:13.294 [info] Got 1 sessions for read:user,repo,user:email,workflow...
2026-05-19 09:47:15.937 [info] Getting sessions for all scopes...
2026-05-19 09:47:15.937 [info] Got 1 sessions for ...
2026-05-19 09:47:15.952 [info] Getting sessions for all scopes...
2026-05-19 09:47:15.952 [info] Got 1 sessions for ...
2026-05-19 09:47:32.323 [info] Getting sessions for all scopes...
2026-05-19 09:47:32.323 [info] Got 1 sessions for ...
2026-05-19 09:47:32.348 [info] Getting sessions for all scopes...
2026-05-19 09:47:32.348 [info] Got 1 sessions for ...
2026-05-19 09:47:43.617 [info] Getting sessions for all scopes...
2026-05-19 09:47:43.617 [info] Got 1 sessions for ...
2026-05-19 09:47:43.623 [info] Getting sessions for all scopes...
2026-05-19 09:47:43.623 [info] Got 1 sessions for ...
2026-05-19 09:49:11.428 [info] Getting sessions for all scopes...
2026-05-19 09:49:11.428 [info] Got 1 sessions for ...
2026-05-19 09:49:11.460 [info] Getting sessions for all scopes...
2026-05-19 09:49:11.460 [info] Got 1 sessions for ...
2026-05-19 09:49:16.182 [info] Getting sessions for all scopes...
2026-05-19 09:49:16.183 [info] Got 1 sessions for ...
2026-05-19 09:49:16.210 [info] Getting sessions for all scopes...
2026-05-19 09:49:16.210 [info] Got 1 sessions for ...
2026-05-19 09:49:17.671 [info] Getting sessions for all scopes...
2026-05-19 09:49:17.671 [info] Got 1 sessions for ...
2026-05-19 09:49:17.705 [info] Getting sessions for all scopes...
2026-05-19 09:49:17.705 [info] Got 1 sessions for ...
2026-05-19 09:49:18.586 [info] Getting sessions for all scopes...
2026-05-19 09:49:18.586 [info] Got 1 sessions for ...
2026-05-19 09:49:18.622 [info] Getting sessions for all scopes...
2026-05-19 09:49:18.622 [info] Got 1 sessions for ...
2026-05-19 09:49:59.807 [info] Getting sessions for all scopes...
2026-05-19 09:49:59.807 [info] Got 1 sessions for ...
2026-05-19 09:49:59.851 [info] Getting sessions for all scopes...
2026-05-19 09:49:59.851 [info] Got 1 sessions for ...
2026-05-19 09:50:11.116 [info] Getting sessions for all scopes...
2026-05-19 09:50:11.116 [info] Got 1 sessions for ...
2026-05-19 09:50:11.155 [info] Getting sessions for all scopes...
2026-05-19 09:50:11.155 [info] Got 1 sessions for ...
2026-05-19 09:51:13.372 [info] Getting sessions for all scopes...
2026-05-19 09:51:13.372 [info] Got 1 sessions for ...
2026-05-19 09:51:13.391 [info] Getting sessions for all scopes...
2026-05-19 09:51:13.391 [info] Got 1 sessions for ...
2026-05-19 09:51:20.530 [info] Getting sessions for all scopes...
2026-05-19 09:51:20.530 [info] Got 1 sessions for ...
2026-05-19 09:51:20.547 [info] Getting sessions for all scopes...
2026-05-19 09:51:20.547 [info] Got 1 sessions for ...
2026-05-19 09:51:20.913 [info] Getting sessions for all scopes...
2026-05-19 09:51:20.913 [info] Got 1 sessions for ...
2026-05-19 09:51:20.928 [info] Getting sessions for all scopes...
2026-05-19 09:51:20.928 [info] Got 1 sessions for ...
2026-05-19 09:51:53.559 [info] Getting sessions for all scopes...
2026-05-19 09:51:53.559 [info] Got 1 sessions for ...
2026-05-19 09:51:53.580 [info] Getting sessions for all scopes...
2026-05-19 09:51:53.580 [info] Got 1 sessions for ...
2026-05-19 09:53:40.262 [info] Getting sessions for all scopes...
2026-05-19 09:53:40.263 [info] Got 1 sessions for ...
2026-05-19 09:53:40.289 [info] Getting sessions for all scopes...
2026-05-19 09:53:40.289 [info] Got 1 sessions for ...
2026-05-19 09:56:06.747 [info] Getting sessions for all scopes...
2026-05-19 09:56:06.747 [info] Got 1 sessions for ...
2026-05-19 09:56:06.810 [info] Getting sessions for all scopes...
2026-05-19 09:56:06.810 [info] Got 1 sessions for ...
2026-05-19 09:56:20.030 [info] Getting sessions for all scopes...
2026-05-19 09:56:20.031 [info] Got 1 sessions for ...
2026-05-19 09:56:20.044 [info] Getting sessions for all scopes...
2026-05-19 09:56:20.044 [info] Got 1 sessions for ...
2026-05-19 09:56:36.654 [info] Getting sessions for all scopes...
2026-05-19 09:56:36.654 [info] Got 1 sessions for ...
2026-05-19 09:56:36.689 [info] Getting sessions for all scopes...
2026-05-19 09:56:36.689 [info] Got 1 sessions for ...
2026-05-19 09:56:55.642 [info] Getting sessions for all scopes...
2026-05-19 09:56:55.642 [info] Got 1 sessions for ...
2026-05-19 09:56:55.661 [info] Getting sessions for all scopes...
2026-05-19 09:56:55.661 [info] Got 1 sessions for ...
2026-05-19 09:57:34.712 [info] Getting sessions for all scopes...
2026-05-19 09:57:34.713 [info] Got 1 sessions for ...
2026-05-19 09:57:34.743 [info] Getting sessions for all scopes...
2026-05-19 09:57:34.743 [info] Got 1 sessions for ...
2026-05-19 09:58:20.279 [info] Getting sessions for all scopes...
2026-05-19 09:58:20.280 [info] Got 1 sessions for ...
2026-05-19 09:58:20.323 [info] Getting sessions for all scopes...
2026-05-19 09:58:20.323 [info] Got 1 sessions for ...
2026-05-19 09:58:31.825 [info] Getting sessions for all scopes...
2026-05-19 09:58:31.825 [info] Got 1 sessions for ...
2026-05-19 09:58:31.862 [info] Getting sessions for all scopes...
2026-05-19 09:58:31.862 [info] Got 1 sessions for ...
2026-05-19 09:58:48.055 [info] Getting sessions for all scopes...
2026-05-19 09:58:48.055 [info] Got 1 sessions for ...
2026-05-19 09:58:48.056 [info] Getting sessions for all scopes...
2026-05-19 09:58:48.056 [info] Got 1 sessions for ...
2026-05-19 09:59:01.740 [info] Getting sessions for all scopes...
2026-05-19 09:59:01.740 [info] Got 1 sessions for ...
2026-05-19 09:59:01.774 [info] Getting sessions for all scopes...
2026-05-19 09:59:01.774 [info] Got 1 sessions for ...
2026-05-19 09:59:11.743 [info] Getting sessions for all scopes...
2026-05-19 09:59:11.744 [info] Got 1 sessions for ...
2026-05-19 09:59:11.756 [info] Getting sessions for all scopes...
2026-05-19 09:59:11.756 [info] Got 1 sessions for ...
2026-05-19 10:00:07.219 [info] Getting sessions for all scopes...
2026-05-19 10:00:07.219 [info] Got 1 sessions for ...
2026-05-19 10:00:07.247 [info] Getting sessions for all scopes...
2026-05-19 10:00:07.247 [info] Got 1 sessions for ...
2026-05-19 10:00:19.199 [info] Getting sessions for all scopes...
2026-05-19 10:00:19.199 [info] Got 1 sessions for ...
2026-05-19 10:00:19.207 [info] Getting sessions for all scopes...
2026-05-19 10:00:19.207 [info] Got 1 sessions for ...
2026-05-19 10:00:22.106 [info] Getting sessions for all scopes...
2026-05-19 10:00:22.106 [info] Got 1 sessions for ...
2026-05-19 10:00:22.129 [info] Getting sessions for all scopes...
2026-05-19 10:00:22.129 [info] Got 1 sessions for ...
2026-05-19 10:00:58.952 [info] Getting sessions for all scopes...
2026-05-19 10:00:58.952 [info] Got 1 sessions for ...
2026-05-19 10:00:58.963 [info] Getting sessions for all scopes...
2026-05-19 10:00:58.963 [info] Got 1 sessions for ...
2026-05-19 10:01:01.491 [info] Getting sessions for all scopes...
2026-05-19 10:01:01.492 [info] Got 1 sessions for ...
2026-05-19 10:01:01.516 [info] Getting sessions for all scopes...
2026-05-19 10:01:01.516 [info] Got 1 sessions for ...
2026-05-19 10:01:04.561 [info] Getting sessions for all scopes...
2026-05-19 10:01:04.561 [info] Got 1 sessions for ...
2026-05-19 10:01:04.586 [info] Getting sessions for all scopes...
2026-05-19 10:01:04.586 [info] Got 1 sessions for ...
2026-05-19 10:01:11.075 [info] Getting sessions for all scopes...
2026-05-19 10:01:11.076 [info] Got 1 sessions for ...
2026-05-19 10:01:11.116 [info] Getting sessions for all scopes...
2026-05-19 10:01:11.116 [info] Got 1 sessions for ...
2026-05-19 10:01:21.134 [info] Getting sessions for all scopes...
2026-05-19 10:01:21.135 [info] Got 1 sessions for ...
2026-05-19 10:01:21.181 [info] Getting sessions for all scopes...
2026-05-19 10:01:21.181 [info] Got 1 sessions for ...
2026-05-19 10:01:21.968 [info] Getting sessions for all scopes...
2026-05-19 10:01:21.968 [info] Got 1 sessions for ...
2026-05-19 10:01:22.002 [info] Getting sessions for all scopes...
2026-05-19 10:01:22.002 [info] Got 1 sessions for ...
2026-05-19 10:01:26.018 [info] Getting sessions for all scopes...
2026-05-19 10:01:26.018 [info] Got 1 sessions for ...
2026-05-19 10:01:26.052 [info] Getting sessions for all scopes...
2026-05-19 10:01:26.052 [info] Got 1 sessions for ...
2026-05-19 10:05:30.626 [info] Getting sessions for all scopes...
2026-05-19 10:05:30.628 [info] Got 1 sessions for ...
2026-05-19 10:05:30.645 [info] Getting sessions for all scopes...
2026-05-19 10:05:30.645 [info] Got 1 sessions for ...
2026-05-19 10:06:04.667 [info] Getting sessions for all scopes...
2026-05-19 10:06:04.667 [info] Got 1 sessions for ...
2026-05-19 10:06:04.695 [info] Getting sessions for all scopes...
2026-05-19 10:06:04.695 [info] Got 1 sessions for ...
2026-05-19 10:06:18.857 [info] Getting sessions for all scopes...
2026-05-19 10:06:18.858 [info] Got 1 sessions for ...
2026-05-19 10:06:18.866 [info] Getting sessions for all scopes...
2026-05-19 10:06:18.867 [info] Got 1 sessions for ...
2026-05-19 10:08:15.111 [info] Getting sessions for all scopes...
2026-05-19 10:08:15.111 [info] Got 1 sessions for ...
2026-05-19 10:08:15.114 [info] Getting sessions for read:user,repo,user:email,workflow...
2026-05-19 10:08:15.114 [info] Got 1 sessions for read:user,repo,user:email,workflow...
2026-05-19 10:08:15.721 [info] Getting sessions for all scopes...
2026-05-19 10:08:15.721 [info] Got 1 sessions for ...
2026-05-19 10:08:15.723 [info] Getting sessions for all scopes...
2026-05-19 10:08:15.723 [info] Got 1 sessions for ...
2026-05-19 10:08:15.731 [info] Getting sessions for read:user,repo,user:email,workflow...
2026-05-19 10:08:15.731 [info] Got 1 sessions for read:user,repo,user:email,workflow...
2026-05-19 10:08:15.770 [info] Getting sessions for all scopes...
2026-05-19 10:08:15.770 [info] Got 1 sessions for ...
2026-05-19 10:08:15.771 [info] Getting sessions for all scopes...
2026-05-19 10:08:15.771 [info] Got 1 sessions for ...
2026-05-19 10:08:15.774 [info] Getting sessions for read:user,repo,user:email,workflow...
2026-05-19 10:08:15.774 [info] Got 1 sessions for read:user,repo,user:email,workflow...
2026-05-19 10:16:21.410 [info] Getting sessions for all scopes...
2026-05-19 10:16:21.410 [info] Got 1 sessions for ...
2026-05-19 10:16:21.430 [info] Getting sessions for all scopes...
2026-05-19 10:16:21.430 [info] Got 1 sessions for ...
2026-05-19 10:27:12.839 [info] Getting sessions for all scopes...
2026-05-19 10:27:12.839 [info] Got 1 sessions for ...
2026-05-19 10:27:12.879 [info] Getting sessions for all scopes...
2026-05-19 10:27:12.879 [info] Got 1 sessions for ...
2026-05-19 10:28:40.430 [info] Getting sessions for all scopes...
2026-05-19 10:28:40.430 [info] Got 1 sessions for ...
2026-05-19 10:28:40.436 [info] Getting sessions for all scopes...
2026-05-19 10:28:40.437 [info] Got 1 sessions for ...
2026-05-19 10:29:23.570 [info] Getting sessions for all scopes...
2026-05-19 10:29:23.570 [info] Got 1 sessions for ...
2026-05-19 10:29:23.571 [info] Getting sessions for read:user,repo,user:email,workflow...
2026-05-19 10:29:23.572 [info] Got 1 sessions for read:user,repo,user:email,workflow...
2026-05-19 10:29:24.102 [info] Getting sessions for all scopes...
2026-05-19 10:29:24.103 [info] Got 1 sessions for ...
2026-05-19 10:29:24.103 [info] Getting sessions for all scopes...
2026-05-19 10:29:24.103 [info] Got 1 sessions for ...
2026-05-19 10:29:24.105 [info] Getting sessions for read:user,repo,user:email,workflow...
2026-05-19 10:29:24.105 [info] Got 1 sessions for read:user,repo,user:email,workflow...
2026-05-19 10:29:24.118 [info] Getting sessions for all scopes...
2026-05-19 10:29:24.118 [info] Got 1 sessions for ...
2026-05-19 10:29:24.119 [info] Getting sessions for all scopes...
2026-05-19 10:29:24.119 [info] Got 1 sessions for ...
2026-05-19 10:29:24.120 [info] Getting sessions for read:user,repo,user:email,workflow...
2026-05-19 10:29:24.120 [info] Got 1 sessions for read:user,repo,user:email,workflow...
2026-05-19 10:30:55.131 [info] Getting sessions for all scopes...
2026-05-19 10:30:55.131 [info] Got 1 sessions for ...
2026-05-19 10:30:55.132 [info] Getting sessions for all scopes...
2026-05-19 10:30:55.132 [info] Got 1 sessions for ...
2026-05-19 10:31:49.100 [info] Getting sessions for all scopes...
2026-05-19 10:31:49.100 [info] Got 1 sessions for ...
2026-05-19 10:31:49.124 [info] Getting sessions for all scopes...
2026-05-19 10:31:49.124 [info] Got 1 sessions for ...
2026-05-19 10:33:02.939 [info] Getting sessions for all scopes...
2026-05-19 10:33:02.939 [info] Got 1 sessions for ...
2026-05-19 10:33:02.939 [info] Getting sessions for all scopes...
2026-05-19 10:33:02.939 [info] Got 1 sessions for ...
2026-05-19 10:33:02.941 [info] Getting sessions for read:user,repo,user:email,workflow...
2026-05-19 10:33:02.941 [info] Got 1 sessions for read:user,repo,user:email,workflow...
2026-05-19 10:33:48.005 [info] Getting sessions for all scopes...
2026-05-19 10:33:48.005 [info] Got 1 sessions for ...
2026-05-19 10:33:48.006 [info] Getting sessions for all scopes...
2026-05-19 10:33:48.006 [info] Got 1 sessions for ...
2026-05-19 10:33:48.007 [info] Getting sessions for read:user,repo,user:email,workflow...
2026-05-19 10:33:48.007 [info] Got 1 sessions for read:user,repo,user:email,workflow...
2026-05-19 10:34:41.892 [info] Getting sessions for all scopes...
2026-05-19 10:34:41.892 [info] Got 1 sessions for ...
2026-05-19 10:34:41.892 [info] Getting sessions for all scopes...
2026-05-19 10:34:41.893 [info] Got 1 sessions for ...
2026-05-19 10:34:41.894 [info] Getting sessions for read:user,repo,user:email,workflow...
2026-05-19 10:34:41.894 [info] Got 1 sessions for read:user,repo,user:email,workflow...
2026-05-19 10:40:02.504 [info] Getting sessions for all scopes...
2026-05-19 10:40:02.504 [info] Got 1 sessions for ...
2026-05-19 10:40:02.522 [info] Getting sessions for all scopes...
2026-05-19 10:40:02.523 [info] Got 1 sessions for ...
2026-05-19 10:41:08.822 [info] Getting sessions for all scopes...
2026-05-19 10:41:08.822 [info] Got 1 sessions for ...
2026-05-19 10:41:08.831 [info] Getting sessions for all scopes...
2026-05-19 10:41:08.831 [info] Got 1 sessions for ...
2026-05-19 10:47:38.512 [info] Getting sessions for all scopes...
2026-05-19 10:47:38.512 [info] Got 1 sessions for ...
2026-05-19 10:47:38.524 [info] Getting sessions for all scopes...
2026-05-19 10:47:38.524 [info] Got 1 sessions for ...
2026-05-19 10:49:38.612 [info] Getting sessions for all scopes...
2026-05-19 10:49:38.613 [info] Got 1 sessions for ...
2026-05-19 10:49:38.627 [info] Getting sessions for all scopes...
2026-05-19 10:49:38.627 [info] Got 1 sessions for ...
2026-05-19 10:50:34.710 [info] Getting sessions for all scopes...
2026-05-19 10:50:34.713 [info] Got 1 sessions for ...
2026-05-19 10:50:34.719 [info] Getting sessions for read:user,repo,user:email,workflow...
2026-05-19 10:50:34.719 [info] Got 1 sessions for read:user,repo,user:email,workflow...
2026-05-19 10:50:35.368 [info] Getting sessions for all scopes...
2026-05-19 10:50:35.368 [info] Got 1 sessions for ...
2026-05-19 10:50:35.368 [info] Getting sessions for all scopes...
2026-05-19 10:50:35.368 [info] Got 1 sessions for ...
2026-05-19 10:50:35.369 [info] Getting sessions for read:user,repo,user:email,workflow...
2026-05-19 10:50:35.369 [info] Got 1 sessions for read:user,repo,user:email,workflow...
2026-05-19 10:50:35.392 [info] Getting sessions for all scopes...
2026-05-19 10:50:35.392 [info] Got 1 sessions for ...
2026-05-19 10:50:35.392 [info] Getting sessions for all scopes...
2026-05-19 10:50:35.392 [info] Got 1 sessions for ...
2026-05-19 10:50:35.393 [info] Getting sessions for read:user,repo,user:email,workflow...
2026-05-19 10:50:35.393 [info] Got 1 sessions for read:user,repo,user:email,workflow...
2026-05-19 10:53:40.059 [info] Getting sessions for all scopes...
2026-05-19 10:53:40.059 [info] Got 1 sessions for ...
2026-05-19 10:53:40.073 [info] Getting sessions for all scopes...
2026-05-19 10:53:40.073 [info] Got 1 sessions for ...
2026-05-19 10:53:55.640 [info] Getting sessions for all scopes...
2026-05-19 10:53:55.640 [info] Got 1 sessions for ...
2026-05-19 10:53:55.641 [info] Getting sessions for all scopes...
2026-05-19 10:53:55.641 [info] Got 1 sessions for ...
2026-05-19 10:54:16.253 [info] Getting sessions for all scopes...
2026-05-19 10:54:16.253 [info] Got 1 sessions for ...
2026-05-19 10:54:16.254 [info] Getting sessions for read:user,repo,user:email,workflow...
2026-05-19 10:54:16.254 [info] Got 1 sessions for read:user,repo,user:email,workflow...
2026-05-19 10:54:24.423 [info] Getting sessions for all scopes...
2026-05-19 10:54:24.423 [info] Got 1 sessions for ...
2026-05-19 10:54:24.478 [info] Getting sessions for all scopes...
2026-05-19 10:54:24.478 [info] Got 1 sessions for ...
2026-05-19 10:55:20.801 [info] Getting sessions for all scopes...
2026-05-19 10:55:20.802 [info] Got 1 sessions for ...
2026-05-19 10:55:20.813 [info] Getting sessions for all scopes...
2026-05-19 10:55:20.813 [info] Got 1 sessions for ...
2026-05-19 10:55:44.926 [info] Getting sessions for all scopes...
2026-05-19 10:55:44.926 [info] Got 1 sessions for ...
2026-05-19 10:55:44.940 [info] Getting sessions for all scopes...
2026-05-19 10:55:44.940 [info] Got 1 sessions for ...
2026-05-19 10:55:54.770 [info] Getting sessions for all scopes...
2026-05-19 10:55:54.770 [info] Got 1 sessions for ...
2026-05-19 10:55:54.787 [info] Getting sessions for all scopes...
2026-05-19 10:55:54.787 [info] Got 1 sessions for ...
2026-05-19 10:56:05.866 [info] Getting sessions for all scopes...
2026-05-19 10:56:05.866 [info] Got 1 sessions for ...
2026-05-19 10:56:05.875 [info] Getting sessions for all scopes...
2026-05-19 10:56:05.875 [info] Got 1 sessions for ...
2026-05-19 10:56:24.684 [info] Getting sessions for all scopes...
2026-05-19 10:56:24.684 [info] Got 1 sessions for ...
2026-05-19 10:56:24.687 [info] Getting sessions for all scopes...
2026-05-19 10:56:24.687 [info] Got 1 sessions for ...
2026-05-19 10:56:43.884 [info] Getting sessions for all scopes...
2026-05-19 10:56:43.884 [info] Got 1 sessions for ...
2026-05-19 10:56:43.885 [info] Getting sessions for read:user,repo,user:email,workflow...
2026-05-19 10:56:43.885 [info] Got 1 sessions for read:user,repo,user:email,workflow...
2026-05-19 10:58:35.213 [info] Getting sessions for all scopes...
2026-05-19 10:58:35.214 [info] Got 1 sessions for ...
2026-05-19 10:58:35.222 [info] Getting sessions for all scopes...
2026-05-19 10:58:35.222 [info] Got 1 sessions for ...
2026-05-19 10:58:43.880 [info] Getting sessions for all scopes...
2026-05-19 10:58:43.880 [info] Got 1 sessions for ...
2026-05-19 10:58:43.913 [info] Getting sessions for all scopes...
2026-05-19 10:58:43.913 [info] Got 1 sessions for ...
2026-05-19 10:59:34.540 [info] Getting sessions for all scopes...
2026-05-19 10:59:34.540 [info] Got 1 sessions for ...
2026-05-19 10:59:34.584 [info] Getting sessions for all scopes...
2026-05-19 10:59:34.584 [info] Got 1 sessions for ...
2026-05-19 10:59:55.097 [info] Getting sessions for all scopes...
2026-05-19 10:59:55.097 [info] Got 1 sessions for ...
2026-05-19 10:59:55.104 [info] Getting sessions for all scopes...
2026-05-19 10:59:55.104 [info] Got 1 sessions for ...
2026-05-19 11:00:07.283 [info] Getting sessions for all scopes...
2026-05-19 11:00:07.284 [info] Got 1 sessions for ...
2026-05-19 11:00:07.294 [info] Getting sessions for all scopes...
2026-05-19 11:00:07.294 [info] Got 1 sessions for ...
2026-05-19 11:01:39.145 [info] Getting sessions for all scopes...
2026-05-19 11:01:39.145 [info] Got 1 sessions for ...
2026-05-19 11:01:39.153 [info] Getting sessions for all scopes...
2026-05-19 11:01:39.153 [info] Got 1 sessions for ...
2026-05-19 11:01:47.818 [info] Getting sessions for all scopes...
2026-05-19 11:01:47.818 [info] Got 1 sessions for ...
2026-05-19 11:01:47.819 [info] Getting sessions for read:user,repo,user:email,workflow...
2026-05-19 11:01:47.819 [info] Got 1 sessions for read:user,repo,user:email,workflow...
2026-05-19 11:02:12.117 [info] Getting sessions for all scopes...
2026-05-19 11:02:12.117 [info] Got 1 sessions for ...
2026-05-19 11:02:12.142 [info] Getting sessions for all scopes...
2026-05-19 11:02:12.142 [info] Got 1 sessions for ...
2026-05-19 11:02:21.932 [info] Getting sessions for all scopes...
2026-05-19 11:02:21.932 [info] Got 1 sessions for ...
2026-05-19 11:02:21.936 [info] Getting sessions for all scopes...
2026-05-19 11:02:21.936 [info] Got 1 sessions for ...
2026-05-19 11:02:29.057 [info] Getting sessions for all scopes...
2026-05-19 11:02:29.057 [info] Got 1 sessions for ...
2026-05-19 11:02:29.063 [info] Getting sessions for all scopes...
2026-05-19 11:02:29.063 [info] Got 1 sessions for ...
2026-05-19 11:02:34.345 [info] Getting sessions for all scopes...
2026-05-19 11:02:34.345 [info] Got 1 sessions for ...
2026-05-19 11:02:34.349 [info] Getting sessions for all scopes...
2026-05-19 11:02:34.349 [info] Got 1 sessions for ...
2026-05-19 11:02:44.372 [info] Getting sessions for all scopes...
2026-05-19 11:02:44.372 [info] Got 1 sessions for ...
2026-05-19 11:02:44.372 [info] Getting sessions for all scopes...
2026-05-19 11:02:44.372 [info] Got 1 sessions for ...
2026-05-19 11:03:02.713 [info] Getting sessions for all scopes...
2026-05-19 11:03:02.713 [info] Got 1 sessions for ...
2026-05-19 11:03:02.714 [info] Getting sessions for all scopes...
2026-05-19 11:03:02.714 [info] Got 1 sessions for ...
2026-05-19 11:03:04.246 [info] Getting sessions for all scopes...
2026-05-19 11:03:04.246 [info] Got 1 sessions for ...
2026-05-19 11:03:04.247 [info] Getting sessions for all scopes...
2026-05-19 11:03:04.247 [info] Got 1 sessions for ...
2026-05-19 11:03:04.877 [info] Getting sessions for all scopes...
2026-05-19 11:03:04.877 [info] Got 1 sessions for ...
2026-05-19 11:03:04.888 [info] Getting sessions for all scopes...
2026-05-19 11:03:04.888 [info] Got 1 sessions for ...
2026-05-19 11:03:05.504 [info] Getting sessions for all scopes...
2026-05-19 11:03:05.505 [info] Got 1 sessions for ...
2026-05-19 11:03:05.518 [info] Getting sessions for all scopes...
2026-05-19 11:03:05.518 [info] Got 1 sessions for ...
2026-05-19 11:03:06.013 [info] Getting sessions for all scopes...
2026-05-19 11:03:06.013 [info] Got 1 sessions for ...
2026-05-19 11:03:06.013 [info] Getting sessions for all scopes...
2026-05-19 11:03:06.013 [info] Got 1 sessions for ...
2026-05-19 11:04:27.797 [info] Getting sessions for all scopes...
2026-05-19 11:04:27.797 [info] Got 1 sessions for ...
2026-05-19 11:04:27.803 [info] Getting sessions for all scopes...
2026-05-19 11:04:27.803 [info] Got 1 sessions for ...
2026-05-19 11:08:18.685 [info] Getting sessions for all scopes...
2026-05-19 11:08:18.685 [info] Got 1 sessions for ...
2026-05-19 11:08:18.697 [info] Getting sessions for all scopes...
2026-05-19 11:08:18.697 [info] Got 1 sessions for ...
2026-05-19 11:08:41.637 [info] Getting sessions for all scopes...
2026-05-19 11:08:41.637 [info] Got 1 sessions for ...
2026-05-19 11:08:41.639 [info] Getting sessions for all scopes...
2026-05-19 11:08:41.639 [info] Got 1 sessions for ...
2026-05-19 11:08:57.554 [info] Getting sessions for all scopes...
2026-05-19 11:08:57.554 [info] Got 1 sessions for ...
2026-05-19 11:08:57.555 [info] Getting sessions for read:user,repo,user:email,workflow...
2026-05-19 11:08:57.555 [info] Got 1 sessions for read:user,repo,user:email,workflow...
2026-05-19 11:10:22.920 [info] Getting sessions for all scopes...
2026-05-19 11:10:22.921 [info] Got 1 sessions for ...
2026-05-19 11:10:22.940 [info] Getting sessions for all scopes...
2026-05-19 11:10:22.940 [info] Got 1 sessions for ...
2026-05-19 11:10:27.510 [info] Getting sessions for all scopes...
2026-05-19 11:10:27.510 [info] Got 1 sessions for ...
2026-05-19 11:10:27.522 [info] Getting sessions for all scopes...
2026-05-19 11:10:27.522 [info] Got 1 sessions for ...
2026-05-19 11:11:40.867 [info] Getting sessions for all scopes...
2026-05-19 11:11:40.867 [info] Got 1 sessions for ...
2026-05-19 11:11:40.879 [info] Getting sessions for read:user,repo,user:email,workflow...
2026-05-19 11:11:40.879 [info] Got 1 sessions for read:user,repo,user:email,workflow...
2026-05-19 11:11:41.373 [info] Getting sessions for all scopes...
2026-05-19 11:11:41.373 [info] Got 1 sessions for ...
2026-05-19 11:11:41.373 [info] Getting sessions for all scopes...
2026-05-19 11:11:41.373 [info] Got 1 sessions for ...
2026-05-19 11:11:41.374 [info] Getting sessions for read:user,repo,user:email,workflow...
2026-05-19 11:11:41.374 [info] Got 1 sessions for read:user,repo,user:email,workflow...
2026-05-19 11:11:41.393 [info] Getting sessions for all scopes...
2026-05-19 11:11:41.393 [info] Got 1 sessions for ...
2026-05-19 11:11:41.393 [info] Getting sessions for all scopes...
2026-05-19 11:11:41.393 [info] Got 1 sessions for ...
2026-05-19 11:11:41.394 [info] Getting sessions for read:user,repo,user:email,workflow...
2026-05-19 11:11:41.394 [info] Got 1 sessions for read:user,repo,user:email,workflow...
2026-05-19 11:21:57.855 [info] Getting sessions for all scopes...
2026-05-19 11:21:57.855 [info] Got 1 sessions for ...
2026-05-19 11:21:57.864 [info] Getting sessions for all scopes...
2026-05-19 11:21:57.864 [info] Got 1 sessions for ...
2026-05-19 11:22:07.113 [info] Getting sessions for all scopes...
2026-05-19 11:22:07.113 [info] Got 1 sessions for ...
2026-05-19 11:22:07.114 [info] Getting sessions for all scopes...
2026-05-19 11:22:07.114 [info] Got 1 sessions for ...
2026-05-19 11:26:57.768 [info] Getting sessions for all scopes...
2026-05-19 11:26:57.768 [info] Got 1 sessions for ...
2026-05-19 11:26:57.790 [info] Getting sessions for all scopes...
2026-05-19 11:26:57.790 [info] Got 1 sessions for ...
2026-05-19 11:27:15.107 [info] Getting sessions for all scopes...
2026-05-19 11:27:15.107 [info] Got 1 sessions for ...
2026-05-19 11:27:15.123 [info] Getting sessions for all scopes...
2026-05-19 11:27:15.123 [info] Got 1 sessions for ...
2026-05-19 11:30:08.716 [info] Getting sessions for all scopes...
2026-05-19 11:30:08.723 [info] Got 1 sessions for ...
2026-05-19 11:30:08.778 [info] Getting sessions for all scopes...
2026-05-19 11:30:08.778 [info] Got 1 sessions for ...
2026-05-19 11:30:47.691 [info] Getting sessions for all scopes...
2026-05-19 11:30:47.691 [info] Got 1 sessions for ...
2026-05-19 11:30:47.708 [info] Getting sessions for all scopes...
2026-05-19 11:30:47.708 [info] Got 1 sessions for ...
2026-05-19 11:31:04.055 [info] Getting sessions for all scopes...
2026-05-19 11:31:04.058 [info] Got 1 sessions for ...
2026-05-19 11:31:04.061 [info] Getting sessions for read:user,repo,user:email,workflow...
2026-05-19 11:31:04.061 [info] Got 1 sessions for read:user,repo,user:email,workflow...
2026-05-19 11:31:41.889 [info] Getting sessions for all scopes...
2026-05-19 11:31:41.890 [info] Got 1 sessions for ...
2026-05-19 11:31:41.921 [info] Getting sessions for all scopes...
2026-05-19 11:31:41.921 [info] Got 1 sessions for ...
