2026-05-18 08:43:43.420 [info] [main] Log level: Info
2026-05-18 08:43:43.420 [info] [main] Validating found git in: "git"
2026-05-18 08:43:43.420 [info] [main] Using git "2.54.0" from "git"
2026-05-18 08:43:43.420 [info] [Model][doInitialScan] Initial repository scan started
2026-05-18 08:43:43.420 [info] > git rev-parse --show-toplevel [12ms]
2026-05-18 08:43:43.420 [info] fatal: not a git repository (or any parent up to mount point /)
Stopping at filesystem boundary (GIT_DISCOVERY_ACROSS_FILESYSTEM not set).
2026-05-18 08:43:43.420 [info] > git rev-parse --show-toplevel [53ms]
2026-05-18 08:43:43.420 [info] fatal: not a git repository (or any parent up to mount point /)
Stopping at filesystem boundary (GIT_DISCOVERY_ACROSS_FILESYSTEM not set).
2026-05-18 08:43:43.420 [info] > git rev-parse --show-toplevel [24ms]
2026-05-18 08:43:43.420 [info] fatal: not a git repository (or any parent up to mount point /)
Stopping at filesystem boundary (GIT_DISCOVERY_ACROSS_FILESYSTEM not set).
2026-05-18 08:43:43.432 [info] > git rev-parse --show-toplevel [7ms]
2026-05-18 08:43:43.432 [info] fatal: not a git repository (or any parent up to mount point /)
Stopping at filesystem boundary (GIT_DISCOVERY_ACROSS_FILESYSTEM not set).
2026-05-18 08:43:43.615 [info] > git rev-parse --show-toplevel [30ms]
2026-05-18 08:43:43.615 [info] fatal: not a git repository (or any parent up to mount point /)
Stopping at filesystem boundary (GIT_DISCOVERY_ACROSS_FILESYSTEM not set).
2026-05-18 08:43:43.638 [info] > git rev-parse --show-toplevel [15ms]
2026-05-18 08:43:43.638 [info] fatal: not a git repository (or any parent up to mount point /)
Stopping at filesystem boundary (GIT_DISCOVERY_ACROSS_FILESYSTEM not set).
2026-05-18 08:43:43.656 [info] > git rev-parse --show-toplevel [2ms]
2026-05-18 08:43:43.656 [info] fatal: not a git repository (or any parent up to mount point /)
Stopping at filesystem boundary (GIT_DISCOVERY_ACROSS_FILESYSTEM not set).
2026-05-18 08:43:43.666 [info] > git rev-parse --show-toplevel [3ms]
2026-05-18 08:43:43.666 [info] fatal: not a git repository (or any parent up to mount point /)
Stopping at filesystem boundary (GIT_DISCOVERY_ACROSS_FILESYSTEM not set).
2026-05-18 08:43:43.673 [info] > git rev-parse --show-toplevel [3ms]
2026-05-18 08:43:43.686 [info] > git rev-parse --git-dir --git-common-dir --show-superproject-working-tree [4ms]
2026-05-18 08:43:43.729 [info] [Model][openRepository] Opened repository (path): /home/juan/projects/XDitor/neovim
2026-05-18 08:43:43.729 [info] [Model][openRepository] Opened repository (real path): /home/juan/projects/XDitor/neovim
2026-05-18 08:43:43.729 [info] [Model][openRepository] Opened repository (kind): repository
2026-05-18 08:43:43.752 [info] > git rev-parse --show-toplevel [3ms]
2026-05-18 08:43:43.752 [info] fatal: not a git repository (or any parent up to mount point /)
Stopping at filesystem boundary (GIT_DISCOVERY_ACROSS_FILESYSTEM not set).
2026-05-18 08:43:43.752 [info] [Model][doInitialScan] Initial repository scan completed - repositories (1), closed repositories (0), parent repositories (0), unsafe repositories (0)
2026-05-18 08:43:43.753 [info] > git config --get commit.template [11ms]
2026-05-18 08:43:43.753 [info] > git config --get --local core.virtualfilesystem [17ms]
2026-05-18 08:43:43.753 [warning] [Git][config] git config failed: Failed to execute git
2026-05-18 08:43:43.773 [info] > git for-each-ref --format=%(refname)%00%(upstream:short)%00%(objectname)%00%(upstream:track)%00%(upstream:remotename)%00%(upstream:remoteref) refs/heads/master refs/remotes/master [15ms]
2026-05-18 08:43:43.779 [warning] [Git][revParse] Unable to read file: ENOENT: no such file or directory, open '/home/juan/projects/XDitor/neovim/.git/refs/remotes/origin/master'
2026-05-18 08:43:43.780 [info] > git rev-parse refs/remotes/origin/master [1ms]
2026-05-18 08:43:43.825 [info] > git for-each-ref --sort -committerdate --format %(refname)%00%(objectname)%00%(*objectname) [35ms]
2026-05-18 08:43:43.900 [info] > git rev-parse --show-toplevel [2ms]
2026-05-18 08:43:43.900 [info] fatal: not a git repository (or any parent up to mount point /)
Stopping at filesystem boundary (GIT_DISCOVERY_ACROSS_FILESYSTEM not set).
2026-05-18 08:43:44.132 [info] > git rev-parse --show-toplevel [2ms]
2026-05-18 08:43:44.132 [info] fatal: not a git repository (or any parent up to mount point /)
Stopping at filesystem boundary (GIT_DISCOVERY_ACROSS_FILESYSTEM not set).
2026-05-18 08:43:44.177 [info] > git status -z -uall [392ms]
2026-05-18 08:43:44.195 [info] > git for-each-ref --format=%(refname)%00%(upstream:short)%00%(objectname)%00%(upstream:track)%00%(upstream:remotename)%00%(upstream:remoteref) refs/heads/master refs/remotes/master [8ms]
2026-05-18 08:43:44.203 [info] > git config --get --local branch.master.vscode-merge-base [4ms]
2026-05-18 08:43:44.206 [info] > git config --get commit.template [11ms]
2026-05-18 08:43:44.213 [info] > git for-each-ref --format=%(refname)%00%(upstream:short)%00%(objectname)%00%(upstream:track)%00%(upstream:remotename)%00%(upstream:remoteref) refs/heads/origin/master refs/remotes/origin/master [7ms]
2026-05-18 08:43:44.219 [info] > git merge-base refs/heads/master refs/remotes/origin/master [2ms]
2026-05-18 08:43:44.223 [info] > git for-each-ref --format=%(refname)%00%(upstream:short)%00%(objectname)%00%(upstream:track)%00%(upstream:remotename)%00%(upstream:remoteref) refs/heads/master refs/remotes/master [11ms]
2026-05-18 08:43:44.229 [warning] [Git][revParse] Unable to read file: ENOENT: no such file or directory, open '/home/juan/projects/XDitor/neovim/.git/refs/remotes/origin/master'
2026-05-18 08:43:44.229 [info] > git diff --raw --numstat --diff-filter=ADMR -z --find-renames=50% 7d99104058fd2653903830c2b39b42d80092e646...refs/remotes/origin/master -- [7ms]
2026-05-18 08:43:44.230 [info] > git rev-parse refs/remotes/origin/master [2ms]
2026-05-18 08:43:44.242 [info] > git for-each-ref --sort -committerdate --format %(refname)%00%(objectname)%00%(*objectname) [4ms]
2026-05-18 08:43:44.324 [info] > git check-ignore -v -z --stdin [9ms]
2026-05-18 08:43:44.371 [info] > git status -z -uall [138ms]
