2026-05-15 08:29:56.650 [info] cancelled
2026-05-15 08:29:56.660 [info] read schema from vscode: vscode://schemas/vscode-extensions
2026-05-15 08:29:56.704 [info] read schema from vscode: vscode://schemas/toolsParameters
2026-05-15 08:29:56.704 [info] read schema from vscode: vscode://schemas/settings/configurationDefaults
2026-05-15 08:29:56.802 [info] read schema from vscode: vscode://schemas/settings/resourceLanguage
2026-05-15 08:29:56.811 [info] read schema from vscode: vscode://schemas/token-styling
2026-05-15 08:29:56.811 [info] read schema from vscode: vscode://schemas/textmate-colors
2026-05-15 08:29:56.811 [info] read schema from vscode: vscode://schemas/workbench-colors
2026-05-15 08:29:57.691 [info] schema change detected vscode://schemas/settings/configurationDefaults
2026-05-15 08:29:57.696 [info] read schema from vscode: vscode://schemas/vscode-extensions
2026-05-15 08:29:57.717 [info] read schema from vscode: vscode://schemas/settings/configurationDefaults
2026-05-15 08:30:37.968 [info] schema change detected vscode://schemas/settings/configurationDefaults
2026-05-15 08:30:37.970 [info] read schema from vscode: vscode://schemas/vscode-extensions
2026-05-15 08:30:38.015 [info] read schema from vscode: vscode://schemas/toolsParameters
2026-05-15 08:30:38.015 [info] read schema from vscode: vscode://schemas/settings/configurationDefaults
2026-05-15 08:30:38.132 [info] read schema from vscode: vscode://schemas/settings/resourceLanguage
2026-05-15 08:30:38.139 [info] read schema from vscode: vscode://schemas/token-styling
2026-05-15 08:30:38.140 [info] read schema from vscode: vscode://schemas/textmate-colors
2026-05-15 08:30:38.141 [info] read schema from vscode: vscode://schemas/workbench-colors
2026-05-15 08:30:38.335 [info] schema change detected vscode://schemas/workbench-colors
2026-05-15 08:30:38.402 [info] cancelled
2026-05-15 08:30:38.403 [info] cancelled
2026-05-15 08:30:38.415 [info] read schema from vscode: vscode://schemas/vscode-extensions
2026-05-15 08:30:38.440 [info] read schema from vscode: vscode://schemas/settings/configurationDefaults
2026-05-15 08:30:38.532 [info] read schema from vscode: vscode://schemas/workbench-colors
2026-05-15 08:30:38.638 [info] schema change detected vscode://schemas/settings/configurationDefaults
2026-05-15 08:30:38.818 [info] cancelled
2026-05-15 08:30:38.819 [info] read schema from vscode: vscode://schemas/vscode-extensions
2026-05-15 08:30:38.838 [info] read schema from vscode: vscode://schemas/settings/configurationDefaults
2026-05-15 08:30:39.649 [info] schema change detected vscode://schemas/workbench-colors
2026-05-15 08:30:39.651 [info] read schema from vscode: vscode://schemas/vscode-extensions
2026-05-15 08:30:39.679 [info] read schema from vscode: vscode://schemas/settings/configurationDefaults
2026-05-15 08:30:39.781 [info] read schema from vscode: vscode://schemas/workbench-colors
2026-05-15 08:30:39.931 [info] schema change detected vscode://schemas/workbench-colors
2026-05-15 08:30:39.935 [info] read schema from vscode: vscode://schemas/vscode-extensions
2026-05-15 08:30:40.078 [info] read schema from vscode: vscode://schemas/settings/configurationDefaults
2026-05-15 08:30:40.149 [info] schema change detected vscode://schemas/workbench-colors
2026-05-15 08:30:40.170 [info] read schema from vscode: vscode://schemas/workbench-colors
