2026-05-16 15:51:25.534 [info] Reading sessions from keychain...
2026-05-16 15:51:25.534 [info] Getting sessions for all scopes...
2026-05-16 15:51:25.534 [info] Got stored sessions!
2026-05-16 15:51:25.534 [info] Got 1 verified sessions.
2026-05-16 15:51:25.534 [info] Got 1 sessions for ...
2026-05-16 15:51:25.534 [info] Getting sessions for all scopes...
2026-05-16 15:51:25.534 [info] Got 1 sessions for ...
2026-05-16 15:51:25.534 [info] Getting sessions for all scopes...
2026-05-16 15:51:25.534 [info] Got 1 sessions for ...
2026-05-16 15:51:25.589 [info] Getting sessions for all scopes...
2026-05-16 15:51:25.589 [info] Got 1 sessions for ...
2026-05-16 15:51:27.101 [info] Getting sessions for all scopes...
2026-05-16 15:51:27.101 [info] Got 1 sessions for ...
2026-05-16 15:51:51.521 [info] Getting sessions for all scopes...
2026-05-16 15:51:51.521 [info] Got 1 sessions for ...
2026-05-16 15:51:51.523 [info] Getting sessions for all scopes...
2026-05-16 15:51:51.523 [info] Got 1 sessions for ...
2026-05-16 15:52:02.183 [info] Getting sessions for all scopes...
2026-05-16 15:52:02.184 [info] Got 1 sessions for ...
2026-05-16 15:52:02.186 [info] Getting sessions for all scopes...
2026-05-16 15:52:02.186 [info] Got 1 sessions for ...
2026-05-16 15:52:02.537 [info] Getting sessions for all scopes...
2026-05-16 15:52:02.537 [info] Got 1 sessions for ...
2026-05-16 15:52:02.538 [info] Getting sessions for all scopes...
2026-05-16 15:52:02.538 [info] Got 1 sessions for ...
2026-05-16 15:52:03.609 [info] Getting sessions for all scopes...
2026-05-16 15:52:03.609 [info] Got 1 sessions for ...
2026-05-16 15:52:03.613 [info] Getting sessions for all scopes...
2026-05-16 15:52:03.613 [info] Got 1 sessions for ...
2026-05-16 15:52:07.569 [info] Reading sessions from keychain...
2026-05-16 15:52:07.580 [info] Getting sessions for all scopes...
2026-05-16 15:52:07.640 [info] Got stored sessions!
2026-05-16 15:52:07.640 [info] Got 1 verified sessions.
2026-05-16 15:52:07.640 [info] Got 1 sessions for ...
2026-05-16 15:52:07.640 [info] Getting sessions for all scopes...
2026-05-16 15:52:07.640 [info] Got 1 sessions for ...
2026-05-16 15:52:07.641 [info] Getting sessions for all scopes...
2026-05-16 15:52:07.641 [info] Got 1 sessions for ...
2026-05-16 15:52:07.641 [info] Getting sessions for all scopes...
2026-05-16 15:52:07.641 [info] Got 1 sessions for ...
2026-05-16 15:52:07.680 [info] Getting sessions for all scopes...
2026-05-16 15:52:07.680 [info] Got 1 sessions for ...
2026-05-16 15:52:08.912 [info] Getting sessions for all scopes...
2026-05-16 15:52:08.912 [info] Got 1 sessions for ...
2026-05-16 15:52:12.102 [info] Getting sessions for read:user,repo,user:email,workflow...
2026-05-16 15:52:12.102 [info] Got 1 sessions for read:user,repo,user:email,workflow...
2026-05-16 15:52:36.789 [info] Getting sessions for all scopes...
2026-05-16 15:52:36.790 [info] Got 1 sessions for ...
2026-05-16 15:52:36.793 [info] Getting sessions for all scopes...
2026-05-16 15:52:36.794 [info] Got 1 sessions for ...
2026-05-16 15:52:40.460 [info] Getting sessions for all scopes...
2026-05-16 15:52:40.460 [info] Got 1 sessions for ...
2026-05-16 15:52:40.461 [info] Getting sessions for all scopes...
2026-05-16 15:52:40.461 [info] Got 1 sessions for ...
2026-05-16 15:54:48.117 [info] Getting sessions for all scopes...
2026-05-16 15:54:48.117 [info] Got 1 sessions for ...
2026-05-16 15:54:48.119 [info] Getting sessions for all scopes...
2026-05-16 15:54:48.119 [info] Got 1 sessions for ...
2026-05-16 15:55:15.588 [info] Getting sessions for all scopes...
2026-05-16 15:55:15.588 [info] Got 1 sessions for ...
2026-05-16 15:55:15.590 [info] Getting sessions for all scopes...
2026-05-16 15:55:15.590 [info] Got 1 sessions for ...
2026-05-16 15:57:21.362 [info] Getting sessions for all scopes...
2026-05-16 15:57:21.362 [info] Got 1 sessions for ...
2026-05-16 15:57:21.364 [info] Getting sessions for all scopes...
2026-05-16 15:57:21.364 [info] Got 1 sessions for ...
2026-05-16 15:57:39.812 [info] Getting sessions for all scopes...
2026-05-16 15:57:39.812 [info] Got 1 sessions for ...
2026-05-16 15:57:39.813 [info] Getting sessions for all scopes...
2026-05-16 15:57:39.813 [info] Got 1 sessions for ...
2026-05-16 15:59:43.670 [info] Getting sessions for all scopes...
2026-05-16 15:59:43.670 [info] Got 1 sessions for ...
2026-05-16 15:59:43.671 [info] Getting sessions for all scopes...
2026-05-16 15:59:43.671 [info] Got 1 sessions for ...
2026-05-16 16:00:51.774 [info] Getting sessions for all scopes...
2026-05-16 16:00:51.774 [info] Got 1 sessions for ...
2026-05-16 16:00:51.776 [info] Getting sessions for all scopes...
2026-05-16 16:00:51.776 [info] Got 1 sessions for ...
2026-05-16 16:07:16.013 [info] Getting sessions for all scopes...
2026-05-16 16:07:16.014 [info] Got 1 sessions for ...
2026-05-16 16:07:16.015 [info] Getting sessions for all scopes...
2026-05-16 16:07:16.015 [info] Got 1 sessions for ...
2026-05-16 16:07:35.186 [info] Getting sessions for all scopes...
2026-05-16 16:07:35.187 [info] Got 1 sessions for ...
2026-05-16 16:07:35.188 [info] Getting sessions for all scopes...
2026-05-16 16:07:35.188 [info] Got 1 sessions for ...
2026-05-16 16:09:24.636 [info] Getting sessions for all scopes...
2026-05-16 16:09:24.636 [info] Got 1 sessions for ...
2026-05-16 16:09:24.637 [info] Getting sessions for all scopes...
2026-05-16 16:09:24.638 [info] Got 1 sessions for ...
