2026-05-19 08:40:29.904 [info] [getSessions] [all] starting
2026-05-19 08:40:29.904 [info] [getSessions] [all] returned 0 session(s)
2026-05-19 08:40:29.904 [info] [getSessions] [all] starting
2026-05-19 08:40:29.904 [info] [getSessions] [all] returned 0 session(s)
2026-05-19 08:40:29.904 [info] [getSessions] [all] starting
2026-05-19 08:40:29.904 [info] [getSessions] [all] returned 0 session(s)
2026-05-19 08:40:29.920 [info] [getSessions] [499b84ac-1321-427f-aa17-267ca6975798/.default offline_access] starting
2026-05-19 08:40:29.920 [info] [aebc6443-996d-45c2-90f0-388ff96faa56] Native Broker enabled: false
2026-05-19 08:40:29.929 [info] [getSessions] [499b84ac-1321-427f-aa17-267ca6975798/.default offline_access] returned 0 session(s)
2026-05-19 08:40:30.441 [info] [getSessions] [499b84ac-1321-427f-aa17-267ca6975798/.default offline_access] starting
2026-05-19 08:40:30.441 [info] [getSessions] [499b84ac-1321-427f-aa17-267ca6975798/.default offline_access] returned 0 session(s)
2026-05-19 09:01:44.416 [info] [getSessions] [499b84ac-1321-427f-aa17-267ca6975798/.default offline_access] starting
2026-05-19 09:01:44.417 [info] [getSessions] [499b84ac-1321-427f-aa17-267ca6975798/.default offline_access] returned 0 session(s)
2026-05-19 09:47:11.631 [info] [getSessions] [499b84ac-1321-427f-aa17-267ca6975798/.default offline_access] starting
2026-05-19 09:47:11.631 [info] [getSessions] [499b84ac-1321-427f-aa17-267ca6975798/.default offline_access] returned 0 session(s)
2026-05-19 09:47:12.275 [info] [getSessions] [499b84ac-1321-427f-aa17-267ca6975798/.default offline_access] starting
2026-05-19 09:47:12.275 [info] [getSessions] [499b84ac-1321-427f-aa17-267ca6975798/.default offline_access] returned 0 session(s)
2026-05-19 09:47:12.447 [info] [getSessions] [499b84ac-1321-427f-aa17-267ca6975798/.default offline_access] starting
2026-05-19 09:47:12.447 [info] [getSessions] [499b84ac-1321-427f-aa17-267ca6975798/.default offline_access] returned 0 session(s)
2026-05-19 09:47:12.853 [info] [getSessions] [499b84ac-1321-427f-aa17-267ca6975798/.default offline_access] starting
2026-05-19 09:47:12.853 [info] [getSessions] [499b84ac-1321-427f-aa17-267ca6975798/.default offline_access] returned 0 session(s)
2026-05-19 10:08:15.724 [info] [getSessions] [499b84ac-1321-427f-aa17-267ca6975798/.default offline_access] starting
2026-05-19 10:08:15.725 [info] [getSessions] [499b84ac-1321-427f-aa17-267ca6975798/.default offline_access] returned 0 session(s)
2026-05-19 10:29:24.103 [info] [getSessions] [499b84ac-1321-427f-aa17-267ca6975798/.default offline_access] starting
2026-05-19 10:29:24.104 [info] [getSessions] [499b84ac-1321-427f-aa17-267ca6975798/.default offline_access] returned 0 session(s)
2026-05-19 10:50:35.368 [info] [getSessions] [499b84ac-1321-427f-aa17-267ca6975798/.default offline_access] starting
2026-05-19 10:50:35.368 [info] [getSessions] [499b84ac-1321-427f-aa17-267ca6975798/.default offline_access] returned 0 session(s)
2026-05-19 11:11:41.373 [info] [getSessions] [499b84ac-1321-427f-aa17-267ca6975798/.default offline_access] starting
2026-05-19 11:11:41.373 [info] [getSessions] [499b84ac-1321-427f-aa17-267ca6975798/.default offline_access] returned 0 session(s)
2026-05-19 11:31:49.415 [info] Microsoft Authentication is deactivating...
