2026-05-19 11:32:02.815 [info] Python-envs extension version: 1.30.0
2026-05-19 11:32:02.815 [info] 
=== Python Envs Configuration Levels ===
2026-05-19 11:32:02.815 [info] {
  "section": "Python Envs Configuration Levels",
  "defaultEnvManager": {
    "workspaceFolderValue": "undefined",
    "workspaceValue": "undefined",
    "globalValue": "undefined",
    "defaultValue": "ms-python.python:venv"
  },
  "defaultPackageManager": {
    "workspaceFolderValue": "undefined",
    "workspaceValue": "undefined",
    "globalValue": "undefined",
    "defaultValue": "ms-python.python:pip"
  }
}
2026-05-19 11:32:02.815 [info] [pet] Starting Python Locator /home/juan/.vscode-oss/extensions/ms-python.python-2026.4.0-universal/python-env-tools/bin/pet server
2026-05-19 11:32:02.815 [info] Registering pyenv manager (environments will be discovered lazily)
2026-05-19 11:32:02.815 [info] Registering pipenv manager (environments will be discovered lazily)
2026-05-19 11:32:02.815 [info] Registering poetry manager (environments will be discovered lazily)
2026-05-19 11:32:02.815 [error] [pet] Process error: A system error occurred (spawn /home/juan/.vscode-oss/extensions/ms-python.python-2026.4.0-universal/python-env-tools/bin/pet ENOENT)
2026-05-19 11:32:02.815 [warning] [pet] Restarting Python Environment Tools (attempt 1/3, waiting 1000ms)
2026-05-19 11:32:03.835 [info] [pet] Starting Python Locator /home/juan/.vscode-oss/extensions/ms-python.python-2026.4.0-universal/python-env-tools/bin/pet server
2026-05-19 11:32:03.835 [info] [pet] Python Environment Tools restarted successfully
2026-05-19 11:32:03.837 [info] [pet] configure: Sending configuration update: {"workspaceDirectories":["/home/juan/projects/TermChat"],"environmentDirectories":["/home/juan/projects/TermChat/.venv","/home/juan/projects/TermChat/*/.venv"],"pipenvExecutable":"pipenv","poetryExecutable":"poetry","cacheDirectory":"/home/juan/.config/Code - OSS/User/globalStorage/ms-python.vscode-python-envs/pythonLocator"}
2026-05-19 11:32:03.838 [error] [pet] Process error: A system error occurred (spawn /home/juan/.vscode-oss/extensions/ms-python.python-2026.4.0-universal/python-env-tools/bin/pet ENOENT)
2026-05-19 11:32:33.842 [warning] [pet] Configure request timed out (attempt 1/2), will retry on next request without killing process
2026-05-19 11:32:33.843 [error] [pet] Error refreshing Request 'configure' timed out after 30000ms
2026-05-19 11:32:33.844 [info] Conda not found, turning off conda features. [M: Request 'configure' timed out after 30000ms
	at Timeout.<anonymous> (/home/juan/.vscode-oss/extensions/ms-python.vscode-python-envs-1.30.0-universal/dist/extension.js:2:551628)
	at listOnTimeout (node:internal/timers:585:17)
	at process.processTimers (node:internal/timers:521:7)] {
  method: 'configure'
}
2026-05-19 11:32:33.850 [info] [interpreterSelection] Applying initial environment selection for 1 workspace folder(s)
2026-05-19 11:32:33.850 [warning] [pet] Restarting Python Environment Tools (attempt 2/3, waiting 2000ms)
2026-05-19 11:32:35.863 [info] [pet] Starting Python Locator /home/juan/.vscode-oss/extensions/ms-python.python-2026.4.0-universal/python-env-tools/bin/pet server
2026-05-19 11:32:35.863 [info] [pet] Python Environment Tools restarted successfully
2026-05-19 11:32:35.864 [info] [pet] configure: Sending configuration update: {"workspaceDirectories":["/home/juan/projects/TermChat"],"environmentDirectories":["/home/juan/projects/TermChat/.venv","/home/juan/projects/TermChat/*/.venv"],"pipenvExecutable":"pipenv","poetryExecutable":"poetry","cacheDirectory":"/home/juan/.config/Code - OSS/User/globalStorage/ms-python.vscode-python-envs/pythonLocator"}
2026-05-19 11:32:35.865 [error] [pet] Process error: A system error occurred (spawn /home/juan/.vscode-oss/extensions/ms-python.python-2026.4.0-universal/python-env-tools/bin/pet ENOENT)
2026-05-19 11:33:05.865 [warning] [pet] Configure request timed out (attempt 1/2), will retry on next request without killing process
2026-05-19 11:33:05.865 [error] [pet] Error refreshing Request 'configure' timed out after 30000ms
2026-05-19 11:33:05.868 [error] [venv] Background initialization failed: [M: Request 'configure' timed out after 30000ms
	at Timeout.<anonymous> (/home/juan/.vscode-oss/extensions/ms-python.vscode-python-envs-1.30.0-universal/dist/extension.js:2:551628)
	at listOnTimeout (node:internal/timers:585:17)
	at process.processTimers (node:internal/timers:521:7)] {
  method: 'configure'
}
2026-05-19 11:33:05.870 [warning] [pet] Restarting Python Environment Tools (attempt 3/3, waiting 4000ms)
2026-05-19 11:33:09.883 [info] [pet] Starting Python Locator /home/juan/.vscode-oss/extensions/ms-python.python-2026.4.0-universal/python-env-tools/bin/pet server
2026-05-19 11:33:09.883 [info] [pet] Python Environment Tools restarted successfully
2026-05-19 11:33:09.884 [info] [pet] configure: Sending configuration update: {"workspaceDirectories":["/home/juan/projects/TermChat"],"environmentDirectories":["/home/juan/projects/TermChat/.venv","/home/juan/projects/TermChat/*/.venv"],"pipenvExecutable":"pipenv","poetryExecutable":"poetry","cacheDirectory":"/home/juan/.config/Code - OSS/User/globalStorage/ms-python.vscode-python-envs/pythonLocator"}
2026-05-19 11:33:09.885 [error] [pet] Process error: A system error occurred (spawn /home/juan/.vscode-oss/extensions/ms-python.python-2026.4.0-universal/python-env-tools/bin/pet ENOENT)
2026-05-19 11:33:39.886 [warning] [pet] Configure request timed out (attempt 1/2), will retry on next request without killing process
2026-05-19 11:33:39.887 [error] [pet] Error refreshing Request 'configure' timed out after 30000ms
2026-05-19 11:33:39.888 [warning] [pet] Server mode exhausted, falling back to JSON CLI for refresh
2026-05-19 11:33:39.897 [info] [pet] JSON CLI fallback refresh: /home/juan/.vscode-oss/extensions/ms-python.python-2026.4.0-universal/python-env-tools/bin/pet find --json /home/juan/projects/TermChat --cache-directory /home/juan/.config/Code - OSS/User/globalStorage/ms-python.vscode-python-envs/pythonLocator --pipenv-executable pipenv --poetry-executable poetry --environment-directories /home/juan/projects/TermChat/.venv --environment-directories /home/juan/projects/TermChat/*/.venv
2026-05-19 11:33:39.897 [error] [pet] JSON CLI fallback refresh failed: A system error occurred (spawn /home/juan/.vscode-oss/extensions/ms-python.python-2026.4.0-universal/python-env-tools/bin/pet ENOENT)
2026-05-19 11:33:39.899 [error] [system] Background initialization failed: [Error: spawn /home/juan/.vscode-oss/extensions/ms-python.python-2026.4.0-universal/python-env-tools/bin/pet ENOENT
	at ChildProcess._handle.onexit (node:internal/child_process:285:19)
	at onErrorNT (node:internal/child_process:483:16)
	at process.processTicksAndRejections (node:internal/process/task_queues:89:21)] {
  errno: -2,
  code: 'ENOENT',
  syscall: 'spawn /home/juan/.vscode-oss/extensions/ms-python.python-2026.4.0-universal/python-env-tools/bin/pet',
  path: '/home/juan/.vscode-oss/extensions/ms-python.python-2026.4.0-universal/python-env-tools/bin/pet',
  spawnargs: [
    'find',
    '--json',
    '/home/juan/projects/TermChat',
    '--cache-directory',
    '/home/juan/.config/Code - OSS/User/globalStorage/ms-python.vscode-python-envs/pythonLocator',
    '--pipenv-executable',
    'pipenv',
    '--poetry-executable',
    'poetry',
    '--environment-directories',
    '/home/juan/projects/TermChat/.venv',
    '--environment-directories',
    '/home/juan/projects/TermChat/*/.venv'
  ]
}
2026-05-19 11:33:39.900 [info] [SYS_GET] uri=/home/juan/projects/TermChat, normalizedKey=/home/juan/projects/TermChat, project=/home/juan/projects/TermChat, projectKey=/home/juan/projects/TermChat, mapKeys=[], directHit=false, projectHit=false, fallbackToGlobal=true, globalEnv=none
2026-05-19 11:33:39.906 [info] [interpreterSelection] TermChat: none (source: autoDiscovery)
2026-05-19 11:33:39.907 [warning] [pet] Server mode exhausted, falling back to JSON CLI for refresh
2026-05-19 11:33:39.917 [info] [pet] JSON CLI fallback refresh: /home/juan/.vscode-oss/extensions/ms-python.python-2026.4.0-universal/python-env-tools/bin/pet find --json /home/juan/projects/TermChat --cache-directory /home/juan/.config/Code - OSS/User/globalStorage/ms-python.vscode-python-envs/pythonLocator --pipenv-executable pipenv --poetry-executable poetry --environment-directories /home/juan/projects/TermChat/.venv --environment-directories /home/juan/projects/TermChat/*/.venv
2026-05-19 11:33:39.918 [error] [pet] JSON CLI fallback refresh failed: A system error occurred (spawn /home/juan/.vscode-oss/extensions/ms-python.python-2026.4.0-universal/python-env-tools/bin/pet ENOENT)
2026-05-19 11:33:39.919 [error] [interpreterSelection] Failed to set global environment: Error: spawn /home/juan/.vscode-oss/extensions/ms-python.python-2026.4.0-universal/python-env-tools/bin/pet ENOENT
2026-05-19 11:33:39.924 [warning] [pet] Server mode exhausted, falling back to JSON CLI for refresh
2026-05-19 11:33:39.932 [info] [pet] JSON CLI fallback refresh: /home/juan/.vscode-oss/extensions/ms-python.python-2026.4.0-universal/python-env-tools/bin/pet find --json /home/juan/projects/TermChat --cache-directory /home/juan/.config/Code - OSS/User/globalStorage/ms-python.vscode-python-envs/pythonLocator --pipenv-executable pipenv --poetry-executable poetry --environment-directories /home/juan/projects/TermChat/.venv --environment-directories /home/juan/projects/TermChat/*/.venv
2026-05-19 11:33:39.933 [error] [pet] JSON CLI fallback refresh failed: A system error occurred (spawn /home/juan/.vscode-oss/extensions/ms-python.python-2026.4.0-universal/python-env-tools/bin/pet ENOENT)
2026-05-19 11:33:39.934 [error] [venv] Background initialization failed: [Error: spawn /home/juan/.vscode-oss/extensions/ms-python.python-2026.4.0-universal/python-env-tools/bin/pet ENOENT
	at ChildProcess._handle.onexit (node:internal/child_process:285:19)
	at onErrorNT (node:internal/child_process:483:16)
	at process.processTicksAndRejections (node:internal/process/task_queues:89:21)] {
  errno: -2,
  code: 'ENOENT',
  syscall: 'spawn /home/juan/.vscode-oss/extensions/ms-python.python-2026.4.0-universal/python-env-tools/bin/pet',
  path: '/home/juan/.vscode-oss/extensions/ms-python.python-2026.4.0-universal/python-env-tools/bin/pet',
  spawnargs: [
    'find',
    '--json',
    '/home/juan/projects/TermChat',
    '--cache-directory',
    '/home/juan/.config/Code - OSS/User/globalStorage/ms-python.vscode-python-envs/pythonLocator',
    '--pipenv-executable',
    'pipenv',
    '--poetry-executable',
    'poetry',
    '--environment-directories',
    '/home/juan/projects/TermChat/.venv',
    '--environment-directories',
    '/home/juan/projects/TermChat/*/.venv'
  ]
}
2026-05-19 11:33:39.937 [warning] [pet] Server mode exhausted, falling back to JSON CLI for refresh
2026-05-19 11:33:39.949 [info] [pet] JSON CLI fallback refresh: /home/juan/.vscode-oss/extensions/ms-python.python-2026.4.0-universal/python-env-tools/bin/pet find --json /home/juan/projects/TermChat --cache-directory /home/juan/.config/Code - OSS/User/globalStorage/ms-python.vscode-python-envs/pythonLocator --pipenv-executable pipenv --poetry-executable poetry --environment-directories /home/juan/projects/TermChat/.venv --environment-directories /home/juan/projects/TermChat/*/.venv
2026-05-19 11:33:39.950 [error] [pet] JSON CLI fallback refresh failed: A system error occurred (spawn /home/juan/.vscode-oss/extensions/ms-python.python-2026.4.0-universal/python-env-tools/bin/pet ENOENT)
2026-05-19 11:33:39.951 [error] [venv] Background initialization failed: [Error: spawn /home/juan/.vscode-oss/extensions/ms-python.python-2026.4.0-universal/python-env-tools/bin/pet ENOENT
	at ChildProcess._handle.onexit (node:internal/child_process:285:19)
	at onErrorNT (node:internal/child_process:483:16)
	at process.processTicksAndRejections (node:internal/process/task_queues:89:21)] {
  errno: -2,
  code: 'ENOENT',
  syscall: 'spawn /home/juan/.vscode-oss/extensions/ms-python.python-2026.4.0-universal/python-env-tools/bin/pet',
  path: '/home/juan/.vscode-oss/extensions/ms-python.python-2026.4.0-universal/python-env-tools/bin/pet',
  spawnargs: [
    'find',
    '--json',
    '/home/juan/projects/TermChat',
    '--cache-directory',
    '/home/juan/.config/Code - OSS/User/globalStorage/ms-python.vscode-python-envs/pythonLocator',
    '--pipenv-executable',
    'pipenv',
    '--poetry-executable',
    'poetry',
    '--environment-directories',
    '/home/juan/projects/TermChat/.venv',
    '--environment-directories',
    '/home/juan/projects/TermChat/*/.venv'
  ]
}
2026-05-19 11:33:39.954 [warning] [pet] Server mode exhausted, falling back to JSON CLI for refresh
2026-05-19 11:33:39.959 [info] [pet] JSON CLI fallback refresh: /home/juan/.vscode-oss/extensions/ms-python.python-2026.4.0-universal/python-env-tools/bin/pet find --json /home/juan/projects/TermChat --cache-directory /home/juan/.config/Code - OSS/User/globalStorage/ms-python.vscode-python-envs/pythonLocator --pipenv-executable pipenv --poetry-executable poetry --environment-directories /home/juan/projects/TermChat/.venv --environment-directories /home/juan/projects/TermChat/*/.venv
2026-05-19 11:33:39.960 [error] [pet] JSON CLI fallback refresh failed: A system error occurred (spawn /home/juan/.vscode-oss/extensions/ms-python.python-2026.4.0-universal/python-env-tools/bin/pet ENOENT)
2026-05-19 11:33:39.960 [error] [venv] Background initialization failed: [Error: spawn /home/juan/.vscode-oss/extensions/ms-python.python-2026.4.0-universal/python-env-tools/bin/pet ENOENT
	at ChildProcess._handle.onexit (node:internal/child_process:285:19)
	at onErrorNT (node:internal/child_process:483:16)
	at process.processTicksAndRejections (node:internal/process/task_queues:89:21)] {
  errno: -2,
  code: 'ENOENT',
  syscall: 'spawn /home/juan/.vscode-oss/extensions/ms-python.python-2026.4.0-universal/python-env-tools/bin/pet',
  path: '/home/juan/.vscode-oss/extensions/ms-python.python-2026.4.0-universal/python-env-tools/bin/pet',
  spawnargs: [
    'find',
    '--json',
    '/home/juan/projects/TermChat',
    '--cache-directory',
    '/home/juan/.config/Code - OSS/User/globalStorage/ms-python.vscode-python-envs/pythonLocator',
    '--pipenv-executable',
    'pipenv',
    '--poetry-executable',
    'poetry',
    '--environment-directories',
    '/home/juan/projects/TermChat/.venv',
    '--environment-directories',
    '/home/juan/projects/TermChat/*/.venv'
  ]
}
2026-05-19 11:33:39.961 [warning] [pet] Server mode exhausted, falling back to JSON CLI for refresh
2026-05-19 11:33:39.969 [info] [pet] JSON CLI fallback refresh: /home/juan/.vscode-oss/extensions/ms-python.python-2026.4.0-universal/python-env-tools/bin/pet find --json /home/juan/projects/TermChat --cache-directory /home/juan/.config/Code - OSS/User/globalStorage/ms-python.vscode-python-envs/pythonLocator --pipenv-executable pipenv --poetry-executable poetry --environment-directories /home/juan/projects/TermChat/.venv --environment-directories /home/juan/projects/TermChat/*/.venv
2026-05-19 11:33:39.969 [error] [pet] JSON CLI fallback refresh failed: A system error occurred (spawn /home/juan/.vscode-oss/extensions/ms-python.python-2026.4.0-universal/python-env-tools/bin/pet ENOENT)
2026-05-19 11:33:39.970 [error] [venv] Background initialization failed: [Error: spawn /home/juan/.vscode-oss/extensions/ms-python.python-2026.4.0-universal/python-env-tools/bin/pet ENOENT
	at ChildProcess._handle.onexit (node:internal/child_process:285:19)
	at onErrorNT (node:internal/child_process:483:16)
	at process.processTicksAndRejections (node:internal/process/task_queues:89:21)] {
  errno: -2,
  code: 'ENOENT',
  syscall: 'spawn /home/juan/.vscode-oss/extensions/ms-python.python-2026.4.0-universal/python-env-tools/bin/pet',
  path: '/home/juan/.vscode-oss/extensions/ms-python.python-2026.4.0-universal/python-env-tools/bin/pet',
  spawnargs: [
    'find',
    '--json',
    '/home/juan/projects/TermChat',
    '--cache-directory',
    '/home/juan/.config/Code - OSS/User/globalStorage/ms-python.vscode-python-envs/pythonLocator',
    '--pipenv-executable',
    'pipenv',
    '--poetry-executable',
    'poetry',
    '--environment-directories',
    '/home/juan/projects/TermChat/.venv',
    '--environment-directories',
    '/home/juan/projects/TermChat/*/.venv'
  ]
}
2026-05-19 11:33:39.971 [warning] [pet] Server mode exhausted, falling back to JSON CLI for refresh
2026-05-19 11:33:39.976 [info] [pet] JSON CLI fallback refresh: /home/juan/.vscode-oss/extensions/ms-python.python-2026.4.0-universal/python-env-tools/bin/pet find --json /home/juan/projects/TermChat --cache-directory /home/juan/.config/Code - OSS/User/globalStorage/ms-python.vscode-python-envs/pythonLocator --pipenv-executable pipenv --poetry-executable poetry --environment-directories /home/juan/projects/TermChat/.venv --environment-directories /home/juan/projects/TermChat/*/.venv
2026-05-19 11:33:39.976 [error] [pet] JSON CLI fallback refresh failed: A system error occurred (spawn /home/juan/.vscode-oss/extensions/ms-python.python-2026.4.0-universal/python-env-tools/bin/pet ENOENT)
2026-05-19 11:33:39.980 [info] Refreshing pyenv environments
2026-05-19 11:33:39.980 [warning] [pet] Server mode exhausted, falling back to JSON CLI for refresh
2026-05-19 11:33:39.987 [info] [pet] JSON CLI fallback refresh: /home/juan/.vscode-oss/extensions/ms-python.python-2026.4.0-universal/python-env-tools/bin/pet find --json /home/juan/projects/TermChat --cache-directory /home/juan/.config/Code - OSS/User/globalStorage/ms-python.vscode-python-envs/pythonLocator --pipenv-executable pipenv --poetry-executable poetry --environment-directories /home/juan/projects/TermChat/.venv --environment-directories /home/juan/projects/TermChat/*/.venv
2026-05-19 11:33:39.988 [error] [pet] JSON CLI fallback refresh failed: A system error occurred (spawn /home/juan/.vscode-oss/extensions/ms-python.python-2026.4.0-universal/python-env-tools/bin/pet ENOENT)
2026-05-19 11:33:39.988 [error] Pyenv lazy initialization failed [Error: spawn /home/juan/.vscode-oss/extensions/ms-python.python-2026.4.0-universal/python-env-tools/bin/pet ENOENT
	at ChildProcess._handle.onexit (node:internal/child_process:285:19)
	at onErrorNT (node:internal/child_process:483:16)
	at process.processTicksAndRejections (node:internal/process/task_queues:89:21)] {
  errno: -2,
  code: 'ENOENT',
  syscall: 'spawn /home/juan/.vscode-oss/extensions/ms-python.python-2026.4.0-universal/python-env-tools/bin/pet',
  path: '/home/juan/.vscode-oss/extensions/ms-python.python-2026.4.0-universal/python-env-tools/bin/pet',
  spawnargs: [
    'find',
    '--json',
    '/home/juan/projects/TermChat',
    '--cache-directory',
    '/home/juan/.config/Code - OSS/User/globalStorage/ms-python.vscode-python-envs/pythonLocator',
    '--pipenv-executable',
    'pipenv',
    '--poetry-executable',
    'poetry',
    '--environment-directories',
    '/home/juan/projects/TermChat/.venv',
    '--environment-directories',
    '/home/juan/projects/TermChat/*/.venv'
  ]
}
2026-05-19 11:33:39.990 [info] Pipenv not found via settings, cache, or PATH
2026-05-19 11:33:39.990 [info] Refreshing pipenv environments
2026-05-19 11:33:39.991 [warning] [pet] Server mode exhausted, falling back to JSON CLI for refresh
2026-05-19 11:33:39.996 [info] [pet] JSON CLI fallback refresh: /home/juan/.vscode-oss/extensions/ms-python.python-2026.4.0-universal/python-env-tools/bin/pet find --json /home/juan/projects/TermChat --cache-directory /home/juan/.config/Code - OSS/User/globalStorage/ms-python.vscode-python-envs/pythonLocator --pipenv-executable pipenv --poetry-executable poetry --environment-directories /home/juan/projects/TermChat/.venv --environment-directories /home/juan/projects/TermChat/*/.venv
2026-05-19 11:33:39.996 [error] [pet] JSON CLI fallback refresh failed: A system error occurred (spawn /home/juan/.vscode-oss/extensions/ms-python.python-2026.4.0-universal/python-env-tools/bin/pet ENOENT)
2026-05-19 11:33:39.997 [error] Pipenv lazy initialization failed [Error: spawn /home/juan/.vscode-oss/extensions/ms-python.python-2026.4.0-universal/python-env-tools/bin/pet ENOENT
	at ChildProcess._handle.onexit (node:internal/child_process:285:19)
	at onErrorNT (node:internal/child_process:483:16)
	at process.processTicksAndRejections (node:internal/process/task_queues:89:21)] {
  errno: -2,
  code: 'ENOENT',
  syscall: 'spawn /home/juan/.vscode-oss/extensions/ms-python.python-2026.4.0-universal/python-env-tools/bin/pet',
  path: '/home/juan/.vscode-oss/extensions/ms-python.python-2026.4.0-universal/python-env-tools/bin/pet',
  spawnargs: [
    'find',
    '--json',
    '/home/juan/projects/TermChat',
    '--cache-directory',
    '/home/juan/.config/Code - OSS/User/globalStorage/ms-python.vscode-python-envs/pythonLocator',
    '--pipenv-executable',
    'pipenv',
    '--poetry-executable',
    'poetry',
    '--environment-directories',
    '/home/juan/projects/TermChat/.venv',
    '--environment-directories',
    '/home/juan/projects/TermChat/*/.venv'
  ]
}
2026-05-19 11:33:40.001 [info] Refreshing poetry environments
2026-05-19 11:33:40.002 [warning] [pet] Server mode exhausted, falling back to JSON CLI for refresh
2026-05-19 11:33:40.008 [info] [pet] JSON CLI fallback refresh: /home/juan/.vscode-oss/extensions/ms-python.python-2026.4.0-universal/python-env-tools/bin/pet find --json /home/juan/projects/TermChat --cache-directory /home/juan/.config/Code - OSS/User/globalStorage/ms-python.vscode-python-envs/pythonLocator --pipenv-executable pipenv --poetry-executable poetry --environment-directories /home/juan/projects/TermChat/.venv --environment-directories /home/juan/projects/TermChat/*/.venv
2026-05-19 11:33:40.009 [error] [pet] JSON CLI fallback refresh failed: A system error occurred (spawn /home/juan/.vscode-oss/extensions/ms-python.python-2026.4.0-universal/python-env-tools/bin/pet ENOENT)
2026-05-19 11:33:40.009 [error] Poetry lazy initialization failed [Error: spawn /home/juan/.vscode-oss/extensions/ms-python.python-2026.4.0-universal/python-env-tools/bin/pet ENOENT
	at ChildProcess._handle.onexit (node:internal/child_process:285:19)
	at onErrorNT (node:internal/child_process:483:16)
	at process.processTicksAndRejections (node:internal/process/task_queues:89:21)] {
  errno: -2,
  code: 'ENOENT',
  syscall: 'spawn /home/juan/.vscode-oss/extensions/ms-python.python-2026.4.0-universal/python-env-tools/bin/pet',
  path: '/home/juan/.vscode-oss/extensions/ms-python.python-2026.4.0-universal/python-env-tools/bin/pet',
  spawnargs: [
    'find',
    '--json',
    '/home/juan/projects/TermChat',
    '--cache-directory',
    '/home/juan/.config/Code - OSS/User/globalStorage/ms-python.vscode-python-envs/pythonLocator',
    '--pipenv-executable',
    'pipenv',
    '--poetry-executable',
    'poetry',
    '--environment-directories',
    '/home/juan/projects/TermChat/.venv',
    '--environment-directories',
    '/home/juan/projects/TermChat/*/.venv'
  ]
}
2026-05-19 11:33:40.009 [warning] No Python environments were found. Try running "Python Environments: Run Python Environment Tool (PET) in Terminal..." from the Command Palette to diagnose. If environments should be detected, please report this: https://github.com/microsoft/vscode-python-environments/issues/new
