2026-05-19 11:55:39.399 [info] Python-envs extension version: 1.30.0
2026-05-19 11:55:39.399 [info] 
=== Python Envs Configuration Levels ===
2026-05-19 11:55:39.399 [info] {
  "section": "Python Envs Configuration Levels",
  "defaultEnvManager": {
    "workspaceFolderValue": "undefined",
    "workspaceValue": "undefined",
    "globalValue": "undefined",
    "defaultValue": "ms-python.python:venv"
  },
  "defaultPackageManager": {
    "workspaceFolderValue": "undefined",
    "workspaceValue": "undefined",
    "globalValue": "undefined",
    "defaultValue": "ms-python.python:pip"
  }
}
2026-05-19 11:55:39.399 [info] [pet] Starting Python Locator /home/juan/.vscode-oss/extensions/ms-python.python-2026.4.0-universal/python-env-tools/bin/pet server
2026-05-19 11:55:39.399 [info] Registering pyenv manager (environments will be discovered lazily)
2026-05-19 11:55:39.399 [info] Registering pipenv manager (environments will be discovered lazily)
2026-05-19 11:55:39.399 [info] Registering poetry manager (environments will be discovered lazily)
2026-05-19 11:55:39.399 [error] [pet] Process error: A system error occurred (spawn /home/juan/.vscode-oss/extensions/ms-python.python-2026.4.0-universal/python-env-tools/bin/pet ENOENT)
2026-05-19 11:55:39.399 [warning] [pet] Restarting Python Environment Tools (attempt 1/3, waiting 1000ms)
2026-05-19 11:55:40.575 [info] [pet] Starting Python Locator /home/juan/.vscode-oss/extensions/ms-python.python-2026.4.0-universal/python-env-tools/bin/pet server
2026-05-19 11:55:40.575 [info] [pet] Python Environment Tools restarted successfully
2026-05-19 11:55:40.579 [info] [pet] configure: Sending configuration update: {"workspaceDirectories":["/home/juan/projects/TermChat"],"environmentDirectories":["/home/juan/projects/TermChat/.venv","/home/juan/projects/TermChat/*/.venv"],"pipenvExecutable":"pipenv","poetryExecutable":"poetry","cacheDirectory":"/home/juan/.config/Code - OSS/User/globalStorage/ms-python.vscode-python-envs/pythonLocator"}
2026-05-19 11:55:40.579 [error] [pet] Process error: A system error occurred (spawn /home/juan/.vscode-oss/extensions/ms-python.python-2026.4.0-universal/python-env-tools/bin/pet ENOENT)
2026-05-19 11:56:10.582 [warning] [pet] Configure request timed out (attempt 1/2), will retry on next request without killing process
2026-05-19 11:56:10.583 [error] [pet] Error refreshing Request 'configure' timed out after 30000ms
2026-05-19 11:56:10.584 [info] Conda not found, turning off conda features. [M: Request 'configure' timed out after 30000ms
	at Timeout.<anonymous> (/home/juan/.vscode-oss/extensions/ms-python.vscode-python-envs-1.30.0-universal/dist/extension.js:2:551628)
	at listOnTimeout (node:internal/timers:585:17)
	at process.processTimers (node:internal/timers:521:7)] {
  method: 'configure'
}
2026-05-19 11:56:10.588 [info] [interpreterSelection] Applying initial environment selection for 1 workspace folder(s)
2026-05-19 11:56:10.589 [warning] [pet] Restarting Python Environment Tools (attempt 2/3, waiting 2000ms)
2026-05-19 11:56:12.604 [info] [pet] Starting Python Locator /home/juan/.vscode-oss/extensions/ms-python.python-2026.4.0-universal/python-env-tools/bin/pet server
2026-05-19 11:56:12.604 [info] [pet] Python Environment Tools restarted successfully
2026-05-19 11:56:12.605 [info] [pet] configure: Sending configuration update: {"workspaceDirectories":["/home/juan/projects/TermChat"],"environmentDirectories":["/home/juan/projects/TermChat/.venv","/home/juan/projects/TermChat/*/.venv"],"pipenvExecutable":"pipenv","poetryExecutable":"poetry","cacheDirectory":"/home/juan/.config/Code - OSS/User/globalStorage/ms-python.vscode-python-envs/pythonLocator"}
2026-05-19 11:56:12.606 [error] [pet] Process error: A system error occurred (spawn /home/juan/.vscode-oss/extensions/ms-python.python-2026.4.0-universal/python-env-tools/bin/pet ENOENT)
2026-05-19 11:56:42.608 [warning] [pet] Configure request timed out (attempt 1/2), will retry on next request without killing process
2026-05-19 11:56:42.608 [error] [pet] Error refreshing Request 'configure' timed out after 30000ms
2026-05-19 11:56:42.609 [error] [venv] Background initialization failed: [M: Request 'configure' timed out after 30000ms
	at Timeout.<anonymous> (/home/juan/.vscode-oss/extensions/ms-python.vscode-python-envs-1.30.0-universal/dist/extension.js:2:551628)
	at listOnTimeout (node:internal/timers:585:17)
	at process.processTimers (node:internal/timers:521:7)] {
  method: 'configure'
}
2026-05-19 11:56:42.611 [warning] [pet] Restarting Python Environment Tools (attempt 3/3, waiting 4000ms)
2026-05-19 11:56:46.624 [info] [pet] Starting Python Locator /home/juan/.vscode-oss/extensions/ms-python.python-2026.4.0-universal/python-env-tools/bin/pet server
2026-05-19 11:56:46.624 [info] [pet] Python Environment Tools restarted successfully
2026-05-19 11:56:46.626 [info] [pet] configure: Sending configuration update: {"workspaceDirectories":["/home/juan/projects/TermChat"],"environmentDirectories":["/home/juan/projects/TermChat/.venv","/home/juan/projects/TermChat/*/.venv"],"pipenvExecutable":"pipenv","poetryExecutable":"poetry","cacheDirectory":"/home/juan/.config/Code - OSS/User/globalStorage/ms-python.vscode-python-envs/pythonLocator"}
2026-05-19 11:56:46.626 [error] [pet] Process error: A system error occurred (spawn /home/juan/.vscode-oss/extensions/ms-python.python-2026.4.0-universal/python-env-tools/bin/pet ENOENT)
2026-05-19 11:57:16.631 [warning] [pet] Configure request timed out (attempt 1/2), will retry on next request without killing process
2026-05-19 11:57:16.631 [error] [pet] Error refreshing Request 'configure' timed out after 30000ms
2026-05-19 11:57:16.634 [warning] [pet] Server mode exhausted, falling back to JSON CLI for refresh
2026-05-19 11:57:16.647 [info] [pet] JSON CLI fallback refresh: /home/juan/.vscode-oss/extensions/ms-python.python-2026.4.0-universal/python-env-tools/bin/pet find --json /home/juan/projects/TermChat --cache-directory /home/juan/.config/Code - OSS/User/globalStorage/ms-python.vscode-python-envs/pythonLocator --pipenv-executable pipenv --poetry-executable poetry --environment-directories /home/juan/projects/TermChat/.venv --environment-directories /home/juan/projects/TermChat/*/.venv
2026-05-19 11:57:16.648 [error] [pet] JSON CLI fallback refresh failed: A system error occurred (spawn /home/juan/.vscode-oss/extensions/ms-python.python-2026.4.0-universal/python-env-tools/bin/pet ENOENT)
2026-05-19 11:57:16.649 [error] [system] Background initialization failed: [Error: spawn /home/juan/.vscode-oss/extensions/ms-python.python-2026.4.0-universal/python-env-tools/bin/pet ENOENT
	at ChildProcess._handle.onexit (node:internal/child_process:285:19)
	at onErrorNT (node:internal/child_process:483:16)
	at process.processTicksAndRejections (node:internal/process/task_queues:89:21)] {
  errno: -2,
  code: 'ENOENT',
  syscall: 'spawn /home/juan/.vscode-oss/extensions/ms-python.python-2026.4.0-universal/python-env-tools/bin/pet',
  path: '/home/juan/.vscode-oss/extensions/ms-python.python-2026.4.0-universal/python-env-tools/bin/pet',
  spawnargs: [
    'find',
    '--json',
    '/home/juan/projects/TermChat',
    '--cache-directory',
    '/home/juan/.config/Code - OSS/User/globalStorage/ms-python.vscode-python-envs/pythonLocator',
    '--pipenv-executable',
    'pipenv',
    '--poetry-executable',
    'poetry',
    '--environment-directories',
    '/home/juan/projects/TermChat/.venv',
    '--environment-directories',
    '/home/juan/projects/TermChat/*/.venv'
  ]
}
2026-05-19 11:57:16.650 [info] [SYS_GET] uri=/home/juan/projects/TermChat, normalizedKey=/home/juan/projects/TermChat, project=/home/juan/projects/TermChat, projectKey=/home/juan/projects/TermChat, mapKeys=[], directHit=false, projectHit=false, fallbackToGlobal=true, globalEnv=none
2026-05-19 11:57:16.653 [info] [interpreterSelection] TermChat: none (source: autoDiscovery)
2026-05-19 11:57:16.654 [warning] [pet] Server mode exhausted, falling back to JSON CLI for refresh
2026-05-19 11:57:16.664 [info] [pet] JSON CLI fallback refresh: /home/juan/.vscode-oss/extensions/ms-python.python-2026.4.0-universal/python-env-tools/bin/pet find --json /home/juan/projects/TermChat --cache-directory /home/juan/.config/Code - OSS/User/globalStorage/ms-python.vscode-python-envs/pythonLocator --pipenv-executable pipenv --poetry-executable poetry --environment-directories /home/juan/projects/TermChat/.venv --environment-directories /home/juan/projects/TermChat/*/.venv
2026-05-19 11:57:16.665 [error] [pet] JSON CLI fallback refresh failed: A system error occurred (spawn /home/juan/.vscode-oss/extensions/ms-python.python-2026.4.0-universal/python-env-tools/bin/pet ENOENT)
2026-05-19 11:57:16.665 [error] [interpreterSelection] Failed to set global environment: Error: spawn /home/juan/.vscode-oss/extensions/ms-python.python-2026.4.0-universal/python-env-tools/bin/pet ENOENT
2026-05-19 11:57:16.671 [warning] [pet] Server mode exhausted, falling back to JSON CLI for refresh
2026-05-19 11:57:16.682 [info] [pet] JSON CLI fallback refresh: /home/juan/.vscode-oss/extensions/ms-python.python-2026.4.0-universal/python-env-tools/bin/pet find --json /home/juan/projects/TermChat --cache-directory /home/juan/.config/Code - OSS/User/globalStorage/ms-python.vscode-python-envs/pythonLocator --pipenv-executable pipenv --poetry-executable poetry --environment-directories /home/juan/projects/TermChat/.venv --environment-directories /home/juan/projects/TermChat/*/.venv
2026-05-19 11:57:16.683 [error] [pet] JSON CLI fallback refresh failed: A system error occurred (spawn /home/juan/.vscode-oss/extensions/ms-python.python-2026.4.0-universal/python-env-tools/bin/pet ENOENT)
2026-05-19 11:57:16.683 [error] [venv] Background initialization failed: [Error: spawn /home/juan/.vscode-oss/extensions/ms-python.python-2026.4.0-universal/python-env-tools/bin/pet ENOENT
	at ChildProcess._handle.onexit (node:internal/child_process:285:19)
	at onErrorNT (node:internal/child_process:483:16)
	at process.processTicksAndRejections (node:internal/process/task_queues:89:21)] {
  errno: -2,
  code: 'ENOENT',
  syscall: 'spawn /home/juan/.vscode-oss/extensions/ms-python.python-2026.4.0-universal/python-env-tools/bin/pet',
  path: '/home/juan/.vscode-oss/extensions/ms-python.python-2026.4.0-universal/python-env-tools/bin/pet',
  spawnargs: [
    'find',
    '--json',
    '/home/juan/projects/TermChat',
    '--cache-directory',
    '/home/juan/.config/Code - OSS/User/globalStorage/ms-python.vscode-python-envs/pythonLocator',
    '--pipenv-executable',
    'pipenv',
    '--poetry-executable',
    'poetry',
    '--environment-directories',
    '/home/juan/projects/TermChat/.venv',
    '--environment-directories',
    '/home/juan/projects/TermChat/*/.venv'
  ]
}
2026-05-19 11:57:16.686 [warning] [pet] Server mode exhausted, falling back to JSON CLI for refresh
2026-05-19 11:57:16.699 [info] [pet] JSON CLI fallback refresh: /home/juan/.vscode-oss/extensions/ms-python.python-2026.4.0-universal/python-env-tools/bin/pet find --json /home/juan/projects/TermChat --cache-directory /home/juan/.config/Code - OSS/User/globalStorage/ms-python.vscode-python-envs/pythonLocator --pipenv-executable pipenv --poetry-executable poetry --environment-directories /home/juan/projects/TermChat/.venv --environment-directories /home/juan/projects/TermChat/*/.venv
2026-05-19 11:57:16.700 [error] [pet] JSON CLI fallback refresh failed: A system error occurred (spawn /home/juan/.vscode-oss/extensions/ms-python.python-2026.4.0-universal/python-env-tools/bin/pet ENOENT)
2026-05-19 11:57:16.700 [error] [venv] Background initialization failed: [Error: spawn /home/juan/.vscode-oss/extensions/ms-python.python-2026.4.0-universal/python-env-tools/bin/pet ENOENT
	at ChildProcess._handle.onexit (node:internal/child_process:285:19)
	at onErrorNT (node:internal/child_process:483:16)
	at process.processTicksAndRejections (node:internal/process/task_queues:89:21)] {
  errno: -2,
  code: 'ENOENT',
  syscall: 'spawn /home/juan/.vscode-oss/extensions/ms-python.python-2026.4.0-universal/python-env-tools/bin/pet',
  path: '/home/juan/.vscode-oss/extensions/ms-python.python-2026.4.0-universal/python-env-tools/bin/pet',
  spawnargs: [
    'find',
    '--json',
    '/home/juan/projects/TermChat',
    '--cache-directory',
    '/home/juan/.config/Code - OSS/User/globalStorage/ms-python.vscode-python-envs/pythonLocator',
    '--pipenv-executable',
    'pipenv',
    '--poetry-executable',
    'poetry',
    '--environment-directories',
    '/home/juan/projects/TermChat/.venv',
    '--environment-directories',
    '/home/juan/projects/TermChat/*/.venv'
  ]
}
2026-05-19 11:57:16.703 [warning] [pet] Server mode exhausted, falling back to JSON CLI for refresh
2026-05-19 11:57:16.714 [info] [pet] JSON CLI fallback refresh: /home/juan/.vscode-oss/extensions/ms-python.python-2026.4.0-universal/python-env-tools/bin/pet find --json /home/juan/projects/TermChat --cache-directory /home/juan/.config/Code - OSS/User/globalStorage/ms-python.vscode-python-envs/pythonLocator --pipenv-executable pipenv --poetry-executable poetry --environment-directories /home/juan/projects/TermChat/.venv --environment-directories /home/juan/projects/TermChat/*/.venv
2026-05-19 11:57:16.715 [error] [pet] JSON CLI fallback refresh failed: A system error occurred (spawn /home/juan/.vscode-oss/extensions/ms-python.python-2026.4.0-universal/python-env-tools/bin/pet ENOENT)
2026-05-19 11:57:16.716 [error] [venv] Background initialization failed: [Error: spawn /home/juan/.vscode-oss/extensions/ms-python.python-2026.4.0-universal/python-env-tools/bin/pet ENOENT
	at ChildProcess._handle.onexit (node:internal/child_process:285:19)
	at onErrorNT (node:internal/child_process:483:16)
	at process.processTicksAndRejections (node:internal/process/task_queues:89:21)] {
  errno: -2,
  code: 'ENOENT',
  syscall: 'spawn /home/juan/.vscode-oss/extensions/ms-python.python-2026.4.0-universal/python-env-tools/bin/pet',
  path: '/home/juan/.vscode-oss/extensions/ms-python.python-2026.4.0-universal/python-env-tools/bin/pet',
  spawnargs: [
    'find',
    '--json',
    '/home/juan/projects/TermChat',
    '--cache-directory',
    '/home/juan/.config/Code - OSS/User/globalStorage/ms-python.vscode-python-envs/pythonLocator',
    '--pipenv-executable',
    'pipenv',
    '--poetry-executable',
    'poetry',
    '--environment-directories',
    '/home/juan/projects/TermChat/.venv',
    '--environment-directories',
    '/home/juan/projects/TermChat/*/.venv'
  ]
}
2026-05-19 11:57:16.718 [warning] [pet] Server mode exhausted, falling back to JSON CLI for refresh
2026-05-19 11:57:16.729 [info] [pet] JSON CLI fallback refresh: /home/juan/.vscode-oss/extensions/ms-python.python-2026.4.0-universal/python-env-tools/bin/pet find --json /home/juan/projects/TermChat --cache-directory /home/juan/.config/Code - OSS/User/globalStorage/ms-python.vscode-python-envs/pythonLocator --pipenv-executable pipenv --poetry-executable poetry --environment-directories /home/juan/projects/TermChat/.venv --environment-directories /home/juan/projects/TermChat/*/.venv
2026-05-19 11:57:16.730 [error] [pet] JSON CLI fallback refresh failed: A system error occurred (spawn /home/juan/.vscode-oss/extensions/ms-python.python-2026.4.0-universal/python-env-tools/bin/pet ENOENT)
2026-05-19 11:57:16.731 [error] [venv] Background initialization failed: [Error: spawn /home/juan/.vscode-oss/extensions/ms-python.python-2026.4.0-universal/python-env-tools/bin/pet ENOENT
	at ChildProcess._handle.onexit (node:internal/child_process:285:19)
	at onErrorNT (node:internal/child_process:483:16)
	at process.processTicksAndRejections (node:internal/process/task_queues:89:21)] {
  errno: -2,
  code: 'ENOENT',
  syscall: 'spawn /home/juan/.vscode-oss/extensions/ms-python.python-2026.4.0-universal/python-env-tools/bin/pet',
  path: '/home/juan/.vscode-oss/extensions/ms-python.python-2026.4.0-universal/python-env-tools/bin/pet',
  spawnargs: [
    'find',
    '--json',
    '/home/juan/projects/TermChat',
    '--cache-directory',
    '/home/juan/.config/Code - OSS/User/globalStorage/ms-python.vscode-python-envs/pythonLocator',
    '--pipenv-executable',
    'pipenv',
    '--poetry-executable',
    'poetry',
    '--environment-directories',
    '/home/juan/projects/TermChat/.venv',
    '--environment-directories',
    '/home/juan/projects/TermChat/*/.venv'
  ]
}
2026-05-19 11:57:16.732 [warning] [pet] Server mode exhausted, falling back to JSON CLI for refresh
2026-05-19 11:57:16.744 [info] [pet] JSON CLI fallback refresh: /home/juan/.vscode-oss/extensions/ms-python.python-2026.4.0-universal/python-env-tools/bin/pet find --json /home/juan/projects/TermChat --cache-directory /home/juan/.config/Code - OSS/User/globalStorage/ms-python.vscode-python-envs/pythonLocator --pipenv-executable pipenv --poetry-executable poetry --environment-directories /home/juan/projects/TermChat/.venv --environment-directories /home/juan/projects/TermChat/*/.venv
2026-05-19 11:57:16.745 [error] [pet] JSON CLI fallback refresh failed: A system error occurred (spawn /home/juan/.vscode-oss/extensions/ms-python.python-2026.4.0-universal/python-env-tools/bin/pet ENOENT)
2026-05-19 11:57:16.755 [info] Refreshing pyenv environments
2026-05-19 11:57:16.756 [warning] [pet] Server mode exhausted, falling back to JSON CLI for refresh
2026-05-19 11:57:16.767 [info] [pet] JSON CLI fallback refresh: /home/juan/.vscode-oss/extensions/ms-python.python-2026.4.0-universal/python-env-tools/bin/pet find --json /home/juan/projects/TermChat --cache-directory /home/juan/.config/Code - OSS/User/globalStorage/ms-python.vscode-python-envs/pythonLocator --pipenv-executable pipenv --poetry-executable poetry --environment-directories /home/juan/projects/TermChat/.venv --environment-directories /home/juan/projects/TermChat/*/.venv
2026-05-19 11:57:16.768 [error] [pet] JSON CLI fallback refresh failed: A system error occurred (spawn /home/juan/.vscode-oss/extensions/ms-python.python-2026.4.0-universal/python-env-tools/bin/pet ENOENT)
2026-05-19 11:57:16.769 [error] Pyenv lazy initialization failed [Error: spawn /home/juan/.vscode-oss/extensions/ms-python.python-2026.4.0-universal/python-env-tools/bin/pet ENOENT
	at ChildProcess._handle.onexit (node:internal/child_process:285:19)
	at onErrorNT (node:internal/child_process:483:16)
	at process.processTicksAndRejections (node:internal/process/task_queues:89:21)] {
  errno: -2,
  code: 'ENOENT',
  syscall: 'spawn /home/juan/.vscode-oss/extensions/ms-python.python-2026.4.0-universal/python-env-tools/bin/pet',
  path: '/home/juan/.vscode-oss/extensions/ms-python.python-2026.4.0-universal/python-env-tools/bin/pet',
  spawnargs: [
    'find',
    '--json',
    '/home/juan/projects/TermChat',
    '--cache-directory',
    '/home/juan/.config/Code - OSS/User/globalStorage/ms-python.vscode-python-envs/pythonLocator',
    '--pipenv-executable',
    'pipenv',
    '--poetry-executable',
    'poetry',
    '--environment-directories',
    '/home/juan/projects/TermChat/.venv',
    '--environment-directories',
    '/home/juan/projects/TermChat/*/.venv'
  ]
}
2026-05-19 11:57:16.774 [info] Pipenv not found via settings, cache, or PATH
2026-05-19 11:57:16.775 [info] Refreshing pipenv environments
2026-05-19 11:57:16.776 [warning] [pet] Server mode exhausted, falling back to JSON CLI for refresh
2026-05-19 11:57:16.787 [info] [pet] JSON CLI fallback refresh: /home/juan/.vscode-oss/extensions/ms-python.python-2026.4.0-universal/python-env-tools/bin/pet find --json /home/juan/projects/TermChat --cache-directory /home/juan/.config/Code - OSS/User/globalStorage/ms-python.vscode-python-envs/pythonLocator --pipenv-executable pipenv --poetry-executable poetry --environment-directories /home/juan/projects/TermChat/.venv --environment-directories /home/juan/projects/TermChat/*/.venv
2026-05-19 11:57:16.787 [error] [pet] JSON CLI fallback refresh failed: A system error occurred (spawn /home/juan/.vscode-oss/extensions/ms-python.python-2026.4.0-universal/python-env-tools/bin/pet ENOENT)
2026-05-19 11:57:16.788 [error] Pipenv lazy initialization failed [Error: spawn /home/juan/.vscode-oss/extensions/ms-python.python-2026.4.0-universal/python-env-tools/bin/pet ENOENT
	at ChildProcess._handle.onexit (node:internal/child_process:285:19)
	at onErrorNT (node:internal/child_process:483:16)
	at process.processTicksAndRejections (node:internal/process/task_queues:89:21)] {
  errno: -2,
  code: 'ENOENT',
  syscall: 'spawn /home/juan/.vscode-oss/extensions/ms-python.python-2026.4.0-universal/python-env-tools/bin/pet',
  path: '/home/juan/.vscode-oss/extensions/ms-python.python-2026.4.0-universal/python-env-tools/bin/pet',
  spawnargs: [
    'find',
    '--json',
    '/home/juan/projects/TermChat',
    '--cache-directory',
    '/home/juan/.config/Code - OSS/User/globalStorage/ms-python.vscode-python-envs/pythonLocator',
    '--pipenv-executable',
    'pipenv',
    '--poetry-executable',
    'poetry',
    '--environment-directories',
    '/home/juan/projects/TermChat/.venv',
    '--environment-directories',
    '/home/juan/projects/TermChat/*/.venv'
  ]
}
2026-05-19 11:57:16.793 [info] Refreshing poetry environments
2026-05-19 11:57:16.794 [warning] [pet] Server mode exhausted, falling back to JSON CLI for refresh
2026-05-19 11:57:16.805 [info] [pet] JSON CLI fallback refresh: /home/juan/.vscode-oss/extensions/ms-python.python-2026.4.0-universal/python-env-tools/bin/pet find --json /home/juan/projects/TermChat --cache-directory /home/juan/.config/Code - OSS/User/globalStorage/ms-python.vscode-python-envs/pythonLocator --pipenv-executable pipenv --poetry-executable poetry --environment-directories /home/juan/projects/TermChat/.venv --environment-directories /home/juan/projects/TermChat/*/.venv
2026-05-19 11:57:16.805 [error] [pet] JSON CLI fallback refresh failed: A system error occurred (spawn /home/juan/.vscode-oss/extensions/ms-python.python-2026.4.0-universal/python-env-tools/bin/pet ENOENT)
2026-05-19 11:57:16.806 [error] Poetry lazy initialization failed [Error: spawn /home/juan/.vscode-oss/extensions/ms-python.python-2026.4.0-universal/python-env-tools/bin/pet ENOENT
	at ChildProcess._handle.onexit (node:internal/child_process:285:19)
	at onErrorNT (node:internal/child_process:483:16)
	at process.processTicksAndRejections (node:internal/process/task_queues:89:21)] {
  errno: -2,
  code: 'ENOENT',
  syscall: 'spawn /home/juan/.vscode-oss/extensions/ms-python.python-2026.4.0-universal/python-env-tools/bin/pet',
  path: '/home/juan/.vscode-oss/extensions/ms-python.python-2026.4.0-universal/python-env-tools/bin/pet',
  spawnargs: [
    'find',
    '--json',
    '/home/juan/projects/TermChat',
    '--cache-directory',
    '/home/juan/.config/Code - OSS/User/globalStorage/ms-python.vscode-python-envs/pythonLocator',
    '--pipenv-executable',
    'pipenv',
    '--poetry-executable',
    'poetry',
    '--environment-directories',
    '/home/juan/projects/TermChat/.venv',
    '--environment-directories',
    '/home/juan/projects/TermChat/*/.venv'
  ]
}
2026-05-19 11:57:16.806 [warning] No Python environments were found. Try running "Python Environments: Run Python Environment Tool (PET) in Terminal..." from the Command Palette to diagnose. If environments should be detected, please report this: https://github.com/microsoft/vscode-python-environments/issues/new
2026-05-19 12:22:07.319 [warning] [pet] Server mode exhausted, falling back to JSON CLI for refresh
2026-05-19 12:22:07.337 [info] [pet] JSON CLI fallback refresh: /home/juan/.vscode-oss/extensions/ms-python.python-2026.4.0-universal/python-env-tools/bin/pet find --json /home/juan/projects/TermChat --cache-directory /home/juan/.config/Code - OSS/User/globalStorage/ms-python.vscode-python-envs/pythonLocator --pipenv-executable pipenv --poetry-executable poetry --environment-directories /home/juan/projects/TermChat/.venv --environment-directories /home/juan/projects/TermChat/*/.venv
2026-05-19 12:22:07.338 [error] [pet] JSON CLI fallback refresh failed: A system error occurred (spawn /home/juan/.vscode-oss/extensions/ms-python.python-2026.4.0-universal/python-env-tools/bin/pet ENOENT)
