2026-05-16 15:13:39.487 [error] Failed to set Cloud Code URL on Language Server: Language server client has not been initialized!
2026-05-16 15:13:41.894 [info] [CloudCode] POST v1internal:loadCodeAssist traceId: 5826a6f490a34555
2026-05-16 15:13:42.108 [info] [CloudCode] POST v1internal:loadCodeAssist traceId: bdc749192ef76d76
2026-05-16 15:13:42.520 [info] [CloudCode] POST v1internal:loadCodeAssist traceId: 3f3159348f34c795
2026-05-16 15:13:42.599 [info] [CloudCode] POST v1internal:loadCodeAssist traceId: e13463c3bb195113
2026-05-16 15:13:43.221 [info] [CloudCode] POST v1internal:fetchAvailableModels traceId: 632629d69c55ed5c
2026-05-16 15:13:43.630 [info] [CloudCode] POST v1internal:onboardUser traceId: 2c3b91e66aef4364
2026-05-16 15:13:44.198 [info] [CloudCode] POST v1internal:loadCodeAssist traceId: eec62e5db197ca69
2026-05-16 15:13:44.617 [info] [CloudCode] POST v1internal:loadCodeAssist traceId: 9c2247e4ae4585ec
2026-05-16 15:13:45.027 [info] [CloudCode] POST v1internal:fetchAvailableModels traceId: 72eaed9e81f2d661
2026-05-16 15:18:39.860 [info] [CloudCode] POST v1internal:loadCodeAssist traceId: ec2eaa8aa9c44615
2026-05-16 15:18:40.270 [info] [CloudCode] POST v1internal:loadCodeAssist traceId: 511f0dfbacf6c43f
2026-05-16 15:18:40.594 [info] [CloudCode] POST v1internal:fetchAvailableModels traceId: 7a7efc7dddb1e516
2026-05-16 15:22:32.515 [info] [CloudCode] POST v1internal:recordCodeAssistMetrics traceId: 84d3524766a5bc8b
2026-05-16 15:23:39.660 [info] [CloudCode] POST v1internal:loadCodeAssist traceId: 194b0ff1a0c6cfec
2026-05-16 15:23:40.036 [info] [CloudCode] POST v1internal:loadCodeAssist traceId: 222f84cc3df51f58
2026-05-16 15:23:40.303 [info] [CloudCode] POST v1internal:fetchAvailableModels traceId: 7a52b4d0428783e2
2026-05-16 15:25:22.460 [info] [CloudCode] POST v1internal:recordCodeAssistMetrics traceId: b68d4e69fa86a4a1
2026-05-16 15:25:34.266 [info] [CloudCode] POST v1internal:recordCodeAssistMetrics traceId: 7184fe52b87a9501
2026-05-16 15:27:07.534 [info] [CloudCode] POST v1internal:recordCodeAssistMetrics traceId: 1b5b026ad49aa3bd
2026-05-16 15:27:22.214 [info] [CloudCode] POST v1internal:recordCodeAssistMetrics traceId: 266e03ba6aa1c9a1
2026-05-16 15:28:39.541 [info] [CloudCode] POST v1internal:loadCodeAssist traceId: d06f0d6527def4f3
2026-05-16 15:28:39.776 [info] [CloudCode] POST v1internal:loadCodeAssist traceId: 5f1c56cfdbef0581
2026-05-16 15:28:40.074 [info] [CloudCode] POST v1internal:fetchAvailableModels traceId: f911376e92da6d60
2026-05-16 15:29:49.339 [info] [CloudCode] POST v1internal:recordCodeAssistMetrics traceId: cb86b09d42ae4971
2026-05-16 15:29:59.578 [info] [CloudCode] POST v1internal:recordCodeAssistMetrics traceId: d52f27d22f09d8de
2026-05-16 15:30:25.787 [info] [CloudCode] POST v1internal:recordCodeAssistMetrics traceId: 460bcd39486a2a33
2026-05-16 15:30:46.887 [info] [CloudCode] POST v1internal:recordCodeAssistMetrics traceId: d85bf39d6f9017a1
2026-05-16 15:33:08.918 [info] [CloudCode] POST v1internal:recordCodeAssistMetrics traceId: a7641e2e8dc3ebac
2026-05-16 15:33:39.534 [info] [CloudCode] POST v1internal:loadCodeAssist traceId: c9230e88d75283d
2026-05-16 15:33:39.757 [info] [CloudCode] POST v1internal:loadCodeAssist traceId: 4e630e95a0668b6
2026-05-16 15:33:39.983 [info] [CloudCode] POST v1internal:fetchAvailableModels traceId: 33dc12b2de36ff8d
2026-05-16 15:34:31.696 [info] [CloudCode] POST v1internal:recordCodeAssistMetrics traceId: 87ac0211462e2eb
2026-05-16 15:35:00.617 [info] [CloudCode] POST v1internal:recordCodeAssistMetrics traceId: 4fdb7619cf8bdb7a
2026-05-16 15:35:33.408 [info] [CloudCode] POST v1internal:recordCodeAssistMetrics traceId: eea07543e0e8ff16
2026-05-16 15:37:32.696 [info] [CloudCode] POST v1internal:recordCodeAssistMetrics traceId: 3d17f85a05016276
