2026-05-15 11:12:11.227 [info] (Antigravity) 2026-05-15 11:12:11.226 [INFO]: [Terminal] Command completed:  exit code 0
2026-05-15 11:12:11.229 [info] (Antigravity) 2026-05-15 11:12:11.228 [INFO]: [Terminal] Command completed:  exit code 0
2026-05-15 11:12:11.230 [info] (Antigravity) 2026-05-15 11:12:11.230 [INFO]: [Terminal] Command completed:  exit code 0
2026-05-15 11:12:11.231 [info] (Antigravity) 2026-05-15 11:12:11.231 [INFO]: [Terminal] Command completed:  exit code 0
2026-05-15 11:12:11.234 [info] (Antigravity) 2026-05-15 11:12:11.233 [INFO]: [Terminal] Command completed:  exit code 0
2026-05-15 11:12:11.236 [info] (Antigravity) 2026-05-15 11:12:11.236 [INFO]: [Terminal] Command completed:  exit code 0
2026-05-15 11:12:11.239 [info] (Antigravity) 2026-05-15 11:12:11.238 [INFO]: [Terminal] Command completed:  exit code 0
2026-05-15 11:12:12.206 [info] I0515 11:12:12.204610 40131 server.go:1236] Starting language server process with pid 40131
2026-05-15 11:12:12.207 [info] I0515 11:12:12.205203 40131 server.go:301] Setting GOMAXPROCS to 4
2026-05-15 11:12:12.208 [info] I0515 11:12:12.207942 40131 server.go:440] Language server will attempt to listen on host 127.0.0.1
2026-05-15 11:12:12.208 [info] I0515 11:12:12.208697 40131 server.go:454] Language server listening on random port at 38797 for HTTPS (gRPC)
2026-05-15 11:12:12.209 [info] I0515 11:12:12.208823 40131 server.go:461] Language server listening on random port at 44849 for HTTP
2026-05-15 11:12:12.512 [info] I0515 11:12:12.511940 40131 server.go:433] Created extension server client at port 44321
2026-05-15 11:12:12.572 [info] I0515 11:12:12.571085 40131 cascade_manager.go:773] Reactive state is disabled
2026-05-15 11:12:12.633 [info] (Antigravity) 2026-05-15 11:12:12.629 [INFO]: Language server started
2026-05-15 11:12:12.730 [info] I0515 11:12:12.669086 40131 server.go:1693] initialized server successfully in 463.845604ms
2026-05-15 11:12:12.772 [info] E0515 11:12:12.768458 40131 log.go:398] failed to get git info for workspace /home/juan/projects/TermChat: reference not found: reference not found
2026-05-15 11:12:13.374 [info] (Antigravity) 2026-05-15 11:12:13.374 [INFO]: LS lspClient started successfully
2026-05-15 11:12:13.454 [info] I0515 11:12:13.123771 40131 http_helpers.go:151] URL: https://daily-cloudcode-pa.googleapis.com/v1internal:loadCodeAssist Trace: 0x4c4eb9ae1035aa30
2026-05-15 11:12:13.454 [info] I0515 11:12:13.423069 40131 http_helpers.go:151] URL: https://daily-cloudcode-pa.googleapis.com/v1internal:loadCodeAssist Trace: 0x528f3a321fe590a9
2026-05-15 11:12:13.625 [info] I0515 11:12:13.622947 40131 http_helpers.go:151] URL: https://daily-cloudcode-pa.googleapis.com/v1internal:fetchAvailableModels Trace: 0xb7d089b2c8452b31
2026-05-15 11:12:30.356 [info] (Antigravity) 2026-05-15 11:12:30.354 [INFO]: [Terminal] Command completed:                                                                                            11:12:10 ~/projects/TermChat master*❯ uv run termchat~/projects/TermChat master* 1m 44s❯ uv run termchat~/projects/TermChat master* 36s❯ uv run termchat~/projects/TermChat master* 3m 38s❯ uv run termchat~/projects/TermChat master* 2m 16s╭─────────────────────────────── Traceback (most recent call last) ────────────────────────────────╮│ /home/juan/projects/TermChat/.venv/lib/python3.12/site-packages/textual/drivers/linux_driver.py: ││ 394 in _run_input_thread                                                                         ││                                                                                                  ││   391 │   │   an exception                                                                       ││   392 │   │   """                                                                                ││   393 │   │   try:                                                                               ││ ❱ 394 │   │   │   self.run_input_thread()                                                        ││   395 │   │   except BaseException:                                                              ││   396 │   │   │   import rich.traceback                                                          ││   397                                                                                            ││                                                                                                  ││ /home/juan/projects/TermChat/.venv/lib/python3.12/site-packages/textual/drivers/linux_driver.py: ││ 443 in run_input_thread                                                                          ││                                                                                                  ││   440 │   │                                                                                      ││   441 │   │   try:                                                                               ││   442 │   │   │   while not self.exit_event.is_set():                                            ││ ❱ 443 │   │   │   │   process_selector_events(selector.select(0.1))                              ││   444 │   │   │   selector.unregister(self.fileno)                                               ││   445 │   │   │   process_selector_events(selector.select(0.1), final=True)                      ││   446                                                                                            ││                                                                                                  ││ /home/juan/projects/TermChat/.venv/lib/python3.12/site-packages/textual/drivers/linux_driver.py: ││ 432 in process_selector_events                                                                   ││                                                                                                  ││   429 │   │   │   """                                                                            ││   430 │   │   │   for last, (_selector_key, mask) in loop_last(selector_events):                 ││   431 │   │   │   │   if mask & EVENT_READ:                                                      ││ ❱ 432 │   │   │   │   │   unicode_data = decode(read(fileno, 1024 * 4), final=final and last)    ││   433 │   │   │   │   │   if not unicode_data:                                                   ││   434 │   │   │   │   │   │   # This can occur if the stdin is piped                             ││   435 │   │   │   │   │   │   break                                                              ││ in decode:322                                                                                    │╰──────────────────────────────────────────────────────────────────────────────────────────────────╯UnicodeDecodeError: 'utf-8' codec can't decode byte 0x92 in position 4: invalid start byte exit code 0
2026-05-15 11:18:13.232 [info] I0515 11:18:13.231054 40131 http_helpers.go:151] URL: https://daily-cloudcode-pa.googleapis.com/v1internal:fetchAvailableModels Trace: 0x51f4e7c128ecadfd
2026-05-15 11:18:13.436 [info] I0515 11:18:13.435673 40131 http_helpers.go:151] URL: https://daily-cloudcode-pa.googleapis.com/v1internal:loadCodeAssist Trace: 0x521dcd3541dca78e
2026-05-15 11:18:31.868 [info] I0515 11:18:31.868366 40131 http_helpers.go:151] URL: https://daily-cloudcode-pa.googleapis.com/v1internal:loadCodeAssist Trace: 0x5dc409f81bbf46d6
2026-05-15 11:21:22.060 [info] (Antigravity) 2026-05-15 11:21:22.060 [INFO]: [Terminal] Command completed:  exit code 0
2026-05-15 11:24:13.179 [info] I0515 11:24:13.178517 40131 http_helpers.go:151] URL: https://daily-cloudcode-pa.googleapis.com/v1internal:fetchAvailableModels Trace: 0x2eb57811681f70c4
2026-05-15 11:24:13.580 [info] I0515 11:24:13.579524 40131 http_helpers.go:151] URL: https://daily-cloudcode-pa.googleapis.com/v1internal:loadCodeAssist Trace: 0x79c62779371e60d3
2026-05-15 11:24:13.886 [info] I0515 11:24:13.885285 40131 http_helpers.go:151] URL: https://daily-cloudcode-pa.googleapis.com/v1internal:loadCodeAssist Trace: 0xbaf8443aeeda6a4b
2026-05-15 11:25:12.972 [info] I0515 11:25:12.971676 40131 http_helpers.go:151] URL: https://daily-cloudcode-pa.googleapis.com/v1internal:loadCodeAssist Trace: 0xffb10c60a3a71a22
2026-05-15 11:25:13.189 [info] I0515 11:25:13.188029 40131 http_helpers.go:151] URL: https://daily-cloudcode-pa.googleapis.com/v1internal:loadCodeAssist Trace: 0x1c12cbd650a50c3b
2026-05-15 11:25:16.762 [info] I0515 11:25:16.761970 40131 http_helpers.go:151] URL: https://daily-cloudcode-pa.googleapis.com/v1internal:fetchAvailableModels Trace: 0x8c2233649d0a57a5
2026-05-15 11:30:58.943 [info] (Antigravity) 2026-05-15 11:30:58.943 [INFO]: [Terminal] Command completed:  exit code 0
2026-05-15 11:31:13.222 [info] I0515 11:31:13.221828 40131 http_helpers.go:151] URL: https://daily-cloudcode-pa.googleapis.com/v1internal:fetchAvailableModels Trace: 0xe4a421dc704f9101
2026-05-15 11:31:13.425 [info] I0515 11:31:13.424731 40131 http_helpers.go:151] URL: https://daily-cloudcode-pa.googleapis.com/v1internal:loadCodeAssist Trace: 0x14f1f8f4fa5537bc
2026-05-15 11:31:55.715 [info] I0515 11:31:55.715205 40131 http_helpers.go:151] URL: https://daily-cloudcode-pa.googleapis.com/v1internal:loadCodeAssist Trace: 0xbb96c87095cab410
2026-05-15 11:34:46.164 [info] (Antigravity) 2026-05-15 11:34:46.164 [INFO]: [SupercompleteProvider] No supercomplete response
2026-05-15 11:37:12.953 [info] I0515 11:37:12.953275 40131 http_helpers.go:151] URL: https://daily-cloudcode-pa.googleapis.com/v1internal:fetchAvailableModels Trace: 0x55cfb9b4641e0f8f
2026-05-15 11:37:13.263 [info] I0515 11:37:13.260809 40131 http_helpers.go:151] URL: https://daily-cloudcode-pa.googleapis.com/v1internal:loadCodeAssist Trace: 0x54ef3334998f453e
2026-05-15 11:37:13.670 [info] I0515 11:37:13.669866 40131 http_helpers.go:151] URL: https://daily-cloudcode-pa.googleapis.com/v1internal:loadCodeAssist Trace: 0xe92cad31b21e656c
2026-05-15 11:42:15.138 [info] I0515 11:42:15.137947 40131 http_helpers.go:151] URL: https://daily-cloudcode-pa.googleapis.com/v1internal:fetchAvailableModels Trace: 0xe6f54a4a3818d881
2026-05-15 11:43:12.426 [info] (Antigravity) 2026-05-15 11:43:12.426 [INFO]: [SupercompleteProvider] No supercomplete response
2026-05-15 11:48:13.336 [info] I0515 11:48:13.336038 40131 http_helpers.go:151] URL: https://daily-cloudcode-pa.googleapis.com/v1internal:fetchAvailableModels Trace: 0x90a7a80d00d256ac
2026-05-15 11:48:13.848 [info] I0515 11:48:13.847808 40131 http_helpers.go:151] URL: https://daily-cloudcode-pa.googleapis.com/v1internal:loadCodeAssist Trace: 0x27f2cd48fc9edda6
2026-05-15 11:48:14.156 [info] I0515 11:48:14.155497 40131 http_helpers.go:151] URL: https://daily-cloudcode-pa.googleapis.com/v1internal:loadCodeAssist Trace: 0xf334468254ed2646
2026-05-15 11:54:13.022 [info] I0515 11:54:13.021554 40131 http_helpers.go:151] URL: https://daily-cloudcode-pa.googleapis.com/v1internal:fetchAvailableModels Trace: 0x778c610501e7395c
2026-05-15 11:54:22.287 [info] I0515 11:54:22.287341 40131 http_helpers.go:151] URL: https://daily-cloudcode-pa.googleapis.com/v1internal:loadCodeAssist Trace: 0x6438e9bd2c6690b
2026-05-15 11:54:22.593 [info] I0515 11:54:22.593079 40131 http_helpers.go:151] URL: https://daily-cloudcode-pa.googleapis.com/v1internal:loadCodeAssist Trace: 0xf989937fd804bcc
2026-05-15 11:54:40.163 [info] (Antigravity) 2026-05-15 11:54:40.163 [INFO]: [Terminal] Command completed:  exit code 0
2026-05-15 11:57:56.774 [info] (Antigravity) 2026-05-15 11:57:56.773 [INFO]: [Terminal] Command completed:  exit code 0
2026-05-15 11:58:40.123 [info] (Antigravity) 2026-05-15 11:58:40.123 [INFO]: [SupercompleteProvider] No supercomplete response
2026-05-15 11:58:41.058 [info] (Antigravity) 2026-05-15 11:58:41.058 [INFO]: [SupercompleteProvider] No supercomplete response
2026-05-15 11:58:47.703 [info] (Antigravity) 2026-05-15 11:58:47.703 [INFO]: [SupercompleteProvider] No supercomplete response
2026-05-15 11:58:49.067 [info] (Antigravity) 2026-05-15 11:58:49.067 [INFO]: [SupercompleteProvider] No supercomplete response
2026-05-15 11:58:50.195 [info] (Antigravity) 2026-05-15 11:58:50.194 [INFO]: [SupercompleteProvider] No supercomplete response
2026-05-15 11:58:51.332 [info] (Antigravity) 2026-05-15 11:58:51.331 [INFO]: [SupercompleteProvider] No supercomplete response
2026-05-15 12:00:13.315 [info] I0515 12:00:13.314922 40131 http_helpers.go:151] URL: https://daily-cloudcode-pa.googleapis.com/v1internal:fetchAvailableModels Trace: 0x22cac6690d2b59f3
2026-05-15 12:00:13.828 [info] I0515 12:00:13.827174 40131 http_helpers.go:151] URL: https://daily-cloudcode-pa.googleapis.com/v1internal:loadCodeAssist Trace: 0xbdb6387ef97bd173
2026-05-15 12:00:14.134 [info] I0515 12:00:14.134266 40131 http_helpers.go:151] URL: https://daily-cloudcode-pa.googleapis.com/v1internal:loadCodeAssist Trace: 0xa1298308bffc7b0
2026-05-15 12:06:13.050 [info] I0515 12:06:13.049534 40131 http_helpers.go:151] URL: https://daily-cloudcode-pa.googleapis.com/v1internal:fetchAvailableModels Trace: 0x11ef2ad0ac75e382
2026-05-15 12:06:13.152 [info] I0515 12:06:13.151815 40131 http_helpers.go:151] URL: https://daily-cloudcode-pa.googleapis.com/v1internal:loadCodeAssist Trace: 0x4f78a6d2f86f6ac0
2026-05-15 12:06:13.459 [info] I0515 12:06:13.458862 40131 http_helpers.go:151] URL: https://daily-cloudcode-pa.googleapis.com/v1internal:loadCodeAssist Trace: 0x5fd0ee7f7daea8a4
2026-05-15 12:06:53.234 [info] (Antigravity) 2026-05-15 12:06:53.234 [INFO]: [Terminal] Command completed:  exit code 0
2026-05-15 12:12:13.116 [info] I0515 12:12:13.115836 40131 http_helpers.go:151] URL: https://daily-cloudcode-pa.googleapis.com/v1internal:fetchAvailableModels Trace: 0x6efb0b85777697b7
2026-05-15 12:12:16.152 [info] I0515 12:12:16.151918 40131 http_helpers.go:151] URL: https://daily-cloudcode-pa.googleapis.com/v1internal:loadCodeAssist Trace: 0x31a777d23a65fefb
2026-05-15 12:12:16.455 [info] I0515 12:12:16.454521 40131 http_helpers.go:151] URL: https://daily-cloudcode-pa.googleapis.com/v1internal:loadCodeAssist Trace: 0x304ea4ffd8f41923
