2026-05-18 08:43:42.655 [info] Reading sessions from keychain...
2026-05-18 08:43:42.851 [info] Getting sessions for all scopes...
2026-05-18 08:43:42.893 [info] Got stored sessions!
2026-05-18 08:43:42.893 [info] Got 1 verified sessions.
2026-05-18 08:43:42.893 [info] Got 1 sessions for ...
2026-05-18 08:43:42.893 [info] Getting sessions for all scopes...
2026-05-18 08:43:42.893 [info] Got 1 sessions for ...
2026-05-18 08:43:42.907 [info] Getting sessions for all scopes...
2026-05-18 08:43:42.907 [info] Got 1 sessions for ...
2026-05-18 08:43:43.104 [info] Getting sessions for all scopes...
2026-05-18 08:43:43.104 [info] Got 1 sessions for ...
2026-05-18 08:43:44.224 [info] Getting sessions for read:user,repo,user:email,workflow...
2026-05-18 08:43:44.224 [info] Got 1 sessions for read:user,repo,user:email,workflow...
2026-05-18 08:43:44.368 [info] Getting sessions for all scopes...
2026-05-18 08:43:44.368 [info] Got 1 sessions for ...
2026-05-18 08:43:46.137 [info] Getting sessions for all scopes...
2026-05-18 08:43:46.137 [info] Got 1 sessions for ...
2026-05-18 08:43:46.138 [info] Getting sessions for all scopes...
2026-05-18 08:43:46.138 [info] Got 1 sessions for ...
2026-05-18 08:43:48.989 [info] Getting sessions for all scopes...
2026-05-18 08:43:48.989 [info] Got 1 sessions for ...
2026-05-18 08:43:48.989 [info] Getting sessions for all scopes...
2026-05-18 08:43:48.989 [info] Got 1 sessions for ...
