[INFO 11:55:40 a.m.] alexdauenhauer.catppuccin-noctis-icons activated
[INFO 11:55:40 a.m.] catppuccin-noctis-icons.hidesExplorerArrows changed, updating to false
[INFO 11:55:40 a.m.] catppuccin-noctis-icons.folders.associations changed, updating to undefined
[INFO 11:55:40 a.m.] catppuccin-noctis-icons.files.associations changed, updating to undefined
[INFO 11:55:40 a.m.] catppuccin-noctis-icons.hidesExplorerArrows changed, updating to false
[INFO 11:55:40 a.m.] catppuccin-noctis-icons.folders.associations changed, updating to undefined
[INFO 11:55:40 a.m.] catppuccin-noctis-icons.files.associations changed, updating to undefined
[INFO 11:56:45 a.m.] catppuccin-noctis-icons.hidesExplorerArrows changed, updating to false
[INFO 11:56:45 a.m.] catppuccin-noctis-icons.folders.associations changed, updating to undefined
[INFO 11:56:45 a.m.] catppuccin-noctis-icons.files.associations changed, updating to undefined
[INFO 12:01:58 p.m.] catppuccin-noctis-icons.hidesExplorerArrows changed, updating to false
[INFO 12:01:58 p.m.] catppuccin-noctis-icons.folders.associations changed, updating to undefined
[INFO 12:01:58 p.m.] catppuccin-noctis-icons.files.associations changed, updating to undefined
[INFO 12:02:01 p.m.] catppuccin-noctis-icons.hidesExplorerArrows changed, updating to false
[INFO 12:02:01 p.m.] catppuccin-noctis-icons.folders.associations changed, updating to undefined
[INFO 12:02:01 p.m.] catppuccin-noctis-icons.files.associations changed, updating to undefined
[INFO 12:04:11 p.m.] catppuccin-noctis-icons.hidesExplorerArrows changed, updating to false
[INFO 12:04:11 p.m.] catppuccin-noctis-icons.folders.associations changed, updating to undefined
[INFO 12:04:11 p.m.] catppuccin-noctis-icons.files.associations changed, updating to undefined
[INFO 12:13:58 p.m.] catppuccin-noctis-icons.hidesExplorerArrows changed, updating to false
[INFO 12:13:58 p.m.] catppuccin-noctis-icons.folders.associations changed, updating to undefined
[INFO 12:13:58 p.m.] catppuccin-noctis-icons.files.associations changed, updating to undefined
[INFO 12:15:08 p.m.] catppuccin-noctis-icons.hidesExplorerArrows changed, updating to false
[INFO 12:15:08 p.m.] catppuccin-noctis-icons.folders.associations changed, updating to undefined
[INFO 12:15:08 p.m.] catppuccin-noctis-icons.files.associations changed, updating to undefined
[INFO 12:15:55 p.m.] catppuccin-noctis-icons.hidesExplorerArrows changed, updating to false
[INFO 12:15:55 p.m.] catppuccin-noctis-icons.folders.associations changed, updating to undefined
[INFO 12:15:55 p.m.] catppuccin-noctis-icons.files.associations changed, updating to undefined
[INFO 12:17:05 p.m.] catppuccin-noctis-icons.hidesExplorerArrows changed, updating to false
[INFO 12:17:05 p.m.] catppuccin-noctis-icons.folders.associations changed, updating to undefined
[INFO 12:17:05 p.m.] catppuccin-noctis-icons.files.associations changed, updating to undefined
[INFO 12:17:31 p.m.] catppuccin-noctis-icons.hidesExplorerArrows changed, updating to false
[INFO 12:17:31 p.m.] catppuccin-noctis-icons.folders.associations changed, updating to undefined
[INFO 12:17:31 p.m.] catppuccin-noctis-icons.files.associations changed, updating to undefined
[INFO 12:18:41 p.m.] catppuccin-noctis-icons.hidesExplorerArrows changed, updating to false
[INFO 12:18:41 p.m.] catppuccin-noctis-icons.folders.associations changed, updating to undefined
[INFO 12:18:41 p.m.] catppuccin-noctis-icons.files.associations changed, updating to undefined
[INFO 12:18:57 p.m.] catppuccin-noctis-icons.hidesExplorerArrows changed, updating to false
[INFO 12:18:57 p.m.] catppuccin-noctis-icons.folders.associations changed, updating to undefined
[INFO 12:18:57 p.m.] catppuccin-noctis-icons.files.associations changed, updating to undefined
[INFO 12:23:07 p.m.] catppuccin-noctis-icons.hidesExplorerArrows changed, updating to false
[INFO 12:23:07 p.m.] catppuccin-noctis-icons.folders.associations changed, updating to undefined
[INFO 12:23:07 p.m.] catppuccin-noctis-icons.files.associations changed, updating to undefined
[INFO 12:23:07 p.m.] catppuccin-noctis-icons.hidesExplorerArrows changed, updating to false
[INFO 12:23:07 p.m.] catppuccin-noctis-icons.folders.associations changed, updating to undefined
[INFO 12:23:07 p.m.] catppuccin-noctis-icons.files.associations changed, updating to undefined
[INFO 12:27:21 p.m.] catppuccin-noctis-icons.hidesExplorerArrows changed, updating to false
[INFO 12:27:21 p.m.] catppuccin-noctis-icons.folders.associations changed, updating to undefined
[INFO 12:27:21 p.m.] catppuccin-noctis-icons.files.associations changed, updating to undefined
[INFO 12:38:28 p.m.] catppuccin-noctis-icons.hidesExplorerArrows changed, updating to false
[INFO 12:38:28 p.m.] catppuccin-noctis-icons.folders.associations changed, updating to undefined
[INFO 12:38:28 p.m.] catppuccin-noctis-icons.files.associations changed, updating to undefined
[INFO 12:40:08 p.m.] catppuccin-noctis-icons.hidesExplorerArrows changed, updating to false
[INFO 12:40:08 p.m.] catppuccin-noctis-icons.folders.associations changed, updating to undefined
[INFO 12:40:08 p.m.] catppuccin-noctis-icons.files.associations changed, updating to undefined
[INFO 12:40:37 p.m.] catppuccin-noctis-icons.hidesExplorerArrows changed, updating to false
[INFO 12:40:37 p.m.] catppuccin-noctis-icons.folders.associations changed, updating to undefined
[INFO 12:40:37 p.m.] catppuccin-noctis-icons.files.associations changed, updating to undefined
[INFO 12:41:17 p.m.] catppuccin-noctis-icons.hidesExplorerArrows changed, updating to false
[INFO 12:41:17 p.m.] catppuccin-noctis-icons.folders.associations changed, updating to undefined
[INFO 12:41:17 p.m.] catppuccin-noctis-icons.files.associations changed, updating to undefined
[INFO 12:41:22 p.m.] catppuccin-noctis-icons.hidesExplorerArrows changed, updating to false
[INFO 12:41:22 p.m.] catppuccin-noctis-icons.folders.associations changed, updating to undefined
[INFO 12:41:22 p.m.] catppuccin-noctis-icons.files.associations changed, updating to undefined
[INFO 12:41:26 p.m.] catppuccin-noctis-icons.hidesExplorerArrows changed, updating to false
[INFO 12:41:26 p.m.] catppuccin-noctis-icons.folders.associations changed, updating to undefined
[INFO 12:41:26 p.m.] catppuccin-noctis-icons.files.associations changed, updating to undefined
[INFO 12:44:08 p.m.] catppuccin-noctis-icons.hidesExplorerArrows changed, updating to false
[INFO 12:44:08 p.m.] catppuccin-noctis-icons.folders.associations changed, updating to undefined
[INFO 12:44:08 p.m.] catppuccin-noctis-icons.files.associations changed, updating to undefined
[INFO 12:45:19 p.m.] catppuccin-noctis-icons.hidesExplorerArrows changed, updating to false
[INFO 12:45:19 p.m.] catppuccin-noctis-icons.folders.associations changed, updating to undefined
[INFO 12:45:19 p.m.] catppuccin-noctis-icons.files.associations changed, updating to undefined
[INFO 12:45:25 p.m.] catppuccin-noctis-icons.hidesExplorerArrows changed, updating to false
[INFO 12:45:25 p.m.] catppuccin-noctis-icons.folders.associations changed, updating to undefined
[INFO 12:45:25 p.m.] catppuccin-noctis-icons.files.associations changed, updating to undefined
[INFO 12:48:17 p.m.] catppuccin-noctis-icons.hidesExplorerArrows changed, updating to false
[INFO 12:48:17 p.m.] catppuccin-noctis-icons.folders.associations changed, updating to undefined
[INFO 12:48:17 p.m.] catppuccin-noctis-icons.files.associations changed, updating to undefined
[INFO 12:49:21 p.m.] catppuccin-noctis-icons.hidesExplorerArrows changed, updating to false
[INFO 12:49:21 p.m.] catppuccin-noctis-icons.folders.associations changed, updating to undefined
[INFO 12:49:21 p.m.] catppuccin-noctis-icons.files.associations changed, updating to undefined
[INFO 12:50:31 p.m.] catppuccin-noctis-icons.hidesExplorerArrows changed, updating to false
[INFO 12:50:31 p.m.] catppuccin-noctis-icons.folders.associations changed, updating to undefined
[INFO 12:50:31 p.m.] catppuccin-noctis-icons.files.associations changed, updating to undefined
[INFO 12:51:28 p.m.] catppuccin-noctis-icons.hidesExplorerArrows changed, updating to false
[INFO 12:51:28 p.m.] catppuccin-noctis-icons.folders.associations changed, updating to undefined
[INFO 12:51:28 p.m.] catppuccin-noctis-icons.files.associations changed, updating to undefined
[INFO 12:54:16 p.m.] catppuccin-noctis-icons.hidesExplorerArrows changed, updating to false
[INFO 12:54:16 p.m.] catppuccin-noctis-icons.folders.associations changed, updating to undefined
[INFO 12:54:16 p.m.] catppuccin-noctis-icons.files.associations changed, updating to undefined
[INFO 12:54:19 p.m.] catppuccin-noctis-icons.hidesExplorerArrows changed, updating to false
[INFO 12:54:19 p.m.] catppuccin-noctis-icons.folders.associations changed, updating to undefined
[INFO 12:54:19 p.m.] catppuccin-noctis-icons.files.associations changed, updating to undefined
[INFO 12:55:58 p.m.] catppuccin-noctis-icons.hidesExplorerArrows changed, updating to false
[INFO 12:55:58 p.m.] catppuccin-noctis-icons.folders.associations changed, updating to undefined
[INFO 12:55:58 p.m.] catppuccin-noctis-icons.files.associations changed, updating to undefined
[INFO 12:55:59 p.m.] catppuccin-noctis-icons.hidesExplorerArrows changed, updating to false
[INFO 12:55:59 p.m.] catppuccin-noctis-icons.folders.associations changed, updating to undefined
[INFO 12:55:59 p.m.] catppuccin-noctis-icons.files.associations changed, updating to undefined
[INFO 12:56:04 p.m.] catppuccin-noctis-icons.hidesExplorerArrows changed, updating to false
[INFO 12:56:04 p.m.] catppuccin-noctis-icons.folders.associations changed, updating to undefined
[INFO 12:56:04 p.m.] catppuccin-noctis-icons.files.associations changed, updating to undefined
[INFO 12:57:44 p.m.] catppuccin-noctis-icons.hidesExplorerArrows changed, updating to false
[INFO 12:57:44 p.m.] catppuccin-noctis-icons.folders.associations changed, updating to undefined
[INFO 12:57:44 p.m.] catppuccin-noctis-icons.files.associations changed, updating to undefined
[INFO 12:58:08 p.m.] catppuccin-noctis-icons.hidesExplorerArrows changed, updating to false
[INFO 12:58:08 p.m.] catppuccin-noctis-icons.folders.associations changed, updating to undefined
[INFO 12:58:08 p.m.] catppuccin-noctis-icons.files.associations changed, updating to undefined
[INFO 1:01:59 p.m.] catppuccin-noctis-icons.hidesExplorerArrows changed, updating to false
[INFO 1:01:59 p.m.] catppuccin-noctis-icons.folders.associations changed, updating to undefined
[INFO 1:01:59 p.m.] catppuccin-noctis-icons.files.associations changed, updating to undefined
[INFO 1:07:49 p.m.] catppuccin-noctis-icons.hidesExplorerArrows changed, updating to false
[INFO 1:07:49 p.m.] catppuccin-noctis-icons.folders.associations changed, updating to undefined
[INFO 1:07:49 p.m.] catppuccin-noctis-icons.files.associations changed, updating to undefined
[INFO 1:08:33 p.m.] catppuccin-noctis-icons.hidesExplorerArrows changed, updating to false
[INFO 1:08:33 p.m.] catppuccin-noctis-icons.folders.associations changed, updating to undefined
[INFO 1:08:33 p.m.] catppuccin-noctis-icons.files.associations changed, updating to undefined
[INFO 1:09:09 p.m.] catppuccin-noctis-icons.hidesExplorerArrows changed, updating to false
[INFO 1:09:09 p.m.] catppuccin-noctis-icons.folders.associations changed, updating to undefined
[INFO 1:09:09 p.m.] catppuccin-noctis-icons.files.associations changed, updating to undefined
[INFO 1:09:29 p.m.] catppuccin-noctis-icons.hidesExplorerArrows changed, updating to false
[INFO 1:09:29 p.m.] catppuccin-noctis-icons.folders.associations changed, updating to undefined
[INFO 1:09:29 p.m.] catppuccin-noctis-icons.files.associations changed, updating to undefined
[INFO 1:10:27 p.m.] catppuccin-noctis-icons.hidesExplorerArrows changed, updating to false
[INFO 1:10:27 p.m.] catppuccin-noctis-icons.folders.associations changed, updating to undefined
[INFO 1:10:27 p.m.] catppuccin-noctis-icons.files.associations changed, updating to undefined
[INFO 1:12:29 p.m.] catppuccin-noctis-icons.hidesExplorerArrows changed, updating to false
[INFO 1:12:29 p.m.] catppuccin-noctis-icons.folders.associations changed, updating to undefined
[INFO 1:12:29 p.m.] catppuccin-noctis-icons.files.associations changed, updating to undefined
[INFO 1:16:27 p.m.] catppuccin-noctis-icons.hidesExplorerArrows changed, updating to false
[INFO 1:16:27 p.m.] catppuccin-noctis-icons.folders.associations changed, updating to undefined
[INFO 1:16:27 p.m.] catppuccin-noctis-icons.files.associations changed, updating to undefined
