2026-05-16 15:13:44.184 [info] Extension host with pid 32368 started
2026-05-16 15:13:44.184 [info] Skipping acquiring lock for /home/juan/.config/Antigravity/User/workspaceStorage/9cffb26bdaeb406f0ef88881861630d1.
2026-05-16 15:13:44.219 [info] ExtensionService#_doActivateExtension vscode.git-base, startup: true, activationEvent: '*', root cause: google.antigravity
2026-05-16 15:13:44.229 [info] ExtensionService#_doActivateExtension vscode.npm, startup: true, activationEvent: 'workspaceContains:package.json'
2026-05-16 15:13:44.297 [info] ExtensionService#_doActivateExtension vscode.git, startup: true, activationEvent: '*', root cause: google.antigravity
2026-05-16 15:13:44.409 [info] ExtensionService#_doActivateExtension vscode.github, startup: true, activationEvent: '*'
2026-05-16 15:13:44.550 [info] ExtensionService#_doActivateExtension google.antigravity, startup: true, activationEvent: '*'
2026-05-16 15:13:46.394 [info] Extension host terminating: renderer closed the MessagePort
2026-05-16 15:13:46.457 [error] ProxyResolver#addCertificatesV1 Canceled: Canceled
	at new mne (file:///opt/Antigravity/resources/app/out/vs/workbench/api/node/extensionHostProcess.js:30:122279)
	at D9.U (file:///opt/Antigravity/resources/app/out/vs/workbench/api/node/extensionHostProcess.js:30:126901)
	at s.<computed>.r.charCodeAt.s.<computed> (file:///opt/Antigravity/resources/app/out/vs/workbench/api/node/extensionHostProcess.js:30:124393)
	at LS.loadCertificates (file:///opt/Antigravity/resources/app/out/vs/workbench/api/node/extensionHostProcess.js:114:77504)
	at Object.loadAdditionalCertificates (file:///opt/Antigravity/resources/app/out/vs/workbench/api/node/extensionHostProcess.js:217:21193)
	at /opt/Antigravity/resources/app/node_modules/@vscode/proxy-agent/out/index.js:808:49
	at Generator.next (<anonymous>)
	at /opt/Antigravity/resources/app/node_modules/@vscode/proxy-agent/out/index.js:35:71
	at new Promise (<anonymous>)
	at __awaiter (/opt/Antigravity/resources/app/node_modules/@vscode/proxy-agent/out/index.js:31:12)
	at /opt/Antigravity/resources/app/node_modules/@vscode/proxy-agent/out/index.js:807:33
	at /opt/Antigravity/resources/app/node_modules/@vscode/proxy-agent/out/index.js:810:20
	at Generator.next (<anonymous>)
	at /opt/Antigravity/resources/app/node_modules/@vscode/proxy-agent/out/index.js:35:71
	at new Promise (<anonymous>)
	at __awaiter (/opt/Antigravity/resources/app/node_modules/@vscode/proxy-agent/out/index.js:31:12)
	at getOrLoadAdditionalCertificates (/opt/Antigravity/resources/app/node_modules/@vscode/proxy-agent/out/index.js:803:12)
	at addCertificatesToOptionsV1 (/opt/Antigravity/resources/app/node_modules/@vscode/proxy-agent/out/index.js:783:9)
	at resolveProxyWithRequest (/opt/Antigravity/resources/app/node_modules/@vscode/proxy-agent/out/index.js:140:9)
	at /opt/Antigravity/resources/app/node_modules/@vscode/proxy-agent/out/index.js:372:77
	at new Promise (<anonymous>)
	at PacProxyAgent.resolveP [as resolver] (/opt/Antigravity/resources/app/node_modules/@vscode/proxy-agent/out/index.js:372:54)
	at PacProxyAgent.<anonymous> (/opt/Antigravity/resources/app/node_modules/@vscode/proxy-agent/out/agent.js:74:37)
	at Generator.next (<anonymous>)
	at /opt/Antigravity/resources/app/node_modules/@vscode/proxy-agent/out/agent.js:8:71
	at new Promise (<anonymous>)
	at __awaiter (/opt/Antigravity/resources/app/node_modules/@vscode/proxy-agent/out/agent.js:4:12)
	at PacProxyAgent.connect (/opt/Antigravity/resources/app/node_modules/@vscode/proxy-agent/out/agent.js:56:16)
	at /opt/Antigravity/resources/app/node_modules/agent-base/dist/index.js:130:30
2026-05-16 15:13:46.457 [info] Extension host with pid 32368 exiting with code 0
2026-05-16 15:13:50.333 [info] Extension host with pid 32479 started
2026-05-16 15:13:50.333 [info] Skipping acquiring lock for /home/juan/.config/Antigravity/User/workspaceStorage/9cffb26bdaeb406f0ef88881861630d1.
2026-05-16 15:13:50.471 [info] ExtensionService#_doActivateExtension vscode.git-base, startup: true, activationEvent: '*', root cause: google.antigravity
2026-05-16 15:13:50.482 [info] ExtensionService#_doActivateExtension vscode.npm, startup: true, activationEvent: 'workspaceContains:package.json'
2026-05-16 15:13:50.536 [info] ExtensionService#_doActivateExtension vscode.emmet, startup: false, activationEvent: 'onLanguage'
2026-05-16 15:13:50.774 [info] ExtensionService#_doActivateExtension vscode.configuration-editing, startup: false, activationEvent: 'onLanguage:jsonc'
2026-05-16 15:13:50.795 [info] ExtensionService#_doActivateExtension vscode.json-language-features, startup: false, activationEvent: 'onLanguage:jsonc'
2026-05-16 15:13:50.940 [info] ExtensionService#_doActivateExtension vscode.typescript-language-features, startup: false, activationEvent: 'onLanguage:jsonc'
2026-05-16 15:13:51.151 [info] ExtensionService#_doActivateExtension vscode.git, startup: true, activationEvent: '*', root cause: google.antigravity
2026-05-16 15:13:51.268 [info] ExtensionService#_doActivateExtension vscode.github, startup: true, activationEvent: '*'
2026-05-16 15:13:51.566 [info] ExtensionService#_doActivateExtension google.antigravity, startup: true, activationEvent: '*'
2026-05-16 15:13:52.819 [info] ExtensionService#_doActivateExtension vscode.terminal-suggest, startup: false, activationEvent: 'onTerminalShellIntegration:*'
2026-05-16 15:13:54.537 [info] Eager extensions activated
2026-05-16 15:13:54.542 [info] ExtensionService#_doActivateExtension google.antigravity-dev-containers, startup: false, activationEvent: 'onStartupFinished'
2026-05-16 15:13:54.553 [info] ExtensionService#_doActivateExtension vscode.debug-auto-launch, startup: false, activationEvent: 'onStartupFinished'
2026-05-16 15:13:54.556 [info] ExtensionService#_doActivateExtension vscode.merge-conflict, startup: false, activationEvent: 'onStartupFinished'
2026-05-16 15:13:54.586 [info] ExtensionService#_doActivateExtension Catppuccin.catppuccin-vsc, startup: false, activationEvent: 'onStartupFinished'
2026-05-16 15:13:56.453 [info] ExtensionService#_doActivateExtension vscode.extension-editing, startup: false, activationEvent: 'onLanguage:json'
2026-05-16 15:22:33.144 [error] ConnectError: [unknown] run state not found
	at Tg (/opt/Antigravity/resources/app/extensions/antigravity/dist/extension.js:2:1875100)
	at /opt/Antigravity/resources/app/extensions/antigravity/dist/extension.js:2:1891866
	at next (/opt/Antigravity/resources/app/extensions/antigravity/dist/extension.js:2:1891876)
	at process.processTicksAndRejections (node:internal/process/task_queues:105:5)
	at async /opt/Antigravity/resources/app/extensions/antigravity/dist/extension.js:2:1908491
	at async /opt/Antigravity/resources/app/extensions/antigravity/dist/extension.js:2:1908350
	at async Object.unary (/opt/Antigravity/resources/app/extensions/antigravity/dist/extension.js:2:1889570)
	at async Object.acknowledgeCodeActionStep (/opt/Antigravity/resources/app/extensions/antigravity/dist/extension.js:2:1909714)
2026-05-16 15:24:18.378 [info] ExtensionService#_doActivateExtension vscode.markdown-language-features, startup: false, activationEvent: 'onLanguage:markdown'
2026-05-16 15:24:19.217 [info] ExtensionService#_doActivateExtension vscode.markdown-math, startup: false, activationEvent: 'api', root cause: vscode.markdown-language-features
2026-05-16 15:38:35.141 [info] Extension host terminating: renderer closed the MessagePort
2026-05-16 15:38:35.264 [info] Extension host with pid 32479 exiting with code 0
