2026-05-14 12:08:36.896 [info] Python-envs extension version: 1.20.1
2026-05-14 12:08:36.896 [info] 
=== Python Envs Configuration Levels ===
2026-05-14 12:08:36.896 [info] {
  "section": "Python Envs Configuration Levels",
  "defaultEnvManager": {
    "workspaceFolderValue": "undefined",
    "workspaceValue": "undefined",
    "globalValue": "undefined",
    "defaultValue": "ms-python.python:venv"
  },
  "defaultPackageManager": {
    "workspaceFolderValue": "undefined",
    "workspaceValue": "undefined",
    "globalValue": "undefined",
    "defaultValue": "ms-python.python:pip"
  }
}
2026-05-14 12:08:36.896 [info] [pet] Starting Python Locator /home/juan/.antigravity/extensions/ms-python.python-2026.4.0-universal/python-env-tools/bin/pet server
2026-05-14 12:08:36.896 [error] [pet] Process error: A system error occurred (spawn /home/juan/.antigravity/extensions/ms-python.python-2026.4.0-universal/python-env-tools/bin/pet ENOENT)
2026-05-14 12:08:36.896 [warning] [pet] Restarting Python Environment Tools (attempt 1/3, waiting 1000ms)
2026-05-14 12:08:36.944 [info] Extension for manager ms-python.python:venv is not active: Activating...
2026-05-14 12:08:37.537 [info] Extension for manager ms-python.python:venv is now active.
2026-05-14 12:08:37.865 [info] [pet] Starting Python Locator /home/juan/.antigravity/extensions/ms-python.python-2026.4.0-universal/python-env-tools/bin/pet server
2026-05-14 12:08:37.865 [info] [pet] Python Environment Tools restarted successfully
2026-05-14 12:08:37.869 [info] [pet] configure: Sending configuration update: {"workspaceDirectories":["/home/juan/projects/TermChat"],"environmentDirectories":["/home/juan/projects/TermChat/**/.venv"],"pipenvExecutable":"pipenv","poetryExecutable":"poetry","cacheDirectory":"/home/juan/.config/Antigravity/User/globalStorage/ms-python.vscode-python-envs/pythonLocator"}
2026-05-14 12:08:37.869 [error] [pet] Process error: A system error occurred (spawn /home/juan/.antigravity/extensions/ms-python.python-2026.4.0-universal/python-env-tools/bin/pet ENOENT)
2026-05-14 12:09:07.871 [warning] [pet] Configure request timed out, killing hung process for restart
2026-05-14 12:09:07.871 [error] [pet] configure: Configuration error Request 'configure' timed out after 30000ms
2026-05-14 12:09:07.871 [warning] [pet] Request timed out, killing hung process for restart
2026-05-14 12:09:07.871 [error] [pet] Error refreshing Request 'configure' timed out after 30000ms
2026-05-14 12:09:07.873 [warning] [pet] Restarting Python Environment Tools (attempt 2/3, waiting 2000ms)
2026-05-14 12:09:07.873 [info] Conda not found, turning off conda features. [Error: Request 'configure' timed out after 30000ms
	at Timeout.<anonymous> (/home/juan/.antigravity/extensions/ms-python.vscode-python-envs-1.20.1-universal/dist/extension.js:2:534062)
	at listOnTimeout (node:internal/timers:588:17)
	at process.processTimers (node:internal/timers:523:7)]
2026-05-14 12:09:09.884 [info] [pet] Starting Python Locator /home/juan/.antigravity/extensions/ms-python.python-2026.4.0-universal/python-env-tools/bin/pet server
2026-05-14 12:09:09.884 [info] [pet] Python Environment Tools restarted successfully
2026-05-14 12:09:09.885 [info] [pet] configure: Sending configuration update: {"workspaceDirectories":["/home/juan/projects/TermChat"],"environmentDirectories":["/home/juan/projects/TermChat/**/.venv"],"pipenvExecutable":"pipenv","poetryExecutable":"poetry","cacheDirectory":"/home/juan/.config/Antigravity/User/globalStorage/ms-python.vscode-python-envs/pythonLocator"}
2026-05-14 12:09:09.886 [error] [pet] Process error: A system error occurred (spawn /home/juan/.antigravity/extensions/ms-python.python-2026.4.0-universal/python-env-tools/bin/pet ENOENT)
2026-05-14 12:09:39.887 [warning] [pet] Configure request timed out, killing hung process for restart
2026-05-14 12:09:39.887 [error] [pet] configure: Configuration error Request 'configure' timed out after 30000ms
2026-05-14 12:09:39.887 [warning] [pet] Request timed out, killing hung process for restart
2026-05-14 12:09:39.887 [error] [pet] Error refreshing Request 'configure' timed out after 30000ms
2026-05-14 12:09:39.888 [warning] [pet] Restarting Python Environment Tools (attempt 3/3, waiting 4000ms)
2026-05-14 12:09:39.888 [info] Pipenv not found, turning off pipenv features. If you have pipenv installed in a non-standard location, set the "python.pipenvPath" setting. [Error: Request 'configure' timed out after 30000ms
	at Timeout.<anonymous> (/home/juan/.antigravity/extensions/ms-python.vscode-python-envs-1.20.1-universal/dist/extension.js:2:534062)
	at listOnTimeout (node:internal/timers:588:17)
	at process.processTimers (node:internal/timers:523:7)]
2026-05-14 12:09:43.897 [info] [pet] Starting Python Locator /home/juan/.antigravity/extensions/ms-python.python-2026.4.0-universal/python-env-tools/bin/pet server
2026-05-14 12:09:43.897 [info] [pet] Python Environment Tools restarted successfully
2026-05-14 12:09:43.899 [info] [pet] configure: Sending configuration update: {"workspaceDirectories":["/home/juan/projects/TermChat"],"environmentDirectories":["/home/juan/projects/TermChat/**/.venv"],"pipenvExecutable":"pipenv","poetryExecutable":"poetry","cacheDirectory":"/home/juan/.config/Antigravity/User/globalStorage/ms-python.vscode-python-envs/pythonLocator"}
2026-05-14 12:09:43.899 [error] [pet] Process error: A system error occurred (spawn /home/juan/.antigravity/extensions/ms-python.python-2026.4.0-universal/python-env-tools/bin/pet ENOENT)
2026-05-14 12:10:13.901 [warning] [pet] Configure request timed out, killing hung process for restart
2026-05-14 12:10:13.901 [error] [pet] configure: Configuration error Request 'configure' timed out after 30000ms
2026-05-14 12:10:13.901 [warning] [pet] Request timed out, killing hung process for restart
2026-05-14 12:10:13.901 [error] [pet] Error refreshing Request 'configure' timed out after 30000ms
2026-05-14 12:10:13.902 [info] Pyenv not found, turning off pyenv features. [Error: Request 'configure' timed out after 30000ms
	at Timeout.<anonymous> (/home/juan/.antigravity/extensions/ms-python.vscode-python-envs-1.20.1-universal/dist/extension.js:2:534062)
	at listOnTimeout (node:internal/timers:588:17)
	at process.processTimers (node:internal/timers:523:7)]
2026-05-14 12:10:13.902 [info] Poetry not found, turning off poetry features. [Error: Python Environment Tools (PET) failed after 3 restart attempts. Please reload the window or check the output channel for details. To debug, run "Python Environments: Run Python Environment Tool (PET) in Terminal" from the Command Palette.
	at S.ensureProcessRunning (/home/juan/.antigravity/extensions/ms-python.vscode-python-envs-1.20.1-universal/dist/extension.js:2:535872)
	at S.doRefresh (/home/juan/.antigravity/extensions/ms-python.vscode-python-envs-1.20.1-universal/dist/extension.js:2:540575)
	at c.workerFunc (/home/juan/.antigravity/extensions/ms-python.vscode-python-envs-1.20.1-universal/dist/extension.js:2:535168)
	at o.workFunc (/home/juan/.antigravity/extensions/ms-python.vscode-python-envs-1.20.1-universal/dist/extension.js:2:287619)
	at o.start (/home/juan/.antigravity/extensions/ms-python.vscode-python-envs-1.20.1-universal/dist/extension.js:2:286434)]
2026-05-14 12:10:13.905 [info] [interpreterSelection] Applying initial environment selection for 1 workspace folder(s)
2026-05-14 12:10:13.909 [error] [interpreterSelection] Failed to set environment for /home/juan/projects/TermChat: Error: Python Environment Tools (PET) failed after 3 restart attempts. Please reload the window or check the output channel for details. To debug, run "Python Environments: Run Python Environment Tool (PET) in Terminal" from the Command Palette.
2026-05-14 12:10:13.915 [info] [interpreterSelection] global: none (source: autoDiscovery)
