2026-05-19 11:55:39.399 [warning] Dir "/home/juan/projects/TermChat/.pixi/envs" is not watchable (directory does not exist)
2026-05-19 11:55:39.973 [info] Python interpreter path: ./.venv/bin/python
2026-05-19 11:55:40.003 [info] > pyenv which python
2026-05-19 11:55:40.003 [info] cwd: .
2026-05-19 11:55:41.407 [info] Starting Jedi language server for TermChat.
2026-05-19 11:55:47.966 [info] Running installed packages checker:  {
  id: '/home/juan/projects/TermChat/.venv/bin/python',
  sysPrefix: '/home/juan/projects/TermChat/.venv',
  envType: 'Venv',
  envName: '.venv',
  envPath: '/home/juan/projects/TermChat/.venv',
  path: '/home/juan/projects/TermChat/.venv/bin/python',
  architecture: 3,
  sysVersion: '3.12.13 (main, May 10 2026, 19:30:01) [Clang 22.1.3 ]',
  version: {
    raw: '3.12.13',
    major: 3,
    minor: 12,
    patch: 13,
    build: [],
    prerelease: [ 'final', '0' ]
  },
  displayName: "Python 3.12.13 ('.venv')",
  detailedDisplayName: "Python 3.12.13 ('.venv': venv)",
  type: 'Virtual'
} /home/juan/.vscode-oss/extensions/ms-python.python-2026.4.0-universal/python_files/installed_check.py /home/juan/projects/TermChat/pyproject.toml
2026-05-19 11:55:47.966 [info] > ./.venv/bin/python ~/.vscode-oss/extensions/ms-python.python-2026.4.0-universal/python_files/installed_check.py ./pyproject.toml
2026-05-19 11:55:47.988 [info] Running installed packages checker:  {
  id: '/home/juan/projects/TermChat/.venv/bin/python',
  sysPrefix: '/home/juan/projects/TermChat/.venv',
  envType: 'Venv',
  envName: '.venv',
  envPath: '/home/juan/projects/TermChat/.venv',
  path: '/home/juan/projects/TermChat/.venv/bin/python',
  architecture: 3,
  sysVersion: '3.12.13 (main, May 10 2026, 19:30:01) [Clang 22.1.3 ]',
  version: {
    raw: '3.12.13',
    major: 3,
    minor: 12,
    patch: 13,
    build: [],
    prerelease: [ 'final', '0' ]
  },
  displayName: "Python 3.12.13 ('.venv')",
  detailedDisplayName: "Python 3.12.13 ('.venv': venv)",
  type: 'Virtual'
} /home/juan/.vscode-oss/extensions/ms-python.python-2026.4.0-universal/python_files/installed_check.py /home/juan/projects/TermChat/pyproject.toml
2026-05-19 11:55:47.988 [info] > ./.venv/bin/python ~/.vscode-oss/extensions/ms-python.python-2026.4.0-universal/python_files/installed_check.py ./pyproject.toml
2026-05-19 12:14:39.144 [info] Running installed packages checker:  {
  id: '/home/juan/projects/TermChat/.venv/bin/python',
  sysPrefix: '/home/juan/projects/TermChat/.venv',
  envType: 'Venv',
  envName: '.venv',
  envPath: '/home/juan/projects/TermChat/.venv',
  path: '/home/juan/projects/TermChat/.venv/bin/python',
  architecture: 3,
  sysVersion: '3.12.13 (main, May 10 2026, 19:30:01) [Clang 22.1.3 ]',
  version: {
    raw: '3.12.13',
    major: 3,
    minor: 12,
    patch: 13,
    build: [],
    prerelease: [ 'final', '0' ]
  },
  displayName: "Python 3.12.13 ('.venv')",
  detailedDisplayName: "Python 3.12.13 ('.venv': venv)",
  type: 'Virtual'
} /home/juan/.vscode-oss/extensions/ms-python.python-2026.4.0-universal/python_files/installed_check.py /home/juan/projects/TermChat/pyproject.toml
2026-05-19 12:14:39.169 [info] > ./.venv/bin/python ~/.vscode-oss/extensions/ms-python.python-2026.4.0-universal/python_files/installed_check.py ./pyproject.toml
2026-05-19 12:14:39.183 [info] Running installed packages checker:  {
  id: '/home/juan/projects/TermChat/.venv/bin/python',
  sysPrefix: '/home/juan/projects/TermChat/.venv',
  envType: 'Venv',
  envName: '.venv',
  envPath: '/home/juan/projects/TermChat/.venv',
  path: '/home/juan/projects/TermChat/.venv/bin/python',
  architecture: 3,
  sysVersion: '3.12.13 (main, May 10 2026, 19:30:01) [Clang 22.1.3 ]',
  version: {
    raw: '3.12.13',
    major: 3,
    minor: 12,
    patch: 13,
    build: [],
    prerelease: [ 'final', '0' ]
  },
  displayName: "Python 3.12.13 ('.venv')",
  detailedDisplayName: "Python 3.12.13 ('.venv': venv)",
  type: 'Virtual'
} /home/juan/.vscode-oss/extensions/ms-python.python-2026.4.0-universal/python_files/installed_check.py /home/juan/projects/TermChat/pyproject.toml
2026-05-19 12:14:39.184 [info] > ./.venv/bin/python ~/.vscode-oss/extensions/ms-python.python-2026.4.0-universal/python_files/installed_check.py ./pyproject.toml
2026-05-19 12:14:39.241 [info] Running installed packages checker:  {
  id: '/home/juan/projects/TermChat/.venv/bin/python',
  sysPrefix: '/home/juan/projects/TermChat/.venv',
  envType: 'Venv',
  envName: '.venv',
  envPath: '/home/juan/projects/TermChat/.venv',
  path: '/home/juan/projects/TermChat/.venv/bin/python',
  architecture: 3,
  sysVersion: '3.12.13 (main, May 10 2026, 19:30:01) [Clang 22.1.3 ]',
  version: {
    raw: '3.12.13',
    major: 3,
    minor: 12,
    patch: 13,
    build: [],
    prerelease: [ 'final', '0' ]
  },
  displayName: "Python 3.12.13 ('.venv')",
  detailedDisplayName: "Python 3.12.13 ('.venv': venv)",
  type: 'Virtual'
} /home/juan/.vscode-oss/extensions/ms-python.python-2026.4.0-universal/python_files/installed_check.py /home/juan/projects/TermChat/pyproject.toml
2026-05-19 12:14:39.241 [info] > ./.venv/bin/python ~/.vscode-oss/extensions/ms-python.python-2026.4.0-universal/python_files/installed_check.py ./pyproject.toml
2026-05-19 12:15:12.218 [info] Running installed packages checker:  {
  id: '/home/juan/projects/TermChat/.venv/bin/python',
  sysPrefix: '/home/juan/projects/TermChat/.venv',
  envType: 'Venv',
  envName: '.venv',
  envPath: '/home/juan/projects/TermChat/.venv',
  path: '/home/juan/projects/TermChat/.venv/bin/python',
  architecture: 3,
  sysVersion: '3.12.13 (main, May 10 2026, 19:30:01) [Clang 22.1.3 ]',
  version: {
    raw: '3.12.13',
    major: 3,
    minor: 12,
    patch: 13,
    build: [],
    prerelease: [ 'final', '0' ]
  },
  displayName: "Python 3.12.13 ('.venv')",
  detailedDisplayName: "Python 3.12.13 ('.venv': venv)",
  type: 'Virtual'
} /home/juan/.vscode-oss/extensions/ms-python.python-2026.4.0-universal/python_files/installed_check.py /home/juan/projects/TermChat/pyproject.toml
2026-05-19 12:15:12.218 [info] > ./.venv/bin/python ~/.vscode-oss/extensions/ms-python.python-2026.4.0-universal/python_files/installed_check.py ./pyproject.toml
2026-05-19 12:16:01.720 [info] Running installed packages checker:  {
  id: '/home/juan/projects/TermChat/.venv/bin/python',
  sysPrefix: '/home/juan/projects/TermChat/.venv',
  envType: 'Venv',
  envName: '.venv',
  envPath: '/home/juan/projects/TermChat/.venv',
  path: '/home/juan/projects/TermChat/.venv/bin/python',
  architecture: 3,
  sysVersion: '3.12.13 (main, May 10 2026, 19:30:01) [Clang 22.1.3 ]',
  version: {
    raw: '3.12.13',
    major: 3,
    minor: 12,
    patch: 13,
    build: [],
    prerelease: [ 'final', '0' ]
  },
  displayName: "Python 3.12.13 ('.venv')",
  detailedDisplayName: "Python 3.12.13 ('.venv': venv)",
  type: 'Virtual'
} /home/juan/.vscode-oss/extensions/ms-python.python-2026.4.0-universal/python_files/installed_check.py /home/juan/projects/TermChat/pyproject.toml
2026-05-19 12:16:01.721 [info] > ./.venv/bin/python ~/.vscode-oss/extensions/ms-python.python-2026.4.0-universal/python_files/installed_check.py ./pyproject.toml
2026-05-19 12:48:55.811 [info] Running installed packages checker:  {
  id: '/home/juan/projects/TermChat/.venv/bin/python',
  sysPrefix: '/home/juan/projects/TermChat/.venv',
  envType: 'Venv',
  envName: '.venv',
  envPath: '/home/juan/projects/TermChat/.venv',
  path: '/home/juan/projects/TermChat/.venv/bin/python',
  architecture: 3,
  sysVersion: '3.12.13 (main, May 10 2026, 19:30:01) [Clang 22.1.3 ]',
  version: {
    raw: '3.12.13',
    major: 3,
    minor: 12,
    patch: 13,
    build: [],
    prerelease: [ 'final', '0' ]
  },
  displayName: "Python 3.12.13 ('.venv')",
  detailedDisplayName: "Python 3.12.13 ('.venv': venv)",
  type: 'Virtual'
} /home/juan/.vscode-oss/extensions/ms-python.python-2026.4.0-universal/python_files/installed_check.py /home/juan/projects/TermChat/pyproject.toml
2026-05-19 12:48:55.812 [info] > ./.venv/bin/python ~/.vscode-oss/extensions/ms-python.python-2026.4.0-universal/python_files/installed_check.py ./pyproject.toml
2026-05-19 12:48:55.829 [info] Running installed packages checker:  {
  id: '/home/juan/projects/TermChat/.venv/bin/python',
  sysPrefix: '/home/juan/projects/TermChat/.venv',
  envType: 'Venv',
  envName: '.venv',
  envPath: '/home/juan/projects/TermChat/.venv',
  path: '/home/juan/projects/TermChat/.venv/bin/python',
  architecture: 3,
  sysVersion: '3.12.13 (main, May 10 2026, 19:30:01) [Clang 22.1.3 ]',
  version: {
    raw: '3.12.13',
    major: 3,
    minor: 12,
    patch: 13,
    build: [],
    prerelease: [ 'final', '0' ]
  },
  displayName: "Python 3.12.13 ('.venv')",
  detailedDisplayName: "Python 3.12.13 ('.venv': venv)",
  type: 'Virtual'
} /home/juan/.vscode-oss/extensions/ms-python.python-2026.4.0-universal/python_files/installed_check.py /home/juan/projects/TermChat/pyproject.toml
2026-05-19 12:48:55.829 [info] > ./.venv/bin/python ~/.vscode-oss/extensions/ms-python.python-2026.4.0-universal/python_files/installed_check.py ./pyproject.toml
2026-05-19 12:48:55.976 [info] Running installed packages checker:  {
  id: '/home/juan/projects/TermChat/.venv/bin/python',
  sysPrefix: '/home/juan/projects/TermChat/.venv',
  envType: 'Venv',
  envName: '.venv',
  envPath: '/home/juan/projects/TermChat/.venv',
  path: '/home/juan/projects/TermChat/.venv/bin/python',
  architecture: 3,
  sysVersion: '3.12.13 (main, May 10 2026, 19:30:01) [Clang 22.1.3 ]',
  version: {
    raw: '3.12.13',
    major: 3,
    minor: 12,
    patch: 13,
    build: [],
    prerelease: [ 'final', '0' ]
  },
  displayName: "Python 3.12.13 ('.venv')",
  detailedDisplayName: "Python 3.12.13 ('.venv': venv)",
  type: 'Virtual'
} /home/juan/.vscode-oss/extensions/ms-python.python-2026.4.0-universal/python_files/installed_check.py /home/juan/projects/TermChat/pyproject.toml
2026-05-19 12:48:55.976 [info] > ./.venv/bin/python ~/.vscode-oss/extensions/ms-python.python-2026.4.0-universal/python_files/installed_check.py ./pyproject.toml
2026-05-19 12:51:29.111 [info] Running installed packages checker:  {
  id: '/home/juan/projects/TermChat/.venv/bin/python',
  sysPrefix: '/home/juan/projects/TermChat/.venv',
  envType: 'Venv',
  envName: '.venv',
  envPath: '/home/juan/projects/TermChat/.venv',
  path: '/home/juan/projects/TermChat/.venv/bin/python',
  architecture: 3,
  sysVersion: '3.12.13 (main, May 10 2026, 19:30:01) [Clang 22.1.3 ]',
  version: {
    raw: '3.12.13',
    major: 3,
    minor: 12,
    patch: 13,
    build: [],
    prerelease: [ 'final', '0' ]
  },
  displayName: "Python 3.12.13 ('.venv')",
  detailedDisplayName: "Python 3.12.13 ('.venv': venv)",
  type: 'Virtual'
} /home/juan/.vscode-oss/extensions/ms-python.python-2026.4.0-universal/python_files/installed_check.py /home/juan/projects/TermChat/pyproject.toml
2026-05-19 12:51:29.111 [info] > ./.venv/bin/python ~/.vscode-oss/extensions/ms-python.python-2026.4.0-universal/python_files/installed_check.py ./pyproject.toml
2026-05-19 12:55:11.257 [info] Running installed packages checker:  {
  id: '/home/juan/projects/TermChat/.venv/bin/python',
  sysPrefix: '/home/juan/projects/TermChat/.venv',
  envType: 'Venv',
  envName: '.venv',
  envPath: '/home/juan/projects/TermChat/.venv',
  path: '/home/juan/projects/TermChat/.venv/bin/python',
  architecture: 3,
  sysVersion: '3.12.13 (main, May 10 2026, 19:30:01) [Clang 22.1.3 ]',
  version: {
    raw: '3.12.13',
    major: 3,
    minor: 12,
    patch: 13,
    build: [],
    prerelease: [ 'final', '0' ]
  },
  displayName: "Python 3.12.13 ('.venv')",
  detailedDisplayName: "Python 3.12.13 ('.venv': venv)",
  type: 'Virtual'
} /home/juan/.vscode-oss/extensions/ms-python.python-2026.4.0-universal/python_files/installed_check.py /home/juan/projects/TermChat/pyproject.toml
2026-05-19 12:55:11.257 [info] > ./.venv/bin/python ~/.vscode-oss/extensions/ms-python.python-2026.4.0-universal/python_files/installed_check.py ./pyproject.toml
